Archive member included to satisfy reference by file (symbol)

C:\Users\alberto\STM32Cube\Repository\STM32Cube_FW_H7_V1.7.0\Drivers\CMSIS/Lib/GCC\libarm_cortexM7lfsp_math.a(arm_fir_decimate_init_f32.o)
                              Core/Src/main.o (arm_fir_decimate_init_f32)
c:/st/stm32cubeide_1.3.0/stm32cubeide/plugins/com.st.stm32cube.ide.mcu.externaltools.gnu-tools-for-stm32.7-2018-q2-update.win32_1.5.0.202011040924/tools/bin/../lib/gcc/arm-none-eabi/7.3.1/../../../../arm-none-eabi/lib/thumb/v7e-m/fpv5/hard\libc_nano.a(lib_a-errno.o)
                              Core/Src/syscalls.o (__errno)
c:/st/stm32cubeide_1.3.0/stm32cubeide/plugins/com.st.stm32cube.ide.mcu.externaltools.gnu-tools-for-stm32.7-2018-q2-update.win32_1.5.0.202011040924/tools/bin/../lib/gcc/arm-none-eabi/7.3.1/../../../../arm-none-eabi/lib/thumb/v7e-m/fpv5/hard\libc_nano.a(lib_a-exit.o)
                              c:/st/stm32cubeide_1.3.0/stm32cubeide/plugins/com.st.stm32cube.ide.mcu.externaltools.gnu-tools-for-stm32.7-2018-q2-update.win32_1.5.0.202011040924/tools/bin/../lib/gcc/arm-none-eabi/7.3.1/../../../../arm-none-eabi/lib/thumb/v7e-m/fpv5/hard/crt0.o (exit)
c:/st/stm32cubeide_1.3.0/stm32cubeide/plugins/com.st.stm32cube.ide.mcu.externaltools.gnu-tools-for-stm32.7-2018-q2-update.win32_1.5.0.202011040924/tools/bin/../lib/gcc/arm-none-eabi/7.3.1/../../../../arm-none-eabi/lib/thumb/v7e-m/fpv5/hard\libc_nano.a(lib_a-impure.o)
                              c:/st/stm32cubeide_1.3.0/stm32cubeide/plugins/com.st.stm32cube.ide.mcu.externaltools.gnu-tools-for-stm32.7-2018-q2-update.win32_1.5.0.202011040924/tools/bin/../lib/gcc/arm-none-eabi/7.3.1/../../../../arm-none-eabi/lib/thumb/v7e-m/fpv5/hard\libc_nano.a(lib_a-exit.o) (_global_impure_ptr)
c:/st/stm32cubeide_1.3.0/stm32cubeide/plugins/com.st.stm32cube.ide.mcu.externaltools.gnu-tools-for-stm32.7-2018-q2-update.win32_1.5.0.202011040924/tools/bin/../lib/gcc/arm-none-eabi/7.3.1/../../../../arm-none-eabi/lib/thumb/v7e-m/fpv5/hard\libc_nano.a(lib_a-init.o)
                              c:/st/stm32cubeide_1.3.0/stm32cubeide/plugins/com.st.stm32cube.ide.mcu.externaltools.gnu-tools-for-stm32.7-2018-q2-update.win32_1.5.0.202011040924/tools/bin/../lib/gcc/arm-none-eabi/7.3.1/../../../../arm-none-eabi/lib/thumb/v7e-m/fpv5/hard/crt0.o (__libc_init_array)
c:/st/stm32cubeide_1.3.0/stm32cubeide/plugins/com.st.stm32cube.ide.mcu.externaltools.gnu-tools-for-stm32.7-2018-q2-update.win32_1.5.0.202011040924/tools/bin/../lib/gcc/arm-none-eabi/7.3.1/../../../../arm-none-eabi/lib/thumb/v7e-m/fpv5/hard\libc_nano.a(lib_a-malloc.o)
                              Middlewares/ST/STM32_USB_Device_Library/Class/CDC/Src/usbd_cdc.o (malloc)
c:/st/stm32cubeide_1.3.0/stm32cubeide/plugins/com.st.stm32cube.ide.mcu.externaltools.gnu-tools-for-stm32.7-2018-q2-update.win32_1.5.0.202011040924/tools/bin/../lib/gcc/arm-none-eabi/7.3.1/../../../../arm-none-eabi/lib/thumb/v7e-m/fpv5/hard\libc_nano.a(lib_a-memset.o)
                              c:/st/stm32cubeide_1.3.0/stm32cubeide/plugins/com.st.stm32cube.ide.mcu.externaltools.gnu-tools-for-stm32.7-2018-q2-update.win32_1.5.0.202011040924/tools/bin/../lib/gcc/arm-none-eabi/7.3.1/../../../../arm-none-eabi/lib/thumb/v7e-m/fpv5/hard/crt0.o (memset)
c:/st/stm32cubeide_1.3.0/stm32cubeide/plugins/com.st.stm32cube.ide.mcu.externaltools.gnu-tools-for-stm32.7-2018-q2-update.win32_1.5.0.202011040924/tools/bin/../lib/gcc/arm-none-eabi/7.3.1/../../../../arm-none-eabi/lib/thumb/v7e-m/fpv5/hard\libc_nano.a(lib_a-nano-freer.o)
                              c:/st/stm32cubeide_1.3.0/stm32cubeide/plugins/com.st.stm32cube.ide.mcu.externaltools.gnu-tools-for-stm32.7-2018-q2-update.win32_1.5.0.202011040924/tools/bin/../lib/gcc/arm-none-eabi/7.3.1/../../../../arm-none-eabi/lib/thumb/v7e-m/fpv5/hard\libc_nano.a(lib_a-malloc.o) (_free_r)
c:/st/stm32cubeide_1.3.0/stm32cubeide/plugins/com.st.stm32cube.ide.mcu.externaltools.gnu-tools-for-stm32.7-2018-q2-update.win32_1.5.0.202011040924/tools/bin/../lib/gcc/arm-none-eabi/7.3.1/../../../../arm-none-eabi/lib/thumb/v7e-m/fpv5/hard\libc_nano.a(lib_a-nano-mallocr.o)
                              c:/st/stm32cubeide_1.3.0/stm32cubeide/plugins/com.st.stm32cube.ide.mcu.externaltools.gnu-tools-for-stm32.7-2018-q2-update.win32_1.5.0.202011040924/tools/bin/../lib/gcc/arm-none-eabi/7.3.1/../../../../arm-none-eabi/lib/thumb/v7e-m/fpv5/hard\libc_nano.a(lib_a-malloc.o) (_malloc_r)
c:/st/stm32cubeide_1.3.0/stm32cubeide/plugins/com.st.stm32cube.ide.mcu.externaltools.gnu-tools-for-stm32.7-2018-q2-update.win32_1.5.0.202011040924/tools/bin/../lib/gcc/arm-none-eabi/7.3.1/../../../../arm-none-eabi/lib/thumb/v7e-m/fpv5/hard\libc_nano.a(lib_a-nano-vfprintf_float.o)
                              (_printf_float)
c:/st/stm32cubeide_1.3.0/stm32cubeide/plugins/com.st.stm32cube.ide.mcu.externaltools.gnu-tools-for-stm32.7-2018-q2-update.win32_1.5.0.202011040924/tools/bin/../lib/gcc/arm-none-eabi/7.3.1/../../../../arm-none-eabi/lib/thumb/v7e-m/fpv5/hard\libc_nano.a(lib_a-nano-vfprintf_i.o)
[...]
Memory Configuration

Name             Origin             Length             Attributes
DTCMRAM          0x0000000020000000 0x0000000000020000 xrw
ITCMRAM          0x0000000000000000 0x0000000000010000 xrw
RAM_D1           0x0000000024000000 0x0000000000080000 xrw
RAM_D2           0x0000000030000000 0x0000000000048000 xrw
RAM_D3           0x0000000038000000 0x0000000000010000 xrw
FLASH            0x0000000008000000 0x0000000000020000 xr
*default*        0x0000000000000000 0xffffffffffffffff

Linker script and memory map

LOAD c:/st/stm32cubeide_1.3.0/stm32cubeide/plugins/com.st.stm32cube.ide.mcu.externaltools.gnu-tools-for-stm32.7-2018-q2-update.win32_1.5.0.202011040924/tools/bin/../lib/gcc/arm-none-eabi/7.3.1/thumb/v7e-m/fpv5/hard/crti.o
LOAD c:/st/stm32cubeide_1.3.0/stm32cubeide/plugins/com.st.stm32cube.ide.mcu.externaltools.gnu-tools-for-stm32.7-2018-q2-update.win32_1.5.0.202011040924/tools/bin/../lib/gcc/arm-none-eabi/7.3.1/thumb/v7e-m/fpv5/hard/crtbegin.o
LOAD c:/st/stm32cubeide_1.3.0/stm32cubeide/plugins/com.st.stm32cube.ide.mcu.externaltools.gnu-tools-for-stm32.7-2018-q2-update.win32_1.5.0.202011040924/tools/bin/../lib/gcc/arm-none-eabi/7.3.1/../../../../arm-none-eabi/lib/thumb/v7e-m/fpv5/hard/crt0.o
LOAD Core/Src/SDR_func.o
LOAD Core/Src/SDR_math.o
LOAD Core/Src/main.o
LOAD Core/Src/stm32h7xx_hal_msp.o
LOAD Core/Src/stm32h7xx_it.o
LOAD Core/Src/syscalls.o
LOAD Core/Src/sysmem.o
LOAD Core/Src/system_stm32h7xx.o
LOAD Core/Startup/startup_stm32h750vbtx.o
LOAD Drivers/STM32H7xx_HAL_Driver/Src/stm32h7xx_hal.o
LOAD Drivers/STM32H7xx_HAL_Driver/Src/stm32h7xx_hal_adc.o
LOAD Drivers/STM32H7xx_HAL_Driver/Src/stm32h7xx_hal_adc_ex.o
LOAD Drivers/STM32H7xx_HAL_Driver/Src/stm32h7xx_hal_cortex.o
LOAD Drivers/STM32H7xx_HAL_Driver/Src/stm32h7xx_hal_dac.o
LOAD Drivers/STM32H7xx_HAL_Driver/Src/stm32h7xx_hal_dac_ex.o
LOAD Drivers/STM32H7xx_HAL_Driver/Src/stm32h7xx_hal_dma.o
LOAD Drivers/STM32H7xx_HAL_Driver/Src/stm32h7xx_hal_dma_ex.o
LOAD Drivers/STM32H7xx_HAL_Driver/Src/stm32h7xx_hal_exti.o
LOAD Drivers/STM32H7xx_HAL_Driver/Src/stm32h7xx_hal_flash.o
LOAD Drivers/STM32H7xx_HAL_Driver/Src/stm32h7xx_hal_flash_ex.o
LOAD Drivers/STM32H7xx_HAL_Driver/Src/stm32h7xx_hal_gpio.o
LOAD Drivers/STM32H7xx_HAL_Driver/Src/stm32h7xx_hal_hsem.o
LOAD Drivers/STM32H7xx_HAL_Driver/Src/stm32h7xx_hal_i2c.o
LOAD Drivers/STM32H7xx_HAL_Driver/Src/stm32h7xx_hal_i2c_ex.o
LOAD Drivers/STM32H7xx_HAL_Driver/Src/stm32h7xx_hal_lptim.o
LOAD Drivers/STM32H7xx_HAL_Driver/Src/stm32h7xx_hal_mdma.o
LOAD Drivers/STM32H7xx_HAL_Driver/Src/stm32h7xx_hal_pcd.o
LOAD Drivers/STM32H7xx_HAL_Driver/Src/stm32h7xx_hal_pcd_ex.o
LOAD Drivers/STM32H7xx_HAL_Driver/Src/stm32h7xx_hal_pwr.o
LOAD Drivers/STM32H7xx_HAL_Driver/Src/stm32h7xx_hal_pwr_ex.o
LOAD Drivers/STM32H7xx_HAL_Driver/Src/stm32h7xx_hal_rcc.o
LOAD Drivers/STM32H7xx_HAL_Driver/Src/stm32h7xx_hal_rcc_ex.o
LOAD Drivers/STM32H7xx_HAL_Driver/Src/stm32h7xx_hal_tim.o
LOAD Drivers/STM32H7xx_HAL_Driver/Src/stm32h7xx_hal_tim_ex.o
LOAD Drivers/STM32H7xx_HAL_Driver/Src/stm32h7xx_hal_uart.o
LOAD Drivers/STM32H7xx_HAL_Driver/Src/stm32h7xx_hal_uart_ex.o
LOAD Drivers/STM32H7xx_HAL_Driver/Src/stm32h7xx_ll_usb.o
LOAD Middlewares/ST/STM32_USB_Device_Library/Class/CDC/Src/usbd_cdc.o
LOAD Middlewares/ST/STM32_USB_Device_Library/Core/Src/usbd_core.o
LOAD Middlewares/ST/STM32_USB_Device_Library/Core/Src/usbd_ctlreq.o
LOAD Middlewares/ST/STM32_USB_Device_Library/Core/Src/usbd_ioreq.o
LOAD USB_DEVICE/App/usb_device.o
LOAD USB_DEVICE/App/usbd_cdc_if.o
LOAD USB_DEVICE/App/usbd_desc.o
LOAD USB_DEVICE/Target/usbd_conf.o
LOAD C:\Users\alberto\STM32Cube\Repository\STM32Cube_FW_H7_V1.7.0\Drivers\CMSIS/Lib/GCC\libarm_cortexM7lfsp_math.a
START GROUP
LOAD c:/st/stm32cubeide_1.3.0/stm32cubeide/plugins/com.st.stm32cube.ide.mcu.externaltools.gnu-tools-for-stm32.7-2018-q2-update.win32_1.5.0.202011040924/tools/bin/../lib/gcc/arm-none-eabi/7.3.1/../../../../arm-none-eabi/lib/thumb/v7e-m/fpv5/hard\libc_nano.a
LOAD c:/st/stm32cubeide_1.3.0/stm32cubeide/plugins/com.st.stm32cube.ide.mcu.externaltools.gnu-tools-for-stm32.7-2018-q2-update.win32_1.5.0.202011040924/tools/bin/../lib/gcc/arm-none-eabi/7.3.1/../../../../arm-none-eabi/lib/thumb/v7e-m/fpv5/hard\libm.a
END GROUP
START GROUP
LOAD c:/st/stm32cubeide_1.3.0/stm32cubeide/plugins/com.st.stm32cube.ide.mcu.externaltools.gnu-tools-for-stm32.7-2018-q2-update.win32_1.5.0.202011040924/tools/bin/../lib/gcc/arm-none-eabi/7.3.1/thumb/v7e-m/fpv5/hard\libgcc.a
LOAD c:/st/stm32cubeide_1.3.0/stm32cubeide/plugins/com.st.stm32cube.ide.mcu.externaltools.gnu-tools-for-stm32.7-2018-q2-update.win32_1.5.0.202011040924/tools/bin/../lib/gcc/arm-none-eabi/7.3.1/../../../../arm-none-eabi/lib/thumb/v7e-m/fpv5/hard\libc_nano.a
END GROUP
START GROUP
LOAD c:/st/stm32cubeide_1.3.0/stm32cubeide/plugins/com.st.stm32cube.ide.mcu.externaltools.gnu-tools-for-stm32.7-2018-q2-update.win32_1.5.0.202011040924/tools/bin/../lib/gcc/arm-none-eabi/7.3.1/thumb/v7e-m/fpv5/hard\libgcc.a
LOAD c:/st/stm32cubeide_1.3.0/stm32cubeide/plugins/com.st.stm32cube.ide.mcu.externaltools.gnu-tools-for-stm32.7-2018-q2-update.win32_1.5.0.202011040924/tools/bin/../lib/gcc/arm-none-eabi/7.3.1/../../../../arm-none-eabi/lib/thumb/v7e-m/fpv5/hard\libc_nano.a
LOAD c:/st/stm32cubeide_1.3.0/stm32cubeide/plugins/com.st.stm32cube.ide.mcu.externaltools.gnu-tools-for-stm32.7-2018-q2-update.win32_1.5.0.202011040924/tools/bin/../lib/gcc/arm-none-eabi/7.3.1/../../../../arm-none-eabi/lib/thumb/v7e-m/fpv5/hard\libnosys.a
END GROUP
START GROUP
LOAD c:/st/stm32cubeide_1.3.0/stm32cubeide/plugins/com.st.stm32cube.ide.mcu.externaltools.gnu-tools-for-stm32.7-2018-q2-update.win32_1.5.0.202011040924/tools/bin/../lib/gcc/arm-none-eabi/7.3.1/thumb/v7e-m/fpv5/hard\libgcc.a
LOAD c:/st/stm32cubeide_1.3.0/stm32cubeide/plugins/com.st.stm32cube.ide.mcu.externaltools.gnu-tools-for-stm32.7-2018-q2-update.win32_1.5.0.202011040924/tools/bin/../lib/gcc/arm-none-eabi/7.3.1/../../../../arm-none-eabi/lib/thumb/v7e-m/fpv5/hard\libc_nano.a
LOAD c:/st/stm32cubeide_1.3.0/stm32cubeide/plugins/com.st.stm32cube.ide.mcu.externaltools.gnu-tools-for-stm32.7-2018-q2-update.win32_1.5.0.202011040924/tools/bin/../lib/gcc/arm-none-eabi/7.3.1/../../../../arm-none-eabi/lib/thumb/v7e-m/fpv5/hard\libnosys.a
END GROUP
LOAD c:/st/stm32cubeide_1.3.0/stm32cubeide/plugins/com.st.stm32cube.ide.mcu.externaltools.gnu-tools-for-stm32.7-2018-q2-update.win32_1.5.0.202011040924/tools/bin/../lib/gcc/arm-none-eabi/7.3.1/thumb/v7e-m/fpv5/hard/crtend.o
LOAD c:/st/stm32cubeide_1.3.0/stm32cubeide/plugins/com.st.stm32cube.ide.mcu.externaltools.gnu-tools-for-stm32.7-2018-q2-update.win32_1.5.0.202011040924/tools/bin/../lib/gcc/arm-none-eabi/7.3.1/thumb/v7e-m/fpv5/hard/crtn.o
                0x0000000024080000                _estack = (ORIGIN (RAM_D1) + LENGTH (RAM_D1))
                0x0000000000000200                _Min_Heap_Size = 0x200
                0x0000000000000400                _Min_Stack_Size = 0x400

.isr_vector     0x0000000008000000      0x298
                0x0000000008000000                . = ALIGN (0x4)
 *(.isr_vector)
 .isr_vector    0x0000000008000000      0x298 Core/Startup/startup_stm32h750vbtx.o
                0x0000000008000000                g_pfnVectors
                0x0000000008000298                . = ALIGN (0x4)

.text           0x00000000080002a0     0xd5b4
                0x00000000080002a0                . = ALIGN (0x4)
 *(.text)
 .text          0x00000000080002a0       0x40 c:/st/stm32cubeide_1.3.0/stm32cubeide/plugins/com.st.stm32cube.ide.mcu.externaltools.gnu-tools-for-stm32.7-2018-q2-update.win32_1.5.0.202011040924/tools/bin/../lib/gcc/arm-none-eabi/7.3.1/thumb/v7e-m/fpv5/hard/crtbegin.o
 .text          0x00000000080002e0       0x10 c:/st/stm32cubeide_1.3.0/stm32cubeide/plugins/com.st.stm32cube.ide.mcu.externaltools.gnu-tools-for-stm32.7-2018-q2-update.win32_1.5.0.202011040924/tools/bin/../lib/gcc/arm-none-eabi/7.3.1/../../../../arm-none-eabi/lib/thumb/v7e-m/fpv5/hard\libc_nano.a(lib_a-strlen.o)
                0x00000000080002e0                strlen
 .text          0x00000000080002f0       0xa0 c:/st/stm32cubeide_1.3.0/stm32cubeide/plugins/com.st.stm32cube.ide.mcu.externaltools.gnu-tools-for-stm32.7-2018-q2-update.win32_1.5.0.202011040924/tools/bin/../lib/gcc/arm-none-eabi/7.3.1/../../../../arm-none-eabi/lib/thumb/v7e-m/fpv5/hard\libc_nano.a(lib_a-memchr.o)
                0x00000000080002f0                memchr
 .text          0x0000000008000390       0x30 c:/st/stm32cubeide_1.3.0/stm32cubeide/plugins/com.st.stm32cube.ide.mcu.externaltools.gnu-tools-for-stm32.7-2018-q2-update.win32_1.5.0.202011040924/tools/bin/../lib/gcc/arm-none-eabi/7.3.1/thumb/v7e-m/fpv5/hard\libgcc.a(_aeabi_uldivmod.o)
                0x0000000008000390                __aeabi_uldivmod
 .text          0x00000000080003c0      0x2cc c:/st/stm32cubeide_1.3.0/stm32cubeide/plugins/com.st.stm32cube.ide.mcu.externaltools.gnu-tools-for-stm32.7-2018-q2-update.win32_1.5.0.202011040924/tools/bin/../lib/gcc/arm-none-eabi/7.3.1/thumb/v7e-m/fpv5/hard\libgcc.a(_udivmoddi4.o)
                0x00000000080003c0                __udivmoddi4
 .text          0x000000000800068c        0x4 c:/st/stm32cubeide_1.3.0/stm32cubeide/plugins/com.st.stm32cube.ide.mcu.externaltools.gnu-tools-for-stm32.7-2018-q2-update.win32_1.5.0.202011040924/tools/bin/../lib/gcc/arm-none-eabi/7.3.1/thumb/v7e-m/fpv5/hard\libgcc.a(_dvmd_tls.o)
                0x000000000800068c                __aeabi_idiv0
                0x000000000800068c                __aeabi_ldiv0
 *(.text*)
 .text.Load_Presets
                0x0000000008000690       0x54 Core/Src/SDR_func.o
                0x0000000008000690                Load_Presets
 .text.Tune_Preset
                0x00000000080006e4      0x1c0 Core/Src/SDR_func.o
                0x00000000080006e4                Tune_Preset
 .text.SetBW    0x00000000080008a4       0x44 Core/Src/SDR_func.o
                0x00000000080008a4                SetBW
 .text.SetAGC   0x00000000080008e8       0xac Core/Src/SDR_func.o
                0x00000000080008e8                SetAGC
 .text.SetMode  0x0000000008000994      0x158 Core/Src/SDR_func.o
                0x0000000008000994                SetMode
 .text.SetFstep
                0x0000000008000aec       0x28 Core/Src/SDR_func.o
                0x0000000008000aec                SetFstep
 .text.FplusClicked
                0x0000000008000b14      0x1c8 Core/Src/SDR_func.o
                0x0000000008000b14                FplusClicked
 .text.FminusClicked
                0x0000000008000cdc      0x1c8 Core/Src/SDR_func.o
                0x0000000008000cdc                FminusClicked
 .text.LED_switch
                0x0000000008000ea4        0x4 Core/Src/SDR_func.o
                0x0000000008000ea4                LED_switch
 .text.HAL_GPIO_EXTI_Callback
                0x0000000008000ea8        0x4 Core/Src/SDR_func.o
                0x0000000008000ea8                HAL_GPIO_EXTI_Callback
 .text.ADC_Stream0_Handler
                0x0000000008000eac      0x830 Core/Src/SDR_func.o
                0x0000000008000eac                ADC_Stream0_Handler
 .text.SDR_ComputeLO
                0x00000000080016dc      0x178 Core/Src/SDR_math.o
                0x00000000080016dc                SDR_ComputeLO
 .text.SDR_2R_toC_f32
                0x0000000008001854       0x64 Core/Src/SDR_math.o
                0x0000000008001854                SDR_2R_toC_f32
 .text.SDR_downconvert_f32
                0x00000000080018b8       0xe4 Core/Src/SDR_math.o
                0x00000000080018b8                SDR_downconvert_f32
 .text.SDR_compute_IIR_parms
                0x000000000800199c       0xd4 Core/Src/SDR_math.o
                0x000000000800199c                SDR_compute_IIR_parms
 .text.HAL_ADC_ConvCpltCallback
                0x0000000008001a70       0x3c Core/Src/main.o
                0x0000000008001a70                HAL_ADC_ConvCpltCallback
 .text.HAL_ADC_ConvHalfCpltCallback
                0x0000000008001aac       0x3c Core/Src/main.o
                0x0000000008001aac                HAL_ADC_ConvHalfCpltCallback
 .text.HAL_DAC_ConvCpltCallbackCh1
                0x0000000008001ae8       0x24 Core/Src/main.o
                0x0000000008001ae8                HAL_DAC_ConvCpltCallbackCh1
 .text.HAL_DAC_ConvHalfCpltCallbackCh1
                0x0000000008001b0c       0x24 Core/Src/main.o
                0x0000000008001b0c                HAL_DAC_ConvHalfCpltCallbackCh1
 .text.DisplayStatus
                0x0000000008001b30      0x1d0 Core/Src/main.o
                0x0000000008001b30                DisplayStatus
 .text.HAL_UART_RxCpltCallback
                0x0000000008001d00       0x10 Core/Src/main.o
                0x0000000008001d00                HAL_UART_RxCpltCallback
 .text.SetFOutVHF
                0x0000000008001d10       0x44 Core/Src/main.o
                0x0000000008001d10                SetFOutVHF
 .text.Error_Handler
                0x0000000008001d54       0x28 Core/Src/main.o
                0x0000000008001d54                Error_Handler
 .text.SystemClock_Config_For_OC
                0x0000000008001d7c      0x13c Core/Src/main.o
                0x0000000008001d7c                SystemClock_Config_For_OC
 .text.MX_TIM6_Init_Custom_Rate
                0x0000000008001eb8       0x4c Core/Src/main.o
                0x0000000008001eb8                MX_TIM6_Init_Custom_Rate
 *fill*         0x0000000008001f04        0x4 
 .text.startup.main
                0x0000000008001f08      0x7c0 Core/Src/main.o
                0x0000000008001f08                main
 .text.HAL_MspInit
                0x00000000080026c8       0x58 Core/Src/stm32h7xx_hal_msp.o
                0x00000000080026c8                HAL_MspInit
 .text.HAL_ADC_MspInit
                0x0000000008002720      0x12c Core/Src/stm32h7xx_hal_msp.o
                0x0000000008002720                HAL_ADC_MspInit
 .text.HAL_DAC_MspInit
                0x000000000800284c       0xcc Core/Src/stm32h7xx_hal_msp.o
                0x000000000800284c                HAL_DAC_MspInit
 .text.HAL_LPTIM_MspInit
                0x0000000008002918       0x70 Core/Src/stm32h7xx_hal_msp.o
                0x0000000008002918                HAL_LPTIM_MspInit
 .text.HAL_TIM_Base_MspInit
                0x0000000008002988       0x48 Core/Src/stm32h7xx_hal_msp.o
                0x0000000008002988                HAL_TIM_Base_MspInit
 .text.HAL_UART_MspInit
                0x00000000080029d0       0xb4 Core/Src/stm32h7xx_hal_msp.o
                0x00000000080029d0                HAL_UART_MspInit
 .text.NMI_Handler
                0x0000000008002a84        0x4 Core/Src/stm32h7xx_it.o
                0x0000000008002a84                NMI_Handler
 .text.HardFault_Handler
                0x0000000008002a88        0x4 Core/Src/stm32h7xx_it.o
                0x0000000008002a88                HardFault_Handler
 .text.MemManage_Handler
                0x0000000008002a8c        0x4 Core/Src/stm32h7xx_it.o
                0x0000000008002a8c                MemManage_Handler
 .text.BusFault_Handler
                0x0000000008002a90        0x4 Core/Src/stm32h7xx_it.o
                0x0000000008002a90                BusFault_Handler
 .text.UsageFault_Handler
                0x0000000008002a94        0x4 Core/Src/stm32h7xx_it.o
                0x0000000008002a94                UsageFault_Handler
 .text.SVC_Handler
                0x0000000008002a98        0x4 Core/Src/stm32h7xx_it.o
                0x0000000008002a98                SVC_Handler
 .text.DebugMon_Handler
                0x0000000008002a9c        0x4 Core/Src/stm32h7xx_it.o
                0x0000000008002a9c                DebugMon_Handler
 .text.PendSV_Handler
                0x0000000008002aa0        0x4 Core/Src/stm32h7xx_it.o
                0x0000000008002aa0                PendSV_Handler
 .text.SysTick_Handler
                0x0000000008002aa4        0x4 Core/Src/stm32h7xx_it.o
                0x0000000008002aa4                SysTick_Handler
 .text.DMA1_Stream0_IRQHandler
                0x0000000008002aa8        0xc Core/Src/stm32h7xx_it.o
                0x0000000008002aa8                DMA1_Stream0_IRQHandler
 .text.DMA1_Stream1_IRQHandler
                0x0000000008002ab4        0xc Core/Src/stm32h7xx_it.o
                0x0000000008002ab4                DMA1_Stream1_IRQHandler
 .text.USART3_IRQHandler
                0x0000000008002ac0        0xc Core/Src/stm32h7xx_it.o
                0x0000000008002ac0                USART3_IRQHandler
 .text.EXTI15_10_IRQHandler
                0x0000000008002acc        0x8 Core/Src/stm32h7xx_it.o
                0x0000000008002acc                EXTI15_10_IRQHandler
 .text.TIM6_DAC_IRQHandler
                0x0000000008002ad4       0x1c Core/Src/stm32h7xx_it.o
                0x0000000008002ad4                TIM6_DAC_IRQHandler
 .text._sbrk    0x0000000008002af0       0x48 Core/Src/sysmem.o
                0x0000000008002af0                _sbrk
 .text.SystemInit
                0x0000000008002b38       0xd8 Core/Src/system_stm32h7xx.o
                0x0000000008002b38                SystemInit
 .text.Reset_Handler
                0x0000000008002c10       0x50 Core/Startup/startup_stm32h750vbtx.o
                0x0000000008002c10                Reset_Handler
 .text.Default_Handler
                0x0000000008002c60        0x2 Core/Startup/startup_stm32h750vbtx.o
                0x0000000008002c60                RTC_Alarm_IRQHandler
                0x0000000008002c60                HASH_RNG_IRQHandler
                0x0000000008002c60                EXTI2_IRQHandler
                0x0000000008002c60                TIM8_CC_IRQHandler
                0x0000000008002c60                HRTIM1_Master_IRQHandler
                0x0000000008002c60                UART8_IRQHandler
                0x0000000008002c60                SPI4_IRQHandler
                0x0000000008002c60                TIM1_CC_IRQHandler
                0x0000000008002c60                BDMA_Channel6_IRQHandler
                0x0000000008002c60                DMA2_Stream5_IRQHandler
                0x0000000008002c60                HRTIM1_FLT_IRQHandler
                0x0000000008002c60                JPEG_IRQHandler
                0x0000000008002c60                DMA1_Stream5_IRQHandler
                0x0000000008002c60                BDMA_Channel1_IRQHandler
                0x0000000008002c60                HRTIM1_TIMD_IRQHandler
                0x0000000008002c60                TAMP_STAMP_IRQHandler
                0x0000000008002c60                EXTI3_IRQHandler
                0x0000000008002c60                LPTIM4_IRQHandler
                0x0000000008002c60                TIM8_TRG_COM_TIM14_IRQHandler
                0x0000000008002c60                LPTIM2_IRQHandler
                0x0000000008002c60                DFSDM1_FLT1_IRQHandler
                0x0000000008002c60                DMAMUX2_OVR_IRQHandler
                0x0000000008002c60                TIM8_UP_TIM13_IRQHandler
                0x0000000008002c60                I2C3_ER_IRQHandler
                0x0000000008002c60                DFSDM1_FLT2_IRQHandler
                0x0000000008002c60                MDMA_IRQHandler
                0x0000000008002c60                LPTIM3_IRQHandler
                0x0000000008002c60                HSEM1_IRQHandler
                0x0000000008002c60                EXTI0_IRQHandler
                0x0000000008002c60                I2C2_EV_IRQHandler
                0x0000000008002c60                DMA1_Stream2_IRQHandler
                0x0000000008002c60                FPU_IRQHandler
                0x0000000008002c60                OTG_HS_WKUP_IRQHandler
                0x0000000008002c60                FDCAN1_IT1_IRQHandler
                0x0000000008002c60                LTDC_ER_IRQHandler
                0x0000000008002c60                DMA2_Stream2_IRQHandler
                0x0000000008002c60                HRTIM1_TIME_IRQHandler
                0x0000000008002c60                SPI1_IRQHandler
                0x0000000008002c60                DCMI_IRQHandler
                0x0000000008002c60                HRTIM1_TIMC_IRQHandler
                0x0000000008002c60                DMA2_Stream3_IRQHandler
                0x0000000008002c60                SAI2_IRQHandler
                0x0000000008002c60                DFSDM1_FLT3_IRQHandler
                0x0000000008002c60                USART6_IRQHandler
                0x0000000008002c60                TIM17_IRQHandler
                0x0000000008002c60                BDMA_Channel7_IRQHandler
                0x0000000008002c60                CRYP_IRQHandler
                0x0000000008002c60                LPTIM5_IRQHandler
                0x0000000008002c60                UART5_IRQHandler
                0x0000000008002c60                ADC3_IRQHandler
                0x0000000008002c60                DMA2_Stream0_IRQHandler
                0x0000000008002c60                TIM4_IRQHandler
                0x0000000008002c60                BDMA_Channel2_IRQHandler
                0x0000000008002c60                QUADSPI_IRQHandler
                0x0000000008002c60                I2C1_EV_IRQHandler
                0x0000000008002c60                DMA1_Stream6_IRQHandler
                0x0000000008002c60                DMAMUX1_OVR_IRQHandler
                0x0000000008002c60                TIM16_IRQHandler
                0x0000000008002c60                UART4_IRQHandler
                0x0000000008002c60                BDMA_Channel5_IRQHandler
                0x0000000008002c60                TIM3_IRQHandler
                0x0000000008002c60                RCC_IRQHandler
                0x0000000008002c60                TIM8_BRK_TIM12_IRQHandler
                0x0000000008002c60                TIM1_TRG_COM_IRQHandler
                0x0000000008002c60                Default_Handler
                0x0000000008002c60                ECC_IRQHandler
                0x0000000008002c60                CEC_IRQHandler
                0x0000000008002c60                BDMA_Channel0_IRQHandler
                0x0000000008002c60                ADC_IRQHandler
                0x0000000008002c60                DMA1_Stream7_IRQHandler
                0x0000000008002c60                HRTIM1_TIMA_IRQHandler
                0x0000000008002c60                SPI5_IRQHandler
                0x0000000008002c60                TIM7_IRQHandler
                0x0000000008002c60                SDMMC1_IRQHandler
                0x0000000008002c60                TIM5_IRQHandler
                0x0000000008002c60                DMA2_Stream7_IRQHandler
                0x0000000008002c60                TIM15_IRQHandler
                0x0000000008002c60                PVD_AVD_IRQHandler
                0x0000000008002c60                I2C3_EV_IRQHandler
                0x0000000008002c60                EXTI9_5_IRQHandler
                0x0000000008002c60                RTC_WKUP_IRQHandler
                0x0000000008002c60                LTDC_IRQHandler
                0x0000000008002c60                SAI3_IRQHandler
                0x0000000008002c60                ETH_WKUP_IRQHandler
                0x0000000008002c60                SPDIF_RX_IRQHandler
                0x0000000008002c60                SPI2_IRQHandler
                0x0000000008002c60                OTG_HS_EP1_IN_IRQHandler
                0x0000000008002c60                CRS_IRQHandler
                0x0000000008002c60                EXTI4_IRQHandler
                0x0000000008002c60                HRTIM1_TIMB_IRQHandler
                0x0000000008002c60                FDCAN2_IT1_IRQHandler
                0x0000000008002c60                ETH_IRQHandler
                0x0000000008002c60                TIM1_UP_IRQHandler
                0x0000000008002c60                BDMA_Channel4_IRQHandler
                0x0000000008002c60                OTG_HS_EP1_OUT_IRQHandler
                0x0000000008002c60                WWDG_IRQHandler
                0x0000000008002c60                SPI6_IRQHandler
                0x0000000008002c60                MDIOS_IRQHandler
                0x0000000008002c60                I2C4_EV_IRQHandler
                0x0000000008002c60                FDCAN2_IT0_IRQHandler
                0x0000000008002c60                LPUART1_IRQHandler
                0x0000000008002c60                FDCAN1_IT0_IRQHandler
                0x0000000008002c60                TIM2_IRQHandler
                0x0000000008002c60                OTG_FS_WKUP_IRQHandler
                0x0000000008002c60                OTG_HS_IRQHandler
                0x0000000008002c60                DMA2D_IRQHandler
                0x0000000008002c60                TIM1_BRK_IRQHandler
                0x0000000008002c60                EXTI1_IRQHandler
                0x0000000008002c60                SDMMC2_IRQHandler
                0x0000000008002c60                OTG_FS_EP1_OUT_IRQHandler
                0x0000000008002c60                BDMA_Channel3_IRQHandler
                0x0000000008002c60                UART7_IRQHandler
                0x0000000008002c60                MDIOS_WKUP_IRQHandler
                0x0000000008002c60                USART2_IRQHandler
                0x0000000008002c60                DFSDM1_FLT0_IRQHandler
                0x0000000008002c60                SAI4_IRQHandler
                0x0000000008002c60                I2C2_ER_IRQHandler
                0x0000000008002c60                DMA2_Stream1_IRQHandler
                0x0000000008002c60                FLASH_IRQHandler
                0x0000000008002c60                DMA2_Stream4_IRQHandler
                0x0000000008002c60                USART1_IRQHandler
                0x0000000008002c60                OTG_FS_IRQHandler
                0x0000000008002c60                SPI3_IRQHandler
                0x0000000008002c60                WAKEUP_PIN_IRQHandler
                0x0000000008002c60                DMA1_Stream4_IRQHandler
                0x0000000008002c60                OTG_FS_EP1_IN_IRQHandler
                0x0000000008002c60                I2C1_ER_IRQHandler
                0x0000000008002c60                FMC_IRQHandler
                0x0000000008002c60                FDCAN_CAL_IRQHandler
                0x0000000008002c60                SWPMI1_IRQHandler
                0x0000000008002c60                COMP1_IRQHandler
                0x0000000008002c60                LPTIM1_IRQHandler
                0x0000000008002c60                I2C4_ER_IRQHandler
                0x0000000008002c60                DMA2_Stream6_IRQHandler
                0x0000000008002c60                SAI1_IRQHandler
                0x0000000008002c60                DMA1_Stream3_IRQHandler
 *fill*         0x0000000008002c62        0x2 
 .text.HAL_InitTick
                0x0000000008002c64       0x4c Drivers/STM32H7xx_HAL_Driver/Src/stm32h7xx_hal.o
                0x0000000008002c64                HAL_InitTick
 .text.HAL_Init
                0x0000000008002cb0       0x64 Drivers/STM32H7xx_HAL_Driver/Src/stm32h7xx_hal.o
                0x0000000008002cb0                HAL_Init
 .text.HAL_IncTick
                0x0000000008002d14       0x18 Drivers/STM32H7xx_HAL_Driver/Src/stm32h7xx_hal.o
                0x0000000008002d14                HAL_IncTick
 .text.HAL_GetTick
                0x0000000008002d2c        0xc Drivers/STM32H7xx_HAL_Driver/Src/stm32h7xx_hal.o
                0x0000000008002d2c                HAL_GetTick
 .text.HAL_Delay
                0x0000000008002d38       0x24 Drivers/STM32H7xx_HAL_Driver/Src/stm32h7xx_hal.o
                0x0000000008002d38                HAL_Delay
 .text.HAL_GetREVID
                0x0000000008002d5c        0xc Drivers/STM32H7xx_HAL_Driver/Src/stm32h7xx_hal.o
                0x0000000008002d5c                HAL_GetREVID
 .text.HAL_SYSCFG_VREFBUF_VoltageScalingConfig
                0x0000000008002d68       0x14 Drivers/STM32H7xx_HAL_Driver/Src/stm32h7xx_hal.o
                0x0000000008002d68                HAL_SYSCFG_VREFBUF_VoltageScalingConfig
 .text.HAL_SYSCFG_VREFBUF_HighImpedanceConfig
                0x0000000008002d7c       0x14 Drivers/STM32H7xx_HAL_Driver/Src/stm32h7xx_hal.o
                0x0000000008002d7c                HAL_SYSCFG_VREFBUF_HighImpedanceConfig
 .text.HAL_SYSCFG_EnableVREFBUF
                0x0000000008002d90       0x34 Drivers/STM32H7xx_HAL_Driver/Src/stm32h7xx_hal.o
                0x0000000008002d90                HAL_SYSCFG_EnableVREFBUF
 .text.ADC_DMAHalfConvCplt
                0x0000000008002dc4        0xc Drivers/STM32H7xx_HAL_Driver/Src/stm32h7xx_hal_adc.o
                0x0000000008002dc4                ADC_DMAHalfConvCplt
 .text.HAL_ADC_ErrorCallback
                0x0000000008002dd0        0x4 Drivers/STM32H7xx_HAL_Driver/Src/stm32h7xx_hal_adc.o
                0x0000000008002dd0                HAL_ADC_ErrorCallback
 .text.ADC_DMAConvCplt
                0x0000000008002dd4       0x68 Drivers/STM32H7xx_HAL_Driver/Src/stm32h7xx_hal_adc.o
                0x0000000008002dd4                ADC_DMAConvCplt
 .text.ADC_DMAError
                0x0000000008002e3c       0x1c Drivers/STM32H7xx_HAL_Driver/Src/stm32h7xx_hal_adc.o
                0x0000000008002e3c                ADC_DMAError
 .text.HAL_ADC_ConfigChannel
                0x0000000008002e58      0x410 Drivers/STM32H7xx_HAL_Driver/Src/stm32h7xx_hal_adc.o
                0x0000000008002e58                HAL_ADC_ConfigChannel
 .text.ADC_Enable
                0x0000000008003268       0xbc Drivers/STM32H7xx_HAL_Driver/Src/stm32h7xx_hal_adc.o
                0x0000000008003268                ADC_Enable
 .text.ADC_Disable
                0x0000000008003324       0x68 Drivers/STM32H7xx_HAL_Driver/Src/stm32h7xx_hal_adc.o
                0x0000000008003324                ADC_Disable
 .text.ADC_ConfigureBoostMode
                0x000000000800338c      0x168 Drivers/STM32H7xx_HAL_Driver/Src/stm32h7xx_hal_adc.o
                0x000000000800338c                ADC_ConfigureBoostMode
 .text.HAL_ADC_Init
                0x00000000080034f4      0x230 Drivers/STM32H7xx_HAL_Driver/Src/stm32h7xx_hal_adc.o
                0x00000000080034f4                HAL_ADC_Init
 .text.HAL_ADCEx_Calibration_Start
                0x0000000008003724       0xa8 Drivers/STM32H7xx_HAL_Driver/Src/stm32h7xx_hal_adc_ex.o
                0x0000000008003724                HAL_ADCEx_Calibration_Start
 .text.HAL_ADCEx_MultiModeStart_DMA
                0x00000000080037cc      0x100 Drivers/STM32H7xx_HAL_Driver/Src/stm32h7xx_hal_adc_ex.o
                0x00000000080037cc                HAL_ADCEx_MultiModeStart_DMA
 .text.HAL_ADCEx_MultiModeConfigChannel
                0x00000000080038cc       0xc0 Drivers/STM32H7xx_HAL_Driver/Src/stm32h7xx_hal_adc_ex.o
                0x00000000080038cc                HAL_ADCEx_MultiModeConfigChannel
 .text.HAL_NVIC_SetPriorityGrouping
                0x000000000800398c       0x28 Drivers/STM32H7xx_HAL_Driver/Src/stm32h7xx_hal_cortex.o
                0x000000000800398c                HAL_NVIC_SetPriorityGrouping
 .text.HAL_NVIC_SetPriority
                0x00000000080039b4       0x6c Drivers/STM32H7xx_HAL_Driver/Src/stm32h7xx_hal_cortex.o
                0x00000000080039b4                HAL_NVIC_SetPriority
 .text.HAL_NVIC_EnableIRQ
                0x0000000008003a20       0x1c Drivers/STM32H7xx_HAL_Driver/Src/stm32h7xx_hal_cortex.o
                0x0000000008003a20                HAL_NVIC_EnableIRQ
 .text.HAL_SYSTICK_Config
                0x0000000008003a3c       0x30 Drivers/STM32H7xx_HAL_Driver/Src/stm32h7xx_hal_cortex.o
                0x0000000008003a3c                HAL_SYSTICK_Config
 .text.HAL_DAC_Init
                0x0000000008003a6c       0x2c Drivers/STM32H7xx_HAL_Driver/Src/stm32h7xx_hal_dac.o
                0x0000000008003a6c                HAL_DAC_Init
 .text.HAL_DAC_Start
                0x0000000008003a98       0x5c Drivers/STM32H7xx_HAL_Driver/Src/stm32h7xx_hal_dac.o
                0x0000000008003a98                HAL_DAC_Start
 .text.HAL_DAC_Start_DMA
                0x0000000008003af4       0xfc Drivers/STM32H7xx_HAL_Driver/Src/stm32h7xx_hal_dac.o
                0x0000000008003af4                HAL_DAC_Start_DMA
 .text.DAC_DMAConvCpltCh1
                0x0000000008003bf0       0x10 Drivers/STM32H7xx_HAL_Driver/Src/stm32h7xx_hal_dac.o
                0x0000000008003bf0                DAC_DMAConvCpltCh1
 .text.DAC_DMAHalfConvCpltCh1
                0x0000000008003c00        0xc Drivers/STM32H7xx_HAL_Driver/Src/stm32h7xx_hal_dac.o
                0x0000000008003c00                DAC_DMAHalfConvCpltCh1
 .text.HAL_DAC_ErrorCallbackCh1
                0x0000000008003c0c        0x4 Drivers/STM32H7xx_HAL_Driver/Src/stm32h7xx_hal_dac.o
                0x0000000008003c0c                HAL_DAC_ErrorCallbackCh1
 .text.DAC_DMAErrorCh1
                0x0000000008003c10       0x18 Drivers/STM32H7xx_HAL_Driver/Src/stm32h7xx_hal_dac.o
                0x0000000008003c10                DAC_DMAErrorCh1
 .text.HAL_DAC_DMAUnderrunCallbackCh1
                0x0000000008003c28        0x4 Drivers/STM32H7xx_HAL_Driver/Src/stm32h7xx_hal_dac.o
                0x0000000008003c28                HAL_DAC_DMAUnderrunCallbackCh1
 .text.HAL_DAC_IRQHandler
                0x0000000008003c2c       0x68 Drivers/STM32H7xx_HAL_Driver/Src/stm32h7xx_hal_dac.o
                0x0000000008003c2c                HAL_DAC_IRQHandler
 .text.HAL_DAC_ConfigChannel
                0x0000000008003c94      0x154 Drivers/STM32H7xx_HAL_Driver/Src/stm32h7xx_hal_dac.o
                0x0000000008003c94                HAL_DAC_ConfigChannel
 .text.HAL_DACEx_ConvCpltCallbackCh2
                0x0000000008003de8        0x4 Drivers/STM32H7xx_HAL_Driver/Src/stm32h7xx_hal_dac_ex.o
                0x0000000008003de8                HAL_DACEx_ConvCpltCallbackCh2
 .text.DAC_DMAConvCpltCh2
                0x0000000008003dec       0x10 Drivers/STM32H7xx_HAL_Driver/Src/stm32h7xx_hal_dac_ex.o
                0x0000000008003dec                DAC_DMAConvCpltCh2
 .text.HAL_DACEx_ConvHalfCpltCallbackCh2
                0x0000000008003dfc        0x4 Drivers/STM32H7xx_HAL_Driver/Src/stm32h7xx_hal_dac_ex.o
                0x0000000008003dfc                HAL_DACEx_ConvHalfCpltCallbackCh2
 .text.DAC_DMAHalfConvCpltCh2
                0x0000000008003e00        0xc Drivers/STM32H7xx_HAL_Driver/Src/stm32h7xx_hal_dac_ex.o
                0x0000000008003e00                DAC_DMAHalfConvCpltCh2
 .text.HAL_DACEx_ErrorCallbackCh2
                0x0000000008003e0c        0x4 Drivers/STM32H7xx_HAL_Driver/Src/stm32h7xx_hal_dac_ex.o
                0x0000000008003e0c                HAL_DACEx_ErrorCallbackCh2
 .text.DAC_DMAErrorCh2
                0x0000000008003e10       0x18 Drivers/STM32H7xx_HAL_Driver/Src/stm32h7xx_hal_dac_ex.o
                0x0000000008003e10                DAC_DMAErrorCh2
 .text.HAL_DACEx_DMAUnderrunCallbackCh2
                0x0000000008003e28        0x4 Drivers/STM32H7xx_HAL_Driver/Src/stm32h7xx_hal_dac_ex.o
                0x0000000008003e28                HAL_DACEx_DMAUnderrunCallbackCh2
 .text.DMA_CalcBaseAndBitshift
                0x0000000008003e2c       0xf8 Drivers/STM32H7xx_HAL_Driver/Src/stm32h7xx_hal_dma.o
 .text.HAL_DMA_Init
                0x0000000008003f24      0x598 Drivers/STM32H7xx_HAL_Driver/Src/stm32h7xx_hal_dma.o
                0x0000000008003f24                HAL_DMA_Init
 .text.HAL_DMA_Start_IT
                0x00000000080044bc      0x37c Drivers/STM32H7xx_HAL_Driver/Src/stm32h7xx_hal_dma.o
                0x00000000080044bc                HAL_DMA_Start_IT
 .text.HAL_DMA_Abort_IT
                0x0000000008004838      0x19c Drivers/STM32H7xx_HAL_Driver/Src/stm32h7xx_hal_dma.o
                0x0000000008004838                HAL_DMA_Abort_IT
 .text.HAL_DMA_IRQHandler
                0x00000000080049d4      0x678 Drivers/STM32H7xx_HAL_Driver/Src/stm32h7xx_hal_dma.o
                0x00000000080049d4                HAL_DMA_IRQHandler
 .text.HAL_GPIO_Init
                0x000000000800504c      0x23c Drivers/STM32H7xx_HAL_Driver/Src/stm32h7xx_hal_gpio.o
                0x000000000800504c                HAL_GPIO_Init
 .text.HAL_GPIO_WritePin
                0x0000000008005288        0x8 Drivers/STM32H7xx_HAL_Driver/Src/stm32h7xx_hal_gpio.o
                0x0000000008005288                HAL_GPIO_WritePin
 .text.HAL_GPIO_EXTI_IRQHandler
                0x0000000008005290       0x1c Drivers/STM32H7xx_HAL_Driver/Src/stm32h7xx_hal_gpio.o
                0x0000000008005290                HAL_GPIO_EXTI_IRQHandler
 .text.HAL_LPTIM_Init
                0x00000000080052ac      0x118 Drivers/STM32H7xx_HAL_Driver/Src/stm32h7xx_hal_lptim.o
                0x00000000080052ac                HAL_LPTIM_Init
 .text.HAL_PCD_Init
                0x00000000080053c4      0x130 Drivers/STM32H7xx_HAL_Driver/Src/stm32h7xx_hal_pcd.o
                0x00000000080053c4                HAL_PCD_Init
 .text.HAL_PCD_Start
                0x00000000080054f4       0x44 Drivers/STM32H7xx_HAL_Driver/Src/stm32h7xx_hal_pcd.o
                0x00000000080054f4                HAL_PCD_Start
 .text.HAL_PCD_EP_Open
                0x0000000008005538       0x74 Drivers/STM32H7xx_HAL_Driver/Src/stm32h7xx_hal_pcd.o
                0x0000000008005538                HAL_PCD_EP_Open
 .text.HAL_PCD_EP_Close
                0x00000000080055ac       0x68 Drivers/STM32H7xx_HAL_Driver/Src/stm32h7xx_hal_pcd.o
                0x00000000080055ac                HAL_PCD_EP_Close
 .text.HAL_PCD_EP_Receive
                0x0000000008005614       0x50 Drivers/STM32H7xx_HAL_Driver/Src/stm32h7xx_hal_pcd.o
                0x0000000008005614                HAL_PCD_EP_Receive
 .text.HAL_PCD_EP_GetRxCount
                0x0000000008005664       0x14 Drivers/STM32H7xx_HAL_Driver/Src/stm32h7xx_hal_pcd.o
                0x0000000008005664                HAL_PCD_EP_GetRxCount
 .text.HAL_PCD_EP_Transmit
                0x0000000008005678       0x48 Drivers/STM32H7xx_HAL_Driver/Src/stm32h7xx_hal_pcd.o
                0x0000000008005678                HAL_PCD_EP_Transmit
 .text.HAL_PCD_EP_SetStall
                0x00000000080056c0       0x88 Drivers/STM32H7xx_HAL_Driver/Src/stm32h7xx_hal_pcd.o
                0x00000000080056c0                HAL_PCD_EP_SetStall
 .text.HAL_PCDEx_SetTxFiFo
                0x0000000008005748       0x48 Drivers/STM32H7xx_HAL_Driver/Src/stm32h7xx_hal_pcd_ex.o
                0x0000000008005748                HAL_PCDEx_SetTxFiFo
 .text.HAL_PCDEx_SetRxFiFo
                0x0000000008005790        0x8 Drivers/STM32H7xx_HAL_Driver/Src/stm32h7xx_hal_pcd_ex.o
                0x0000000008005790                HAL_PCDEx_SetRxFiFo
 .text.HAL_PCDEx_ActivateLPM
                0x0000000008005798       0x2c Drivers/STM32H7xx_HAL_Driver/Src/stm32h7xx_hal_pcd_ex.o
                0x0000000008005798                HAL_PCDEx_ActivateLPM
 .text.HAL_PWREx_ConfigSupply
                0x00000000080057c4       0x4c Drivers/STM32H7xx_HAL_Driver/Src/stm32h7xx_hal_pwr_ex.o
                0x00000000080057c4                HAL_PWREx_ConfigSupply
 .text.HAL_PWREx_EnableUSBVoltageDetector
                0x0000000008005810       0x10 Drivers/STM32H7xx_HAL_Driver/Src/stm32h7xx_hal_pwr_ex.o
                0x0000000008005810                HAL_PWREx_EnableUSBVoltageDetector
 .text.HAL_RCC_OscConfig
                0x0000000008005820      0x5f0 Drivers/STM32H7xx_HAL_Driver/Src/stm32h7xx_hal_rcc.o
                0x0000000008005820                HAL_RCC_OscConfig
 .text.HAL_RCC_MCOConfig
                0x0000000008005e10       0xa0 Drivers/STM32H7xx_HAL_Driver/Src/stm32h7xx_hal_rcc.o
                0x0000000008005e10                HAL_RCC_MCOConfig
 .text.HAL_RCC_GetSysClockFreq
                0x0000000008005eb0      0x118 Drivers/STM32H7xx_HAL_Driver/Src/stm32h7xx_hal_rcc.o
                0x0000000008005eb0                HAL_RCC_GetSysClockFreq
 .text.HAL_RCC_ClockConfig
                0x0000000008005fc8      0x254 Drivers/STM32H7xx_HAL_Driver/Src/stm32h7xx_hal_rcc.o
                0x0000000008005fc8                HAL_RCC_ClockConfig
 .text.HAL_RCC_GetHCLKFreq
                0x000000000800621c      0x150 Drivers/STM32H7xx_HAL_Driver/Src/stm32h7xx_hal_rcc.o
                0x000000000800621c                HAL_RCC_GetHCLKFreq
 .text.HAL_RCC_GetPCLK1Freq
                0x000000000800636c      0x160 Drivers/STM32H7xx_HAL_Driver/Src/stm32h7xx_hal_rcc.o
                0x000000000800636c                HAL_RCC_GetPCLK1Freq
 .text.HAL_RCC_GetPCLK2Freq
                0x00000000080064cc      0x160 Drivers/STM32H7xx_HAL_Driver/Src/stm32h7xx_hal_rcc.o
                0x00000000080064cc                HAL_RCC_GetPCLK2Freq
 .text.RCCEx_PLL2_Config
                0x000000000800662c       0xf8 Drivers/STM32H7xx_HAL_Driver/Src/stm32h7xx_hal_rcc_ex.o
 .text.RCCEx_PLL3_Config
                0x0000000008006724       0xf8 Drivers/STM32H7xx_HAL_Driver/Src/stm32h7xx_hal_rcc_ex.o
 .text.HAL_RCCEx_PeriphCLKConfig
                0x000000000800681c      0xab8 Drivers/STM32H7xx_HAL_Driver/Src/stm32h7xx_hal_rcc_ex.o
                0x000000000800681c                HAL_RCCEx_PeriphCLKConfig
 .text.HAL_RCCEx_GetD3PCLK1Freq
                0x00000000080072d4       0x24 Drivers/STM32H7xx_HAL_Driver/Src/stm32h7xx_hal_rcc_ex.o
                0x00000000080072d4                HAL_RCCEx_GetD3PCLK1Freq
 .text.HAL_RCCEx_GetPLL2ClockFreq
                0x00000000080072f8      0x130 Drivers/STM32H7xx_HAL_Driver/Src/stm32h7xx_hal_rcc_ex.o
                0x00000000080072f8                HAL_RCCEx_GetPLL2ClockFreq
 .text.HAL_RCCEx_GetPLL3ClockFreq
                0x0000000008007428      0x130 Drivers/STM32H7xx_HAL_Driver/Src/stm32h7xx_hal_rcc_ex.o
                0x0000000008007428                HAL_RCCEx_GetPLL3ClockFreq
 .text.HAL_RCCEx_GetPLL1ClockFreq
                0x0000000008007558      0x130 Drivers/STM32H7xx_HAL_Driver/Src/stm32h7xx_hal_rcc_ex.o
                0x0000000008007558                HAL_RCCEx_GetPLL1ClockFreq
 .text.HAL_RCCEx_GetPeriphCLKFreq
                0x0000000008007688      0x21c Drivers/STM32H7xx_HAL_Driver/Src/stm32h7xx_hal_rcc_ex.o
                0x0000000008007688                HAL_RCCEx_GetPeriphCLKFreq
 .text.HAL_TIM_Base_Init
                0x00000000080078a4      0x124 Drivers/STM32H7xx_HAL_Driver/Src/stm32h7xx_hal_tim.o
                0x00000000080078a4                HAL_TIM_Base_Init
 .text.HAL_TIM_Base_Start
                0x00000000080079c8       0x38 Drivers/STM32H7xx_HAL_Driver/Src/stm32h7xx_hal_tim.o
                0x00000000080079c8                HAL_TIM_Base_Start
 .text.HAL_TIM_PeriodElapsedCallback
                0x0000000008007a00        0x4 Drivers/STM32H7xx_HAL_Driver/Src/stm32h7xx_hal_tim.o
                0x0000000008007a00                HAL_TIM_PeriodElapsedCallback
 .text.HAL_TIM_OC_DelayElapsedCallback
                0x0000000008007a04        0x4 Drivers/STM32H7xx_HAL_Driver/Src/stm32h7xx_hal_tim.o
                0x0000000008007a04                HAL_TIM_OC_DelayElapsedCallback
 .text.HAL_TIM_IC_CaptureCallback
                0x0000000008007a08        0x4 Drivers/STM32H7xx_HAL_Driver/Src/stm32h7xx_hal_tim.o
                0x0000000008007a08                HAL_TIM_IC_CaptureCallback
 .text.HAL_TIM_PWM_PulseFinishedCallback
                0x0000000008007a0c        0x4 Drivers/STM32H7xx_HAL_Driver/Src/stm32h7xx_hal_tim.o
                0x0000000008007a0c                HAL_TIM_PWM_PulseFinishedCallback
 .text.HAL_TIM_TriggerCallback
                0x0000000008007a10        0x4 Drivers/STM32H7xx_HAL_Driver/Src/stm32h7xx_hal_tim.o
                0x0000000008007a10                HAL_TIM_TriggerCallback
 .text.HAL_TIM_IRQHandler
                0x0000000008007a14      0x170 Drivers/STM32H7xx_HAL_Driver/Src/stm32h7xx_hal_tim.o
                0x0000000008007a14                HAL_TIM_IRQHandler
 .text.HAL_TIMEx_MasterConfigSynchronization
                0x0000000008007b84       0xb4 Drivers/STM32H7xx_HAL_Driver/Src/stm32h7xx_hal_tim_ex.o
                0x0000000008007b84                HAL_TIMEx_MasterConfigSynchronization
 .text.HAL_TIMEx_CommutCallback
                0x0000000008007c38        0x4 Drivers/STM32H7xx_HAL_Driver/Src/stm32h7xx_hal_tim_ex.o
                0x0000000008007c38                HAL_TIMEx_CommutCallback
 .text.HAL_TIMEx_BreakCallback
                0x0000000008007c3c        0x4 Drivers/STM32H7xx_HAL_Driver/Src/stm32h7xx_hal_tim_ex.o
                0x0000000008007c3c                HAL_TIMEx_BreakCallback
 .text.HAL_TIMEx_Break2Callback
                0x0000000008007c40        0x4 Drivers/STM32H7xx_HAL_Driver/Src/stm32h7xx_hal_tim_ex.o
                0x0000000008007c40                HAL_TIMEx_Break2Callback
 .text.HAL_UART_Transmit
                0x0000000008007c44      0x178 Drivers/STM32H7xx_HAL_Driver/Src/stm32h7xx_hal_uart.o
                0x0000000008007c44                HAL_UART_Transmit
 .text.HAL_UART_Receive_IT
                0x0000000008007dbc      0x140 Drivers/STM32H7xx_HAL_Driver/Src/stm32h7xx_hal_uart.o
                0x0000000008007dbc                HAL_UART_Receive_IT
 .text.HAL_UART_TxCpltCallback
                0x0000000008007efc        0x4 Drivers/STM32H7xx_HAL_Driver/Src/stm32h7xx_hal_uart.o
                0x0000000008007efc                HAL_UART_TxCpltCallback
 .text.UART_RxISR_8BIT
                0x0000000008007f00       0x60 Drivers/STM32H7xx_HAL_Driver/Src/stm32h7xx_hal_uart.o
 .text.UART_RxISR_16BIT
                0x0000000008007f60       0x5c Drivers/STM32H7xx_HAL_Driver/Src/stm32h7xx_hal_uart.o
 .text.UART_RxISR_8BIT_FIFOEN
                0x0000000008007fbc       0xb8 Drivers/STM32H7xx_HAL_Driver/Src/stm32h7xx_hal_uart.o
 .text.UART_RxISR_16BIT_FIFOEN
                0x0000000008008074       0xb4 Drivers/STM32H7xx_HAL_Driver/Src/stm32h7xx_hal_uart.o
 .text.HAL_UART_ErrorCallback
                0x0000000008008128        0x4 Drivers/STM32H7xx_HAL_Driver/Src/stm32h7xx_hal_uart.o
                0x0000000008008128                HAL_UART_ErrorCallback
 .text.HAL_UART_IRQHandler
                0x000000000800812c      0x1f4 Drivers/STM32H7xx_HAL_Driver/Src/stm32h7xx_hal_uart.o
                0x000000000800812c                HAL_UART_IRQHandler
 .text.UART_DMAAbortOnError
                0x0000000008008320       0x18 Drivers/STM32H7xx_HAL_Driver/Src/stm32h7xx_hal_uart.o
 .text.UART_AdvFeatureConfig
                0x0000000008008338       0xb0 Drivers/STM32H7xx_HAL_Driver/Src/stm32h7xx_hal_uart.o
                0x0000000008008338                UART_AdvFeatureConfig
 .text.HAL_UART_Init
                0x00000000080083e8      0x680 Drivers/STM32H7xx_HAL_Driver/Src/stm32h7xx_hal_uart.o
                0x00000000080083e8                HAL_UART_Init
 .text.HAL_UARTEx_WakeupCallback
                0x0000000008008a68        0x4 Drivers/STM32H7xx_HAL_Driver/Src/stm32h7xx_hal_uart_ex.o
                0x0000000008008a68                HAL_UARTEx_WakeupCallback
 .text.HAL_UARTEx_RxFifoFullCallback
                0x0000000008008a6c        0x4 Drivers/STM32H7xx_HAL_Driver/Src/stm32h7xx_hal_uart_ex.o
                0x0000000008008a6c                HAL_UARTEx_RxFifoFullCallback
 .text.HAL_UARTEx_TxFifoEmptyCallback
                0x0000000008008a70        0x4 Drivers/STM32H7xx_HAL_Driver/Src/stm32h7xx_hal_uart_ex.o
                0x0000000008008a70                HAL_UARTEx_TxFifoEmptyCallback
 .text.HAL_UARTEx_DisableFifoMode
                0x0000000008008a74       0x3c Drivers/STM32H7xx_HAL_Driver/Src/stm32h7xx_hal_uart_ex.o
                0x0000000008008a74                HAL_UARTEx_DisableFifoMode
 .text.HAL_UARTEx_SetTxFifoThreshold
                0x0000000008008ab0       0xa4 Drivers/STM32H7xx_HAL_Driver/Src/stm32h7xx_hal_uart_ex.o
                0x0000000008008ab0                HAL_UARTEx_SetTxFifoThreshold
 .text.HAL_UARTEx_SetRxFifoThreshold
                0x0000000008008b54       0xa4 Drivers/STM32H7xx_HAL_Driver/Src/stm32h7xx_hal_uart_ex.o
                0x0000000008008b54                HAL_UARTEx_SetRxFifoThreshold
 .text.USB_CoreInit
                0x0000000008008bf8       0xd4 Drivers/STM32H7xx_HAL_Driver/Src/stm32h7xx_ll_usb.o
                0x0000000008008bf8                USB_CoreInit
 .text.USB_EnableGlobalInt
                0x0000000008008ccc       0x10 Drivers/STM32H7xx_HAL_Driver/Src/stm32h7xx_ll_usb.o
                0x0000000008008ccc                USB_EnableGlobalInt
 .text.USB_DisableGlobalInt
                0x0000000008008cdc       0x10 Drivers/STM32H7xx_HAL_Driver/Src/stm32h7xx_ll_usb.o
                0x0000000008008cdc                USB_DisableGlobalInt
 .text.USB_SetCurrentMode
                0x0000000008008cec       0x30 Drivers/STM32H7xx_HAL_Driver/Src/stm32h7xx_ll_usb.o
                0x0000000008008cec                USB_SetCurrentMode
 .text.USB_DevInit
                0x0000000008008d1c      0x1c8 Drivers/STM32H7xx_HAL_Driver/Src/stm32h7xx_ll_usb.o
                0x0000000008008d1c                USB_DevInit
 .text.USB_ActivateEndpoint
                0x0000000008008ee4       0x84 Drivers/STM32H7xx_HAL_Driver/Src/stm32h7xx_ll_usb.o
                0x0000000008008ee4                USB_ActivateEndpoint
 .text.USB_DeactivateEndpoint
                0x0000000008008f68       0xc0 Drivers/STM32H7xx_HAL_Driver/Src/stm32h7xx_ll_usb.o
                0x0000000008008f68                USB_DeactivateEndpoint
 .text.USB_EPStartXfer
                0x0000000008009028      0x238 Drivers/STM32H7xx_HAL_Driver/Src/stm32h7xx_ll_usb.o
                0x0000000008009028                USB_EPStartXfer
 .text.USB_EP0StartXfer
                0x0000000008009260      0x114 Drivers/STM32H7xx_HAL_Driver/Src/stm32h7xx_ll_usb.o
                0x0000000008009260                USB_EP0StartXfer
 .text.USB_EPSetStall
                0x0000000008009374       0x60 Drivers/STM32H7xx_HAL_Driver/Src/stm32h7xx_ll_usb.o
                0x0000000008009374                USB_EPSetStall
 .text.USB_DevConnect
                0x00000000080093d4       0x18 Drivers/STM32H7xx_HAL_Driver/Src/stm32h7xx_ll_usb.o
                0x00000000080093d4                USB_DevConnect
 .text.USB_DevDisconnect
                0x00000000080093ec       0x18 Drivers/STM32H7xx_HAL_Driver/Src/stm32h7xx_ll_usb.o
                0x00000000080093ec                USB_DevDisconnect
 .text.USB_EP0_OutStart
                0x0000000008009404       0x50 Drivers/STM32H7xx_HAL_Driver/Src/stm32h7xx_ll_usb.o
                0x0000000008009404                USB_EP0_OutStart
 .text.USBD_CDC_EP0_RxReady
                0x0000000008009454       0x2c Middlewares/ST/STM32_USB_Device_Library/Class/CDC/Src/usbd_cdc.o
 .text.USBD_CDC_GetFSCfgDesc
                0x0000000008009480        0xc Middlewares/ST/STM32_USB_Device_Library/Class/CDC/Src/usbd_cdc.o
 .text.USBD_CDC_GetHSCfgDesc
                0x000000000800948c        0xc Middlewares/ST/STM32_USB_Device_Library/Class/CDC/Src/usbd_cdc.o
 .text.USBD_CDC_GetOtherSpeedCfgDesc
                0x0000000008009498        0xc Middlewares/ST/STM32_USB_Device_Library/Class/CDC/Src/usbd_cdc.o
 .text.USBD_CDC_GetDeviceQualifierDescriptor
                0x00000000080094a4        0xc Middlewares/ST/STM32_USB_Device_Library/Class/CDC/Src/usbd_cdc.o
                0x00000000080094a4                USBD_CDC_GetDeviceQualifierDescriptor
 .text.USBD_CDC_DataOut
                0x00000000080094b0       0x2c Middlewares/ST/STM32_USB_Device_Library/Class/CDC/Src/usbd_cdc.o
 .text.USBD_CDC_DataIn
                0x00000000080094dc       0x60 Middlewares/ST/STM32_USB_Device_Library/Class/CDC/Src/usbd_cdc.o
 .text.USBD_CDC_Setup
                0x000000000800953c      0x100 Middlewares/ST/STM32_USB_Device_Library/Class/CDC/Src/usbd_cdc.o
 .text.USBD_CDC_DeInit
                0x000000000800963c       0x44 Middlewares/ST/STM32_USB_Device_Library/Class/CDC/Src/usbd_cdc.o
 .text.USBD_CDC_Init
                0x0000000008009680       0xb4 Middlewares/ST/STM32_USB_Device_Library/Class/CDC/Src/usbd_cdc.o
 .text.USBD_CDC_RegisterInterface
                0x0000000008009734       0x10 Middlewares/ST/STM32_USB_Device_Library/Class/CDC/Src/usbd_cdc.o
                0x0000000008009734                USBD_CDC_RegisterInterface
 .text.USBD_CDC_SetTxBuffer
                0x0000000008009744       0x10 Middlewares/ST/STM32_USB_Device_Library/Class/CDC/Src/usbd_cdc.o
                0x0000000008009744                USBD_CDC_SetTxBuffer
 .text.USBD_CDC_SetRxBuffer
                0x0000000008009754        0xc Middlewares/ST/STM32_USB_Device_Library/Class/CDC/Src/usbd_cdc.o
                0x0000000008009754                USBD_CDC_SetRxBuffer
 .text.USBD_CDC_TransmitPacket
                0x0000000008009760       0x34 Middlewares/ST/STM32_USB_Device_Library/Class/CDC/Src/usbd_cdc.o
                0x0000000008009760                USBD_CDC_TransmitPacket
 .text.USBD_CDC_ReceivePacket
                0x0000000008009794       0x30 Middlewares/ST/STM32_USB_Device_Library/Class/CDC/Src/usbd_cdc.o
                0x0000000008009794                USBD_CDC_ReceivePacket
 .text.USBD_Init
                0x00000000080097c4       0x34 Middlewares/ST/STM32_USB_Device_Library/Core/Src/usbd_core.o
                0x00000000080097c4                USBD_Init
 .text.USBD_RegisterClass
                0x00000000080097f8       0x28 Middlewares/ST/STM32_USB_Device_Library/Core/Src/usbd_core.o
                0x00000000080097f8                USBD_RegisterClass
 .text.USBD_Start
                0x0000000008009820        0x4 Middlewares/ST/STM32_USB_Device_Library/Core/Src/usbd_core.o
                0x0000000008009820                USBD_Start
 .text.USBD_CtlError
                0x0000000008009824       0x18 Middlewares/ST/STM32_USB_Device_Library/Core/Src/usbd_ctlreq.o
                0x0000000008009824                USBD_CtlError
 .text.USBD_GetString
                0x000000000800983c       0x4c Middlewares/ST/STM32_USB_Device_Library/Core/Src/usbd_ctlreq.o
                0x000000000800983c                USBD_GetString
 .text.USBD_CtlSendData
                0x0000000008009888       0x1c Middlewares/ST/STM32_USB_Device_Library/Core/Src/usbd_ioreq.o
                0x0000000008009888                USBD_CtlSendData
 .text.USBD_CtlPrepareRx
                0x00000000080098a4       0x20 Middlewares/ST/STM32_USB_Device_Library/Core/Src/usbd_ioreq.o
                0x00000000080098a4                USBD_CtlPrepareRx
 .text.MX_USB_DEVICE_Init
                0x00000000080098c4       0x58 USB_DEVICE/App/usb_device.o
                0x00000000080098c4                MX_USB_DEVICE_Init
 .text.CDC_DeInit_FS
                0x000000000800991c        0x4 USB_DEVICE/App/usbd_cdc_if.o
 .text.CDC_TransmitCplt_FS
                0x0000000008009920        0x4 USB_DEVICE/App/usbd_cdc_if.o
 .text.CDC_Init_FS
                0x0000000008009924       0x28 USB_DEVICE/App/usbd_cdc_if.o
 .text.CDC_Control_FS
                0x000000000800994c       0x38 USB_DEVICE/App/usbd_cdc_if.o
 .text.CDC_Receive_FS
                0x0000000008009984       0x38 USB_DEVICE/App/usbd_cdc_if.o
 .text.USBD_FS_DeviceDescriptor
                0x00000000080099bc        0xc USB_DEVICE/App/usbd_desc.o
                0x00000000080099bc                USBD_FS_DeviceDescriptor
 .text.USBD_FS_LangIDStrDescriptor
                0x00000000080099c8        0xc USB_DEVICE/App/usbd_desc.o
                0x00000000080099c8                USBD_FS_LangIDStrDescriptor
 .text.USBD_FS_ManufacturerStrDescriptor
                0x00000000080099d4       0x1c USB_DEVICE/App/usbd_desc.o
                0x00000000080099d4                USBD_FS_ManufacturerStrDescriptor
 .text.USBD_FS_ProductStrDescriptor
                0x00000000080099f0       0x1c USB_DEVICE/App/usbd_desc.o
                0x00000000080099f0                USBD_FS_ProductStrDescriptor
 .text.USBD_FS_ConfigStrDescriptor
                0x0000000008009a0c       0x1c USB_DEVICE/App/usbd_desc.o
                0x0000000008009a0c                USBD_FS_ConfigStrDescriptor
 .text.USBD_FS_InterfaceStrDescriptor
                0x0000000008009a28       0x1c USB_DEVICE/App/usbd_desc.o
                0x0000000008009a28                USBD_FS_InterfaceStrDescriptor
 .text.USBD_FS_SerialStrDescriptor
                0x0000000008009a44      0x138 USB_DEVICE/App/usbd_desc.o
                0x0000000008009a44                USBD_FS_SerialStrDescriptor
 .text.HAL_PCD_MspInit
                0x0000000008009b7c       0x74 USB_DEVICE/Target/usbd_conf.o
                0x0000000008009b7c                HAL_PCD_MspInit
 .text.USBD_LL_Init
                0x0000000008009bf0       0x68 USB_DEVICE/Target/usbd_conf.o
                0x0000000008009bf0                USBD_LL_Init
 .text.USBD_LL_Start
                0x0000000008009c58       0x1c USB_DEVICE/Target/usbd_conf.o
                0x0000000008009c58                USBD_LL_Start
 .text.USBD_LL_OpenEP
                0x0000000008009c74       0x24 USB_DEVICE/Target/usbd_conf.o
                0x0000000008009c74                USBD_LL_OpenEP
 .text.USBD_LL_CloseEP
                0x0000000008009c98       0x1c USB_DEVICE/Target/usbd_conf.o
                0x0000000008009c98                USBD_LL_CloseEP
 .text.USBD_LL_StallEP
                0x0000000008009cb4       0x1c USB_DEVICE/Target/usbd_conf.o
                0x0000000008009cb4                USBD_LL_StallEP
 .text.USBD_LL_Transmit
                0x0000000008009cd0       0x1c USB_DEVICE/Target/usbd_conf.o
                0x0000000008009cd0                USBD_LL_Transmit
 .text.USBD_LL_PrepareReceive
                0x0000000008009cec       0x1c USB_DEVICE/Target/usbd_conf.o
                0x0000000008009cec                USBD_LL_PrepareReceive
 .text.USBD_LL_GetRxDataSize
                0x0000000008009d08        0x8 USB_DEVICE/Target/usbd_conf.o
                0x0000000008009d08                USBD_LL_GetRxDataSize
 .text.arm_fir_decimate_init_f32
                0x0000000008009d10       0x3c C:\Users\alberto\STM32Cube\Repository\STM32Cube_FW_H7_V1.7.0\Drivers\CMSIS/Lib/GCC\libarm_cortexM7lfsp_math.a(arm_fir_decimate_init_f32.o)
                0x0000000008009d10                arm_fir_decimate_init_f32
 .text.__errno  0x0000000008009d4c        0xc c:/st/stm32cubeide_1.3.0/stm32cubeide/plugins/com.st.stm32cube.ide.mcu.externaltools.gnu-tools-for-stm32.7-2018-q2-update.win32_1.5.0.202011040924/tools/bin/../lib/gcc/arm-none-eabi/7.3.1/../../../../arm-none-eabi/lib/thumb/v7e-m/fpv5/hard\libc_nano.a(lib_a-errno.o)
                0x0000000008009d4c                __errno
 .text.__libc_init_array
                0x0000000008009d58       0x48 c:/st/stm32cubeide_1.3.0/stm32cubeide/plugins/com.st.stm32cube.ide.mcu.externaltools.gnu-tools-for-stm32.7-2018-q2-update.win32_1.5.0.202011040924/tools/bin/../lib/gcc/arm-none-eabi/7.3.1/../../../../arm-none-eabi/lib/thumb/v7e-m/fpv5/hard\libc_nano.a(lib_a-init.o)
                0x0000000008009d58                __libc_init_array
 .text.malloc   0x0000000008009da0       0x10 c:/st/stm32cubeide_1.3.0/stm32cubeide/plugins/com.st.stm32cube.ide.mcu.externaltools.gnu-tools-for-stm32.7-2018-q2-update.win32_1.5.0.202011040924/tools/bin/../lib/gcc/arm-none-eabi/7.3.1/../../../../arm-none-eabi/lib/thumb/v7e-m/fpv5/hard\libc_nano.a(lib_a-malloc.o)
                0x0000000008009da0                malloc
 .text.free     0x0000000008009db0       0x10 c:/st/stm32cubeide_1.3.0/stm32cubeide/plugins/com.st.stm32cube.ide.mcu.externaltools.gnu-tools-for-stm32.7-2018-q2-update.win32_1.5.0.202011040924/tools/bin/../lib/gcc/arm-none-eabi/7.3.1/../../../../arm-none-eabi/lib/thumb/v7e-m/fpv5/hard\libc_nano.a(lib_a-malloc.o)
                0x0000000008009db0                free
 .text.memset   0x0000000008009dc0       0x10 c:/st/stm32cubeide_1.3.0/stm32cubeide/plugins/com.st.stm32cube.ide.mcu.externaltools.gnu-tools-for-stm32.7-2018-q2-update.win32_1.5.0.202011040924/tools/bin/../lib/gcc/arm-none-eabi/7.3.1/../../../../arm-none-eabi/lib/thumb/v7e-m/fpv5/hard\libc_nano.a(lib_a-memset.o)
                0x0000000008009dc0                memset
 .text._free_r  0x0000000008009dd0       0x9c c:/st/stm32cubeide_1.3.0/stm32cubeide/plugins/com.st.stm32cube.ide.mcu.externaltools.gnu-tools-for-stm32.7-2018-q2-update.win32_1.5.0.202011040924/tools/bin/../lib/gcc/arm-none-eabi/7.3.1/../../../../arm-none-eabi/lib/thumb/v7e-m/fpv5/hard\libc_nano.a(lib_a-nano-freer.o)
                0x0000000008009dd0                _free_r
 .text._malloc_r
                0x0000000008009e6c       0xb4 c:/st/stm32cubeide_1.3.0/stm32cubeide/plugins/com.st.stm32cube.ide.mcu.externaltools.gnu-tools-for-stm32.7-2018-q2-update.win32_1.5.0.202011040924/tools/bin/../lib/gcc/arm-none-eabi/7.3.1/../../../../arm-none-eabi/lib/thumb/v7e-m/fpv5/hard\libc_nano.a(lib_a-nano-mallocr.o)
                0x0000000008009e6c                _malloc_r
 .text.__cvt    0x0000000008009f20       0xa4 c:/st/stm32cubeide_1.3.0/stm32cubeide/plugins/com.st.stm32cube.ide.mcu.externaltools.gnu-tools-for-stm32.7-2018-q2-update.win32_1.5.0.202011040924/tools/bin/../lib/gcc/arm-none-eabi/7.3.1/../../../../arm-none-eabi/lib/thumb/v7e-m/fpv5/hard\libc_nano.a(lib_a-nano-vfprintf_float.o)
                0x0000000008009f20                __cvt
 .text.__exponent
                0x0000000008009fc4       0x66 c:/st/stm32cubeide_1.3.0/stm32cubeide/plugins/com.st.stm32cube.ide.mcu.externaltools.gnu-tools-for-stm32.7-2018-q2-update.win32_1.5.0.202011040924/tools/bin/../lib/gcc/arm-none-eabi/7.3.1/../../../../arm-none-eabi/lib/thumb/v7e-m/fpv5/hard\libc_nano.a(lib_a-nano-vfprintf_float.o)
                0x0000000008009fc4                __exponent
 *fill*         0x000000000800a02a        0x6 
 .text._printf_float
                0x000000000800a030      0x458 c:/st/stm32cubeide_1.3.0/stm32cubeide/plugins/com.st.stm32cube.ide.mcu.externaltools.gnu-tools-for-stm32.7-2018-q2-update.win32_1.5.0.202011040924/tools/bin/../lib/gcc/arm-none-eabi/7.3.1/../../../../arm-none-eabi/lib/thumb/v7e-m/fpv5/hard\libc_nano.a(lib_a-nano-vfprintf_float.o)
                0x000000000800a030                _printf_float
 .text._printf_common
                0x000000000800a488       0xea c:/st/stm32cubeide_1.3.0/stm32cubeide/plugins/com.st.stm32cube.ide.mcu.externaltools.gnu-tools-for-stm32.7-2018-q2-update.win32_1.5.0.202011040924/tools/bin/../lib/gcc/arm-none-eabi/7.3.1/../../../../arm-none-eabi/lib/thumb/v7e-m/fpv5/hard\libc_nano.a(lib_a-nano-vfprintf_i.o)
                0x000000000800a488                _printf_common
 *fill*         0x000000000800a572        0x2 
 .text._printf_i
                0x000000000800a574      0x224 c:/st/stm32cubeide_1.3.0/stm32cubeide/plugins/com.st.stm32cube.ide.mcu.externaltools.gnu-tools-for-stm32.7-2018-q2-update.win32_1.5.0.202011040924/tools/bin/../lib/gcc/arm-none-eabi/7.3.1/../../../../arm-none-eabi/lib/thumb/v7e-m/fpv5/hard\libc_nano.a(lib_a-nano-vfprintf_i.o)
                0x000000000800a574                _printf_i
 .text._sbrk_r  0x000000000800a798       0x20 c:/st/stm32cubeide_1.3.0/stm32cubeide/plugins/com.st.stm32cube.ide.mcu.externaltools.gnu-tools-for-stm32.7-2018-q2-update.win32_1.5.0.202011040924/tools/bin/../lib/gcc/arm-none-eabi/7.3.1/../../../../arm-none-eabi/lib/thumb/v7e-m/fpv5/hard\libc_nano.a(lib_a-sbrkr.o)
                0x000000000800a798                _sbrk_r
 .text.sprintf  0x000000000800a7b8       0x40 c:/st/stm32cubeide_1.3.0/stm32cubeide/plugins/com.st.stm32cube.ide.mcu.externaltools.gnu-tools-for-stm32.7-2018-q2-update.win32_1.5.0.202011040924/tools/bin/../lib/gcc/arm-none-eabi/7.3.1/../../../../arm-none-eabi/lib/thumb/v7e-m/fpv5/hard\libc_nano.a(lib_a-sprintf.o)
                0x000000000800a7b8                siprintf
                0x000000000800a7b8                sprintf
 .text.strcpy   0x000000000800a7f8       0x10 c:/st/stm32cubeide_1.3.0/stm32cubeide/plugins/com.st.stm32cube.ide.mcu.externaltools.gnu-tools-for-stm32.7-2018-q2-update.win32_1.5.0.202011040924/tools/bin/../lib/gcc/arm-none-eabi/7.3.1/../../../../arm-none-eabi/lib/thumb/v7e-m/fpv5/hard\libc_nano.a(lib_a-strcpy.o)
                0x000000000800a7f8                strcpy
 .text.quorem   0x000000000800a808      0x118 c:/st/stm32cubeide_1.3.0/stm32cubeide/plugins/com.st.stm32cube.ide.mcu.externaltools.gnu-tools-for-stm32.7-2018-q2-update.win32_1.5.0.202011040924/tools/bin/../lib/gcc/arm-none-eabi/7.3.1/../../../../arm-none-eabi/lib/thumb/v7e-m/fpv5/hard\libc_nano.a(lib_a-dtoa.o)
 .text._dtoa_r  0x000000000800a920      0xa98 c:/st/stm32cubeide_1.3.0/stm32cubeide/plugins/com.st.stm32cube.ide.mcu.externaltools.gnu-tools-for-stm32.7-2018-q2-update.win32_1.5.0.202011040924/tools/bin/../lib/gcc/arm-none-eabi/7.3.1/../../../../arm-none-eabi/lib/thumb/v7e-m/fpv5/hard\libc_nano.a(lib_a-dtoa.o)
                0x000000000800a920                _dtoa_r
 .text._localeconv_r
                0x000000000800b3b8       0x1c c:/st/stm32cubeide_1.3.0/stm32cubeide/plugins/com.st.stm32cube.ide.mcu.externaltools.gnu-tools-for-stm32.7-2018-q2-update.win32_1.5.0.202011040924/tools/bin/../lib/gcc/arm-none-eabi/7.3.1/../../../../arm-none-eabi/lib/thumb/v7e-m/fpv5/hard\libc_nano.a(lib_a-localeconv.o)
                0x000000000800b3b8                _localeconv_r
 .text.memcpy   0x000000000800b3d4       0x16 c:/st/stm32cubeide_1.3.0/stm32cubeide/plugins/com.st.stm32cube.ide.mcu.externaltools.gnu-tools-for-stm32.7-2018-q2-update.win32_1.5.0.202011040924/tools/bin/../lib/gcc/arm-none-eabi/7.3.1/../../../../arm-none-eabi/lib/thumb/v7e-m/fpv5/hard\libc_nano.a(lib_a-memcpy-stub.o)
                0x000000000800b3d4                memcpy
 .text.__malloc_lock
                0x000000000800b3ea        0x2 c:/st/stm32cubeide_1.3.0/stm32cubeide/plugins/com.st.stm32cube.ide.mcu.externaltools.gnu-tools-for-stm32.7-2018-q2-update.win32_1.5.0.202011040924/tools/bin/../lib/gcc/arm-none-eabi/7.3.1/../../../../arm-none-eabi/lib/thumb/v7e-m/fpv5/hard\libc_nano.a(lib_a-mlock.o)
                0x000000000800b3ea                __malloc_lock
 .text.__malloc_unlock
                0x000000000800b3ec        0x2 c:/st/stm32cubeide_1.3.0/stm32cubeide/plugins/com.st.stm32cube.ide.mcu.externaltools.gnu-tools-for-stm32.7-2018-q2-update.win32_1.5.0.202011040924/tools/bin/../lib/gcc/arm-none-eabi/7.3.1/../../../../arm-none-eabi/lib/thumb/v7e-m/fpv5/hard\libc_nano.a(lib_a-mlock.o)
                0x000000000800b3ec                __malloc_unlock
 .text._Balloc  0x000000000800b3ee       0x68 c:/st/stm32cubeide_1.3.0/stm32cubeide/plugins/com.st.stm32cube.ide.mcu.externaltools.gnu-tools-for-stm32.7-2018-q2-update.win32_1.5.0.202011040924/tools/bin/../lib/gcc/arm-none-eabi/7.3.1/../../../../arm-none-eabi/lib/thumb/v7e-m/fpv5/hard\libc_nano.a(lib_a-mprec.o)
                0x000000000800b3ee                _Balloc
 .text._Bfree   0x000000000800b456       0x2e c:/st/stm32cubeide_1.3.0/stm32cubeide/plugins/com.st.stm32cube.ide.mcu.externaltools.gnu-tools-for-stm32.7-2018-q2-update.win32_1.5.0.202011040924/tools/bin/../lib/gcc/arm-none-eabi/7.3.1/../../../../arm-none-eabi/lib/thumb/v7e-m/fpv5/hard\libc_nano.a(lib_a-mprec.o)
                0x000000000800b456                _Bfree
 .text.__multadd
                0x000000000800b484       0x76 c:/st/stm32cubeide_1.3.0/stm32cubeide/plugins/com.st.stm32cube.ide.mcu.externaltools.gnu-tools-for-stm32.7-2018-q2-update.win32_1.5.0.202011040924/tools/bin/../lib/gcc/arm-none-eabi/7.3.1/../../../../arm-none-eabi/lib/thumb/v7e-m/fpv5/hard\libc_nano.a(lib_a-mprec.o)
                0x000000000800b484                __multadd
 .text.__hi0bits
                0x000000000800b4fa       0x3e c:/st/stm32cubeide_1.3.0/stm32cubeide/plugins/com.st.stm32cube.ide.mcu.externaltools.gnu-tools-for-stm32.7-2018-q2-update.win32_1.5.0.202011040924/tools/bin/../lib/gcc/arm-none-eabi/7.3.1/../../../../arm-none-eabi/lib/thumb/v7e-m/fpv5/hard\libc_nano.a(lib_a-mprec.o)
                0x000000000800b4fa                __hi0bits
 .text.__lo0bits
                0x000000000800b538       0x5e c:/st/stm32cubeide_1.3.0/stm32cubeide/plugins/com.st.stm32cube.ide.mcu.externaltools.gnu-tools-for-stm32.7-2018-q2-update.win32_1.5.0.202011040924/tools/bin/../lib/gcc/arm-none-eabi/7.3.1/../../../../arm-none-eabi/lib/thumb/v7e-m/fpv5/hard\libc_nano.a(lib_a-mprec.o)
                0x000000000800b538                __lo0bits
 .text.__i2b    0x000000000800b596       0x12 c:/st/stm32cubeide_1.3.0/stm32cubeide/plugins/com.st.stm32cube.ide.mcu.externaltools.gnu-tools-for-stm32.7-2018-q2-update.win32_1.5.0.202011040924/tools/bin/../lib/gcc/arm-none-eabi/7.3.1/../../../../arm-none-eabi/lib/thumb/v7e-m/fpv5/hard\libc_nano.a(lib_a-mprec.o)
                0x000000000800b596                __i2b
 .text.__multiply
                0x000000000800b5a8      0x12c c:/st/stm32cubeide_1.3.0/stm32cubeide/plugins/com.st.stm32cube.ide.mcu.externaltools.gnu-tools-for-stm32.7-2018-q2-update.win32_1.5.0.202011040924/tools/bin/../lib/gcc/arm-none-eabi/7.3.1/../../../../arm-none-eabi/lib/thumb/v7e-m/fpv5/hard\libc_nano.a(lib_a-mprec.o)
                0x000000000800b5a8                __multiply
 .text.__pow5mult
                0x000000000800b6d4       0x9c c:/st/stm32cubeide_1.3.0/stm32cubeide/plugins/com.st.stm32cube.ide.mcu.externaltools.gnu-tools-for-stm32.7-2018-q2-update.win32_1.5.0.202011040924/tools/bin/../lib/gcc/arm-none-eabi/7.3.1/../../../../arm-none-eabi/lib/thumb/v7e-m/fpv5/hard\libc_nano.a(lib_a-mprec.o)
                0x000000000800b6d4                __pow5mult
 .text.__lshift
                0x000000000800b770       0xa8 c:/st/stm32cubeide_1.3.0/stm32cubeide/plugins/com.st.stm32cube.ide.mcu.externaltools.gnu-tools-for-stm32.7-2018-q2-update.win32_1.5.0.202011040924/tools/bin/../lib/gcc/arm-none-eabi/7.3.1/../../../../arm-none-eabi/lib/thumb/v7e-m/fpv5/hard\libc_nano.a(lib_a-mprec.o)
                0x000000000800b770                __lshift
 .text.__mcmp   0x000000000800b818       0x34 c:/st/stm32cubeide_1.3.0/stm32cubeide/plugins/com.st.stm32cube.ide.mcu.externaltools.gnu-tools-for-stm32.7-2018-q2-update.win32_1.5.0.202011040924/tools/bin/../lib/gcc/arm-none-eabi/7.3.1/../../../../arm-none-eabi/lib/thumb/v7e-m/fpv5/hard\libc_nano.a(lib_a-mprec.o)
                0x000000000800b818                __mcmp
 .text.__mdiff  0x000000000800b84c       0xba c:/st/stm32cubeide_1.3.0/stm32cubeide/plugins/com.st.stm32cube.ide.mcu.externaltools.gnu-tools-for-stm32.7-2018-q2-update.win32_1.5.0.202011040924/tools/bin/../lib/gcc/arm-none-eabi/7.3.1/../../../../arm-none-eabi/lib/thumb/v7e-m/fpv5/hard\libc_nano.a(lib_a-mprec.o)
                0x000000000800b84c                __mdiff
 .text.__d2b    0x000000000800b906       0x9e c:/st/stm32cubeide_1.3.0/stm32cubeide/plugins/com.st.stm32cube.ide.mcu.externaltools.gnu-tools-for-stm32.7-2018-q2-update.win32_1.5.0.202011040924/tools/bin/../lib/gcc/arm-none-eabi/7.3.1/../../../../arm-none-eabi/lib/thumb/v7e-m/fpv5/hard\libc_nano.a(lib_a-mprec.o)
                0x000000000800b906                __d2b
 .text._calloc_r
                0x000000000800b9a4       0x1c c:/st/stm32cubeide_1.3.0/stm32cubeide/plugins/com.st.stm32cube.ide.mcu.externaltools.gnu-tools-for-stm32.7-2018-q2-update.win32_1.5.0.202011040924/tools/bin/../lib/gcc/arm-none-eabi/7.3.1/../../../../arm-none-eabi/lib/thumb/v7e-m/fpv5/hard\libc_nano.a(lib_a-nano-callocr.o)
                0x000000000800b9a4                _calloc_r
 .text.__ssputs_r
                0x000000000800b9c0       0xb4 c:/st/stm32cubeide_1.3.0/stm32cubeide/plugins/com.st.stm32cube.ide.mcu.externaltools.gnu-tools-for-stm32.7-2018-q2-update.win32_1.5.0.202011040924/tools/bin/../lib/gcc/arm-none-eabi/7.3.1/../../../../arm-none-eabi/lib/thumb/v7e-m/fpv5/hard\libc_nano.a(lib_a-nano-svfprintf.o)
                0x000000000800b9c0                __ssputs_r
 .text._svfprintf_r
                0x000000000800ba74      0x1f0 c:/st/stm32cubeide_1.3.0/stm32cubeide/plugins/com.st.stm32cube.ide.mcu.externaltools.gnu-tools-for-stm32.7-2018-q2-update.win32_1.5.0.202011040924/tools/bin/../lib/gcc/arm-none-eabi/7.3.1/../../../../arm-none-eabi/lib/thumb/v7e-m/fpv5/hard\libc_nano.a(lib_a-nano-svfprintf.o)
                0x000000000800ba74                _svfiprintf_r
                0x000000000800ba74                _svfprintf_r
 .text.__ascii_mbtowc
                0x000000000800bc64       0x24 c:/st/stm32cubeide_1.3.0/stm32cubeide/plugins/com.st.stm32cube.ide.mcu.externaltools.gnu-tools-for-stm32.7-2018-q2-update.win32_1.5.0.202011040924/tools/bin/../lib/gcc/arm-none-eabi/7.3.1/../../../../arm-none-eabi/lib/thumb/v7e-m/fpv5/hard\libc_nano.a(lib_a-mbtowc_r.o)
                0x000000000800bc64                __ascii_mbtowc
 .text.memmove  0x000000000800bc88       0x32 c:/st/stm32cubeide_1.3.0/stm32cubeide/plugins/com.st.stm32cube.ide.mcu.externaltools.gnu-tools-for-stm32.7-2018-q2-update.win32_1.5.0.202011040924/tools/bin/../lib/gcc/arm-none-eabi/7.3.1/../../../../arm-none-eabi/lib/thumb/v7e-m/fpv5/hard\libc_nano.a(lib_a-memmove.o)
                0x000000000800bc88                memmove
 .text._realloc_r
                0x000000000800bcba       0x4c c:/st/stm32cubeide_1.3.0/stm32cubeide/plugins/com.st.stm32cube.ide.mcu.externaltools.gnu-tools-for-stm32.7-2018-q2-update.win32_1.5.0.202011040924/tools/bin/../lib/gcc/arm-none-eabi/7.3.1/../../../../arm-none-eabi/lib/thumb/v7e-m/fpv5/hard\libc_nano.a(lib_a-nano-reallocr.o)
                0x000000000800bcba                _realloc_r
 .text.__ascii_wctomb
                0x000000000800bd06       0x1a c:/st/stm32cubeide_1.3.0/stm32cubeide/plugins/com.st.stm32cube.ide.mcu.externaltools.gnu-tools-for-stm32.7-2018-q2-update.win32_1.5.0.202011040924/tools/bin/../lib/gcc/arm-none-eabi/7.3.1/../../../../arm-none-eabi/lib/thumb/v7e-m/fpv5/hard\libc_nano.a(lib_a-wctomb_r.o)
                0x000000000800bd06                __ascii_wctomb
 .text._malloc_usable_size_r
                0x000000000800bd20       0x10 c:/st/stm32cubeide_1.3.0/stm32cubeide/plugins/com.st.stm32cube.ide.mcu.externaltools.gnu-tools-for-stm32.7-2018-q2-update.win32_1.5.0.202011040924/tools/bin/../lib/gcc/arm-none-eabi/7.3.1/../../../../arm-none-eabi/lib/thumb/v7e-m/fpv5/hard\libc_nano.a(lib_a-nano-msizer.o)
                0x000000000800bd20                _malloc_usable_size_r
 .text.cos      0x000000000800bd30       0x78 c:/st/stm32cubeide_1.3.0/stm32cubeide/plugins/com.st.stm32cube.ide.mcu.externaltools.gnu-tools-for-stm32.7-2018-q2-update.win32_1.5.0.202011040924/tools/bin/../lib/gcc/arm-none-eabi/7.3.1/../../../../arm-none-eabi/lib/thumb/v7e-m/fpv5/hard\libm.a(lib_a-s_cos.o)
                0x000000000800bd30                cos
 .text.sin      0x000000000800bda8       0x78 c:/st/stm32cubeide_1.3.0/stm32cubeide/plugins/com.st.stm32cube.ide.mcu.externaltools.gnu-tools-for-stm32.7-2018-q2-update.win32_1.5.0.202011040924/tools/bin/../lib/gcc/arm-none-eabi/7.3.1/../../../../arm-none-eabi/lib/thumb/v7e-m/fpv5/hard\libm.a(lib_a-s_sin.o)
                0x000000000800bda8                sin
 .text.log10    0x000000000800be20       0xdc c:/st/stm32cubeide_1.3.0/stm32cubeide/plugins/com.st.stm32cube.ide.mcu.externaltools.gnu-tools-for-stm32.7-2018-q2-update.win32_1.5.0.202011040924/tools/bin/../lib/gcc/arm-none-eabi/7.3.1/../../../../arm-none-eabi/lib/thumb/v7e-m/fpv5/hard\libm.a(lib_a-w_log10.o)
                0x000000000800be20                log10
 *fill*         0x000000000800befc        0x4 
 .text.pow      0x000000000800bf00      0x25c c:/st/stm32cubeide_1.3.0/stm32cubeide/plugins/com.st.stm32cube.ide.mcu.externaltools.gnu-tools-for-stm32.7-2018-q2-update.win32_1.5.0.202011040924/tools/bin/../lib/gcc/arm-none-eabi/7.3.1/../../../../arm-none-eabi/lib/thumb/v7e-m/fpv5/hard\libm.a(lib_a-w_pow.o)
                0x000000000800bf00                pow
 *fill*         0x000000000800c15c        0x4 
 .text.__ieee754_log10
                0x000000000800c160       0xec c:/st/stm32cubeide_1.3.0/stm32cubeide/plugins/com.st.stm32cube.ide.mcu.externaltools.gnu-tools-for-stm32.7-2018-q2-update.win32_1.5.0.202011040924/tools/bin/../lib/gcc/arm-none-eabi/7.3.1/../../../../arm-none-eabi/lib/thumb/v7e-m/fpv5/hard\libm.a(lib_a-e_log10.o)
                0x000000000800c160                __ieee754_log10
 *fill*         0x000000000800c24c        0x4 
 .text.__ieee754_pow
                0x000000000800c250      0x70c c:/st/stm32cubeide_1.3.0/stm32cubeide/plugins/com.st.stm32cube.ide.mcu.externaltools.gnu-tools-for-stm32.7-2018-q2-update.win32_1.5.0.202011040924/tools/bin/../lib/gcc/arm-none-eabi/7.3.1/../../../../arm-none-eabi/lib/thumb/v7e-m/fpv5/hard\libm.a(lib_a-e_pow.o)
                0x000000000800c250                __ieee754_pow
 *fill*         0x000000000800c95c        0x4 
 .text.__ieee754_rem_pio2
                0x000000000800c960      0x278 c:/st/stm32cubeide_1.3.0/stm32cubeide/plugins/com.st.stm32cube.ide.mcu.externaltools.gnu-tools-for-stm32.7-2018-q2-update.win32_1.5.0.202011040924/tools/bin/../lib/gcc/arm-none-eabi/7.3.1/../../../../arm-none-eabi/lib/thumb/v7e-m/fpv5/hard\libm.a(lib_a-e_rem_pio2.o)
                0x000000000800c960                __ieee754_rem_pio2
 .text.__ieee754_sqrt
                0x000000000800cbd8        0x6 c:/st/stm32cubeide_1.3.0/stm32cubeide/plugins/com.st.stm32cube.ide.mcu.externaltools.gnu-tools-for-stm32.7-2018-q2-update.win32_1.5.0.202011040924/tools/bin/../lib/gcc/arm-none-eabi/7.3.1/../../../../arm-none-eabi/lib/thumb/v7e-m/fpv5/hard\libm.a(lib_a-e_sqrt.o)
                0x000000000800cbd8                __ieee754_sqrt
 *fill*         0x000000000800cbde        0x2 
 .text.__kernel_cos
                0x000000000800cbe0       0xd8 c:/st/stm32cubeide_1.3.0/stm32cubeide/plugins/com.st.stm32cube.ide.mcu.externaltools.gnu-tools-for-stm32.7-2018-q2-update.win32_1.5.0.202011040924/tools/bin/../lib/gcc/arm-none-eabi/7.3.1/../../../../arm-none-eabi/lib/thumb/v7e-m/fpv5/hard\libm.a(lib_a-k_cos.o)
                0x000000000800cbe0                __kernel_cos
 .text.__kernel_rem_pio2
                0x000000000800ccb8      0x538 c:/st/stm32cubeide_1.3.0/stm32cubeide/plugins/com.st.stm32cube.ide.mcu.externaltools.gnu-tools-for-stm32.7-2018-q2-update.win32_1.5.0.202011040924/tools/bin/../lib/gcc/arm-none-eabi/7.3.1/../../../../arm-none-eabi/lib/thumb/v7e-m/fpv5/hard\libm.a(lib_a-k_rem_pio2.o)
                0x000000000800ccb8                __kernel_rem_pio2
 .text.__kernel_sin
                0x000000000800d1f0       0xb0 c:/st/stm32cubeide_1.3.0/stm32cubeide/plugins/com.st.stm32cube.ide.mcu.externaltools.gnu-tools-for-stm32.7-2018-q2-update.win32_1.5.0.202011040924/tools/bin/../lib/gcc/arm-none-eabi/7.3.1/../../../../arm-none-eabi/lib/thumb/v7e-m/fpv5/hard\libm.a(lib_a-k_sin.o)
                0x000000000800d1f0                __kernel_sin
 .text.fabs     0x000000000800d2a0       0x12 c:/st/stm32cubeide_1.3.0/stm32cubeide/plugins/com.st.stm32cube.ide.mcu.externaltools.gnu-tools-for-stm32.7-2018-q2-update.win32_1.5.0.202011040924/tools/bin/../lib/gcc/arm-none-eabi/7.3.1/../../../../arm-none-eabi/lib/thumb/v7e-m/fpv5/hard\libm.a(lib_a-s_fabs.o)
                0x000000000800d2a0                fabs
 .text.finite   0x000000000800d2b2       0x10 c:/st/stm32cubeide_1.3.0/stm32cubeide/plugins/com.st.stm32cube.ide.mcu.externaltools.gnu-tools-for-stm32.7-2018-q2-update.win32_1.5.0.202011040924/tools/bin/../lib/gcc/arm-none-eabi/7.3.1/../../../../arm-none-eabi/lib/thumb/v7e-m/fpv5/hard\libm.a(lib_a-s_finite.o)
                0x000000000800d2b2                finite
 *fill*         0x000000000800d2c2        0x6 
 .text.floor    0x000000000800d2c8       0xf0 c:/st/stm32cubeide_1.3.0/stm32cubeide/plugins/com.st.stm32cube.ide.mcu.externaltools.gnu-tools-for-stm32.7-2018-q2-update.win32_1.5.0.202011040924/tools/bin/../lib/gcc/arm-none-eabi/7.3.1/../../../../arm-none-eabi/lib/thumb/v7e-m/fpv5/hard\libm.a(lib_a-s_floor.o)
                0x000000000800d2c8                floor
 .text.matherr  0x000000000800d3b8        0x4 c:/st/stm32cubeide_1.3.0/stm32cubeide/plugins/com.st.stm32cube.ide.mcu.externaltools.gnu-tools-for-stm32.7-2018-q2-update.win32_1.5.0.202011040924/tools/bin/../lib/gcc/arm-none-eabi/7.3.1/../../../../arm-none-eabi/lib/thumb/v7e-m/fpv5/hard\libm.a(lib_a-s_matherr.o)
                0x000000000800d3b8                matherr
 *fill*         0x000000000800d3bc        0x4 
 .text.nan      0x000000000800d3c0       0x10 c:/st/stm32cubeide_1.3.0/stm32cubeide/plugins/com.st.stm32cube.ide.mcu.externaltools.gnu-tools-for-stm32.7-2018-q2-update.win32_1.5.0.202011040924/tools/bin/../lib/gcc/arm-none-eabi/7.3.1/../../../../arm-none-eabi/lib/thumb/v7e-m/fpv5/hard\libm.a(lib_a-s_nan.o)
                0x000000000800d3c0                nan
 .text.rint     0x000000000800d3d0      0x114 c:/st/stm32cubeide_1.3.0/stm32cubeide/plugins/com.st.stm32cube.ide.mcu.externaltools.gnu-tools-for-stm32.7-2018-q2-update.win32_1.5.0.202011040924/tools/bin/../lib/gcc/arm-none-eabi/7.3.1/../../../../arm-none-eabi/lib/thumb/v7e-m/fpv5/hard\libm.a(lib_a-s_rint.o)
                0x000000000800d3d0                rint
 *fill*         0x000000000800d4e4        0x4 
 .text.scalbn   0x000000000800d4e8       0xfc c:/st/stm32cubeide_1.3.0/stm32cubeide/plugins/com.st.stm32cube.ide.mcu.externaltools.gnu-tools-for-stm32.7-2018-q2-update.win32_1.5.0.202011040924/tools/bin/../lib/gcc/arm-none-eabi/7.3.1/../../../../arm-none-eabi/lib/thumb/v7e-m/fpv5/hard\libm.a(lib_a-s_scalbn.o)
                0x000000000800d4e8                scalbn
 *fill*         0x000000000800d5e4        0x4 
 .text.__ieee754_log
                0x000000000800d5e8      0x234 c:/st/stm32cubeide_1.3.0/stm32cubeide/plugins/com.st.stm32cube.ide.mcu.externaltools.gnu-tools-for-stm32.7-2018-q2-update.win32_1.5.0.202011040924/tools/bin/../lib/gcc/arm-none-eabi/7.3.1/../../../../arm-none-eabi/lib/thumb/v7e-m/fpv5/hard\libm.a(lib_a-e_log.o)
                0x000000000800d5e8                __ieee754_log
 .text.copysign
                0x000000000800d81c       0x1e c:/st/stm32cubeide_1.3.0/stm32cubeide/plugins/com.st.stm32cube.ide.mcu.externaltools.gnu-tools-for-stm32.7-2018-q2-update.win32_1.5.0.202011040924/tools/bin/../lib/gcc/arm-none-eabi/7.3.1/../../../../arm-none-eabi/lib/thumb/v7e-m/fpv5/hard\libm.a(lib_a-s_copysign.o)
                0x000000000800d81c                copysign
 *(.glue_7)
 .glue_7        0x000000000800d83a        0x0 linker stubs
 *(.glue_7t)
 .glue_7t       0x000000000800d83a        0x0 linker stubs
 *(.eh_frame)
 *fill*         0x000000000800d83a        0x2 
 .eh_frame      0x000000000800d83c        0x0 c:/st/stm32cubeide_1.3.0/stm32cubeide/plugins/com.st.stm32cube.ide.mcu.externaltools.gnu-tools-for-stm32.7-2018-q2-update.win32_1.5.0.202011040924/tools/bin/../lib/gcc/arm-none-eabi/7.3.1/thumb/v7e-m/fpv5/hard/crtbegin.o
 *(.init)
 .init          0x000000000800d83c        0x4 c:/st/stm32cubeide_1.3.0/stm32cubeide/plugins/com.st.stm32cube.ide.mcu.externaltools.gnu-tools-for-stm32.7-2018-q2-update.win32_1.5.0.202011040924/tools/bin/../lib/gcc/arm-none-eabi/7.3.1/thumb/v7e-m/fpv5/hard/crti.o
                0x000000000800d83c                _init
 .init          0x000000000800d840        0x8 c:/st/stm32cubeide_1.3.0/stm32cubeide/plugins/com.st.stm32cube.ide.mcu.externaltools.gnu-tools-for-stm32.7-2018-q2-update.win32_1.5.0.202011040924/tools/bin/../lib/gcc/arm-none-eabi/7.3.1/thumb/v7e-m/fpv5/hard/crtn.o
 *(.fini)
 .fini          0x000000000800d848        0x4 c:/st/stm32cubeide_1.3.0/stm32cubeide/plugins/com.st.stm32cube.ide.mcu.externaltools.gnu-tools-for-stm32.7-2018-q2-update.win32_1.5.0.202011040924/tools/bin/../lib/gcc/arm-none-eabi/7.3.1/thumb/v7e-m/fpv5/hard/crti.o
                0x000000000800d848                _fini
 .fini          0x000000000800d84c        0x8 c:/st/stm32cubeide_1.3.0/stm32cubeide/plugins/com.st.stm32cube.ide.mcu.externaltools.gnu-tools-for-stm32.7-2018-q2-update.win32_1.5.0.202011040924/tools/bin/../lib/gcc/arm-none-eabi/7.3.1/thumb/v7e-m/fpv5/hard/crtn.o
                0x000000000800d854                . = ALIGN (0x4)
                0x000000000800d854                _etext = .

.vfp11_veneer   0x000000000800d854        0x0
 .vfp11_veneer  0x000000000800d854        0x0 linker stubs

.v4_bx          0x000000000800d854        0x0
 .v4_bx         0x000000000800d854        0x0 linker stubs

.iplt           0x000000000800d854        0x0
 .iplt          0x000000000800d854        0x0 c:/st/stm32cubeide_1.3.0/stm32cubeide/plugins/com.st.stm32cube.ide.mcu.externaltools.gnu-tools-for-stm32.7-2018-q2-update.win32_1.5.0.202011040924/tools/bin/../lib/gcc/arm-none-eabi/7.3.1/thumb/v7e-m/fpv5/hard/crtbegin.o

.rodata         0x000000000800d858     0x2638
                0x000000000800d858                . = ALIGN (0x4)
 *(.rodata)
 *(.rodata*)
 .rodata.FFTmaskAM_I
                0x000000000800d858     0x1000 Core/Src/SDR_func.o
                0x000000000800d858                FFTmaskAM_I
 .rodata.FFTmaskAM_R
                0x000000000800e858     0x1000 Core/Src/SDR_func.o
                0x000000000800e858                FFTmaskAM_R
 .rodata.pBws   0x000000000800f858        0xe Core/Src/SDR_func.o
 *fill*         0x000000000800f866        0x2 
 .rodata.pFreqs
                0x000000000800f868       0x38 Core/Src/SDR_func.o
 .rodata.pModes
                0x000000000800f8a0        0xe Core/Src/SDR_func.o
 *fill*         0x000000000800f8ae        0x2 
 .rodata.DisplayStatus.str1.4
                0x000000000800f8b0       0x9a Core/Src/main.o
 *fill*         0x000000000800f94a        0x2 
 .rodata.UserInput.str1.4
                0x000000000800f94c        0xa Core/Src/main.o
 *fill*         0x000000000800f956        0x2 
 .rodata.D1CorePrescTable
                0x000000000800f958       0x10 Core/Src/system_stm32h7xx.o
                0x000000000800f958                D1CorePrescTable
 .rodata.flagBitshiftOffset.12311
                0x000000000800f968        0x8 Drivers/STM32H7xx_HAL_Driver/Src/stm32h7xx_hal_dma.o
 .rodata.CSWTCH.61
                0x000000000800f970       0x29 Drivers/STM32H7xx_HAL_Driver/Src/stm32h7xx_hal_uart.o
 *fill*         0x000000000800f999        0x3 
 .rodata.CSWTCH.62
                0x000000000800f99c        0x6 Drivers/STM32H7xx_HAL_Driver/Src/stm32h7xx_hal_uart.o
 *fill*         0x000000000800f9a2        0x2 
 .rodata.CSWTCH.69
                0x000000000800f9a4        0x6 Drivers/STM32H7xx_HAL_Driver/Src/stm32h7xx_hal_uart.o
 *fill*         0x000000000800f9aa        0x2 
 .rodata.UARTPrescTable
                0x000000000800f9ac       0x18 Drivers/STM32H7xx_HAL_Driver/Src/stm32h7xx_hal_uart.o
                0x000000000800f9ac                UARTPrescTable
 .rodata.USBD_FS_ConfigStrDescriptor.str1.4
                0x000000000800f9c4        0xb USB_DEVICE/App/usbd_desc.o
 *fill*         0x000000000800f9cf        0x1 
 .rodata.USBD_FS_InterfaceStrDescriptor.str1.4
                0x000000000800f9d0        0xe USB_DEVICE/App/usbd_desc.o
 *fill*         0x000000000800f9de        0x2 
 .rodata.USBD_FS_ManufacturerStrDescriptor.str1.4
                0x000000000800f9e0       0x13 USB_DEVICE/App/usbd_desc.o
 *fill*         0x000000000800f9f3        0x1 
 .rodata.USBD_FS_ProductStrDescriptor.str1.4
                0x000000000800f9f4       0x18 USB_DEVICE/App/usbd_desc.o
                                         0x16 (size before relaxing)
 .rodata.CSWTCH.21
                0x000000000800fa0c        0x4 USB_DEVICE/Target/usbd_conf.o
 .rodata._printf_float.str1.1
                0x000000000800fa10       0x10 c:/st/stm32cubeide_1.3.0/stm32cubeide/plugins/com.st.stm32cube.ide.mcu.externaltools.gnu-tools-for-stm32.7-2018-q2-update.win32_1.5.0.202011040924/tools/bin/../lib/gcc/arm-none-eabi/7.3.1/../../../../arm-none-eabi/lib/thumb/v7e-m/fpv5/hard\libc_nano.a(lib_a-nano-vfprintf_float.o)
                                         0x12 (size before relaxing)
 .rodata._printf_i.str1.1
                0x000000000800fa20       0x22 c:/st/stm32cubeide_1.3.0/stm32cubeide/plugins/com.st.stm32cube.ide.mcu.externaltools.gnu-tools-for-stm32.7-2018-q2-update.win32_1.5.0.202011040924/tools/bin/../lib/gcc/arm-none-eabi/7.3.1/../../../../arm-none-eabi/lib/thumb/v7e-m/fpv5/hard\libc_nano.a(lib_a-nano-vfprintf_i.o)
 .rodata._dtoa_r.str1.1
                0x000000000800fa42        0xd c:/st/stm32cubeide_1.3.0/stm32cubeide/plugins/com.st.stm32cube.ide.mcu.externaltools.gnu-tools-for-stm32.7-2018-q2-update.win32_1.5.0.202011040924/tools/bin/../lib/gcc/arm-none-eabi/7.3.1/../../../../arm-none-eabi/lib/thumb/v7e-m/fpv5/hard\libc_nano.a(lib_a-dtoa.o)
                                          0xf (size before relaxing)
 *fill*         0x000000000800fa4f        0x1 
 .rodata.__mprec_bigtens
                0x000000000800fa50       0x28 c:/st/stm32cubeide_1.3.0/stm32cubeide/plugins/com.st.stm32cube.ide.mcu.externaltools.gnu-tools-for-stm32.7-2018-q2-update.win32_1.5.0.202011040924/tools/bin/../lib/gcc/arm-none-eabi/7.3.1/../../../../arm-none-eabi/lib/thumb/v7e-m/fpv5/hard\libc_nano.a(lib_a-mprec.o)
                0x000000000800fa50                __mprec_bigtens
 .rodata.__mprec_tens
                0x000000000800fa78       0xc8 c:/st/stm32cubeide_1.3.0/stm32cubeide/plugins/com.st.stm32cube.ide.mcu.externaltools.gnu-tools-for-stm32.7-2018-q2-update.win32_1.5.0.202011040924/tools/bin/../lib/gcc/arm-none-eabi/7.3.1/../../../../arm-none-eabi/lib/thumb/v7e-m/fpv5/hard\libc_nano.a(lib_a-mprec.o)
                0x000000000800fa78                __mprec_tens
 .rodata.p05.7359
                0x000000000800fb40        0xc c:/st/stm32cubeide_1.3.0/stm32cubeide/plugins/com.st.stm32cube.ide.mcu.externaltools.gnu-tools-for-stm32.7-2018-q2-update.win32_1.5.0.202011040924/tools/bin/../lib/gcc/arm-none-eabi/7.3.1/../../../../arm-none-eabi/lib/thumb/v7e-m/fpv5/hard\libc_nano.a(lib_a-mprec.o)
 .rodata._svfprintf_r.str1.1
                0x000000000800fb4c       0x11 c:/st/stm32cubeide_1.3.0/stm32cubeide/plugins/com.st.stm32cube.ide.mcu.externaltools.gnu-tools-for-stm32.7-2018-q2-update.win32_1.5.0.202011040924/tools/bin/../lib/gcc/arm-none-eabi/7.3.1/../../../../arm-none-eabi/lib/thumb/v7e-m/fpv5/hard\libc_nano.a(lib_a-nano-svfprintf.o)
 .rodata._setlocale_r.str1.1
                0x000000000800fb5d        0x8 c:/st/stm32cubeide_1.3.0/stm32cubeide/plugins/com.st.stm32cube.ide.mcu.externaltools.gnu-tools-for-stm32.7-2018-q2-update.win32_1.5.0.202011040924/tools/bin/../lib/gcc/arm-none-eabi/7.3.1/../../../../arm-none-eabi/lib/thumb/v7e-m/fpv5/hard\libc_nano.a(lib_a-locale.o)
                                          0x9 (size before relaxing)
 .rodata.str1.1
                0x000000000800fb65        0x2 c:/st/stm32cubeide_1.3.0/stm32cubeide/plugins/com.st.stm32cube.ide.mcu.externaltools.gnu-tools-for-stm32.7-2018-q2-update.win32_1.5.0.202011040924/tools/bin/../lib/gcc/arm-none-eabi/7.3.1/../../../../arm-none-eabi/lib/thumb/v7e-m/fpv5/hard\libc_nano.a(lib_a-locale.o)
 .rodata._ctype_
                0x000000000800fb67      0x101 c:/st/stm32cubeide_1.3.0/stm32cubeide/plugins/com.st.stm32cube.ide.mcu.externaltools.gnu-tools-for-stm32.7-2018-q2-update.win32_1.5.0.202011040924/tools/bin/../lib/gcc/arm-none-eabi/7.3.1/../../../../arm-none-eabi/lib/thumb/v7e-m/fpv5/hard\libc_nano.a(lib_a-ctype_.o)
                0x000000000800fb67                _ctype_
 .rodata.log10.str1.1
                0x000000000800fc68        0x6 c:/st/stm32cubeide_1.3.0/stm32cubeide/plugins/com.st.stm32cube.ide.mcu.externaltools.gnu-tools-for-stm32.7-2018-q2-update.win32_1.5.0.202011040924/tools/bin/../lib/gcc/arm-none-eabi/7.3.1/../../../../arm-none-eabi/lib/thumb/v7e-m/fpv5/hard\libm.a(lib_a-w_log10.o)
                                          0x7 (size before relaxing)
 .rodata.pow.str1.1
                0x000000000800fc6e        0x4 c:/st/stm32cubeide_1.3.0/stm32cubeide/plugins/com.st.stm32cube.ide.mcu.externaltools.gnu-tools-for-stm32.7-2018-q2-update.win32_1.5.0.202011040924/tools/bin/../lib/gcc/arm-none-eabi/7.3.1/../../../../arm-none-eabi/lib/thumb/v7e-m/fpv5/hard\libm.a(lib_a-w_pow.o)
 .rodata.__ieee754_pow.str1.1
                0x000000000800fc72        0x1 c:/st/stm32cubeide_1.3.0/stm32cubeide/plugins/com.st.stm32cube.ide.mcu.externaltools.gnu-tools-for-stm32.7-2018-q2-update.win32_1.5.0.202011040924/tools/bin/../lib/gcc/arm-none-eabi/7.3.1/../../../../arm-none-eabi/lib/thumb/v7e-m/fpv5/hard\libm.a(lib_a-e_pow.o)
 *fill*         0x000000000800fc72        0x6 
 .rodata.bp     0x000000000800fc78       0x10 c:/st/stm32cubeide_1.3.0/stm32cubeide/plugins/com.st.stm32cube.ide.mcu.externaltools.gnu-tools-for-stm32.7-2018-q2-update.win32_1.5.0.202011040924/tools/bin/../lib/gcc/arm-none-eabi/7.3.1/../../../../arm-none-eabi/lib/thumb/v7e-m/fpv5/hard\libm.a(lib_a-e_pow.o)
 .rodata.dp_h   0x000000000800fc88       0x10 c:/st/stm32cubeide_1.3.0/stm32cubeide/plugins/com.st.stm32cube.ide.mcu.externaltools.gnu-tools-for-stm32.7-2018-q2-update.win32_1.5.0.202011040924/tools/bin/../lib/gcc/arm-none-eabi/7.3.1/../../../../arm-none-eabi/lib/thumb/v7e-m/fpv5/hard\libm.a(lib_a-e_pow.o)
 .rodata.dp_l   0x000000000800fc98       0x10 c:/st/stm32cubeide_1.3.0/stm32cubeide/plugins/com.st.stm32cube.ide.mcu.externaltools.gnu-tools-for-stm32.7-2018-q2-update.win32_1.5.0.202011040924/tools/bin/../lib/gcc/arm-none-eabi/7.3.1/../../../../arm-none-eabi/lib/thumb/v7e-m/fpv5/hard\libm.a(lib_a-e_pow.o)
 .rodata.npio2_hw
                0x000000000800fca8       0x80 c:/st/stm32cubeide_1.3.0/stm32cubeide/plugins/com.st.stm32cube.ide.mcu.externaltools.gnu-tools-for-stm32.7-2018-q2-update.win32_1.5.0.202011040924/tools/bin/../lib/gcc/arm-none-eabi/7.3.1/../../../../arm-none-eabi/lib/thumb/v7e-m/fpv5/hard\libm.a(lib_a-e_rem_pio2.o)
 .rodata.two_over_pi
                0x000000000800fd28      0x108 c:/st/stm32cubeide_1.3.0/stm32cubeide/plugins/com.st.stm32cube.ide.mcu.externaltools.gnu-tools-for-stm32.7-2018-q2-update.win32_1.5.0.202011040924/tools/bin/../lib/gcc/arm-none-eabi/7.3.1/../../../../arm-none-eabi/lib/thumb/v7e-m/fpv5/hard\libm.a(lib_a-e_rem_pio2.o)
 .rodata.PIo2   0x000000000800fe30       0x40 c:/st/stm32cubeide_1.3.0/stm32cubeide/plugins/com.st.stm32cube.ide.mcu.externaltools.gnu-tools-for-stm32.7-2018-q2-update.win32_1.5.0.202011040924/tools/bin/../lib/gcc/arm-none-eabi/7.3.1/../../../../arm-none-eabi/lib/thumb/v7e-m/fpv5/hard\libm.a(lib_a-k_rem_pio2.o)
 .rodata.init_jk
                0x000000000800fe70       0x10 c:/st/stm32cubeide_1.3.0/stm32cubeide/plugins/com.st.stm32cube.ide.mcu.externaltools.gnu-tools-for-stm32.7-2018-q2-update.win32_1.5.0.202011040924/tools/bin/../lib/gcc/arm-none-eabi/7.3.1/../../../../arm-none-eabi/lib/thumb/v7e-m/fpv5/hard\libm.a(lib_a-k_rem_pio2.o)
 .rodata.TWO52  0x000000000800fe80       0x10 c:/st/stm32cubeide_1.3.0/stm32cubeide/plugins/com.st.stm32cube.ide.mcu.externaltools.gnu-tools-for-stm32.7-2018-q2-update.win32_1.5.0.202011040924/tools/bin/../lib/gcc/arm-none-eabi/7.3.1/../../../../arm-none-eabi/lib/thumb/v7e-m/fpv5/hard\libm.a(lib_a-s_rint.o)