Archive member included to satisfy reference by file (symbol)

C:\Users\alberto\STM32Cube\Repository\STM32Cube_FW_H7_V1.7.0\Drivers\CMSIS/Lib/GCC\libarm_cortexM7lfsp_math.a(arm_const_structs.o)
                              Core/Src/SDR_func.o (arm_cfft_sR_f32_len1024)
C:\Users\alberto\STM32Cube\Repository\STM32Cube_FW_H7_V1.7.0\Drivers\CMSIS/Lib/GCC\libarm_cortexM7lfsp_math.a(arm_common_tables.o)
                              C:\Users\alberto\STM32Cube\Repository\STM32Cube_FW_H7_V1.7.0\Drivers\CMSIS/Lib/GCC\libarm_cortexM7lfsp_math.a(arm_const_structs.o) (twiddleCoef_rfft_4096)
C:\Users\alberto\STM32Cube\Repository\STM32Cube_FW_H7_V1.7.0\Drivers\CMSIS/Lib/GCC\libarm_cortexM7lfsp_math.a(arm_cfft_f32.o)
                              Core/Src/SDR_func.o (arm_cfft_f32)
C:\Users\alberto\STM32Cube\Repository\STM32Cube_FW_H7_V1.7.0\Drivers\CMSIS/Lib/GCC\libarm_cortexM7lfsp_math.a(arm_rfft_init_q31.o)
                              C:\Users\alberto\STM32Cube\Repository\STM32Cube_FW_H7_V1.7.0\Drivers\CMSIS/Lib/GCC\libarm_cortexM7lfsp_math.a(arm_const_structs.o) (realCoefBQ31)
C:\Users\alberto\STM32Cube\Repository\STM32Cube_FW_H7_V1.7.0\Drivers\CMSIS/Lib/GCC\libarm_cortexM7lfsp_math.a(arm_rfft_init_q15.o)
                              C:\Users\alberto\STM32Cube\Repository\STM32Cube_FW_H7_V1.7.0\Drivers\CMSIS/Lib/GCC\libarm_cortexM7lfsp_math.a(arm_const_structs.o) (realCoefBQ15)
C:\Users\alberto\STM32Cube\Repository\STM32Cube_FW_H7_V1.7.0\Drivers\CMSIS/Lib/GCC\libarm_cortexM7lfsp_math.a(arm_fir_decimate_init_f32.o)
                              Core/Src/main.o (arm_fir_decimate_init_f32)
C:\Users\alberto\STM32Cube\Repository\STM32Cube_FW_H7_V1.7.0\Drivers\CMSIS/Lib/GCC\libarm_cortexM7lfsp_math.a(arm_fir_decimate_f32.o)
                              Core/Src/SDR_func.o (arm_fir_decimate_f32)
C:\Users\alberto\STM32Cube\Repository\STM32Cube_FW_H7_V1.7.0\Drivers\CMSIS/Lib/GCC\libarm_cortexM7lfsp_math.a(arm_cmplx_mult_cmplx_f32.o)
                              Core/Src/SDR_func.o (arm_cmplx_mult_cmplx_f32)
C:\Users\alberto\STM32Cube\Repository\STM32Cube_FW_H7_V1.7.0\Drivers\CMSIS/Lib/GCC\libarm_cortexM7lfsp_math.a(arm_bitreversal2.o)
                              C:\Users\alberto\STM32Cube\Repository\STM32Cube_FW_H7_V1.7.0\Drivers\CMSIS/Lib/GCC\libarm_cortexM7lfsp_math.a(arm_cfft_f32.o) (arm_bitreversal_32)
C:\Users\alberto\STM32Cube\Repository\STM32Cube_FW_H7_V1.7.0\Drivers\CMSIS/Lib/GCC\libarm_cortexM7lfsp_math.a(arm_cfft_radix8_f32.o)
                              C:\Users\alberto\STM32Cube\Repository\STM32Cube_FW_H7_V1.7.0\Drivers\CMSIS/Lib/GCC\libarm_cortexM7lfsp_math.a(arm_cfft_f32.o) (arm_radix8_butterfly_f32)
c:/st/stm32cubeide_1.3.0/stm32cubeide/plugins/com.st.stm32cube.ide.mcu.externaltools.gnu-tools-for-stm32.7-2018-q2-update.win32_1.5.0.202011040924/tools/bin/../lib/gcc/arm-none-eabi/7.3.1/../../../../arm-none-eabi/lib/thumb/v7e-m/fpv5/hard\libc_nano.a(lib_a-errno.o)
                              Core/Src/syscalls.o (__errno)
c:/st/stm32cubeide_1.3.0/stm32cubeide/plugins/com.st.stm32cube.ide.mcu.externaltools.gnu-tools-for-stm32.7-2018-q2-update.win32_1.5.0.202011040924/tools/bin/../lib/gcc/arm-none-eabi/7.3.1/../../../../arm-none-eabi/lib/thumb/v7e-m/fpv5/hard\libc_nano.a(lib_a-exit.o)
                              c:/st/stm32cubeide_1.3.0/stm32cubeide/plugins/com.st.stm32cube.ide.mcu.externaltools.gnu-tools-for-stm32.7-2018-q2-update.win32_1.5.0.202011040924/tools/bin/../lib/gcc/arm-none-eabi/7.3.1/../../../../arm-none-eabi/lib/thumb/v7e-m/fpv5/hard/crt0.o (exit)
c:/st/stm32cubeide_1.3.0/stm32cubeide/plugins/com.st.stm32cube.ide.mcu.externaltools.gnu-tools-for-stm32.7-2018-q2-update.win32_1.5.0.202011040924/tools/bin/../lib/gcc/arm-none-eabi/7.3.1/../../../../arm-none-eabi/lib/thumb/v7e-m/fpv5/hard\libc_nano.a(lib_a-impure.o)
                              c:/st/stm32cubeide_1.3.0/stm32cubeide/plugins/com.st.stm32cube.ide.mcu.externaltools.gnu-tools-for-stm32.7-2018-q2-update.win32_1.5.0.202011040924/tools/bin/../lib/gcc/arm-none-eabi/7.3.1/../../../../arm-none-eabi/lib/thumb/v7e-m/fpv5/hard\libc_nano.a(lib_a-exit.o) (_global_impure_ptr)
c:/st/stm32cubeide_1.3.0/stm32cubeide/plugins/com.st.stm32cube.ide.mcu.externaltools.gnu-tools-for-stm32.7-2018-q2-update.win32_1.5.0.202011040924/tools/bin/../lib/gcc/arm-none-eabi/7.3.1/../../../../arm-none-eabi/lib/thumb/v7e-m/fpv5/hard\libc_nano.a(lib_a-init.o)
                              c:/st/stm32cubeide_1.3.0/stm32cubeide/plugins/com.st.stm32cube.ide.mcu.externaltools.gnu-tools-for-stm32.7-2018-q2-update.win32_1.5.0.202011040924/tools/bin/../lib/gcc/arm-none-eabi/7.3.1/../../../../arm-none-eabi/lib/thumb/v7e-m/fpv5/hard/crt0.o (__libc_init_array)
c:/st/stm32cubeide_1.3.0/stm32cubeide/plugins/com.st.stm32cube.ide.mcu.externaltools.gnu-tools-for-stm32.7-2018-q2-update.win32_1.5.0.202011040924/tools/bin/../lib/gcc/arm-none-eabi/7.3.1/../../../../arm-none-eabi/lib/thumb/v7e-m/fpv5/hard\libc_nano.a(lib_a-memset.o)
[...]
Memory Configuration

Name             Origin             Length             Attributes
DTCMRAM          0x0000000020000000 0x0000000000020000 xrw
ITCMRAM          0x0000000000000000 0x0000000000010000 xrw
RAM_D1           0x0000000024000000 0x0000000000080000 xrw
RAM_D2           0x0000000030000000 0x0000000000048000 xrw
RAM_D3           0x0000000038000000 0x0000000000010000 xrw
FLASH            0x0000000008000000 0x0000000000020000 xr
*default*        0x0000000000000000 0xffffffffffffffff

Linker script and memory map

LOAD c:/st/stm32cubeide_1.3.0/stm32cubeide/plugins/com.st.stm32cube.ide.mcu.externaltools.gnu-tools-for-stm32.7-2018-q2-update.win32_1.5.0.202011040924/tools/bin/../lib/gcc/arm-none-eabi/7.3.1/thumb/v7e-m/fpv5/hard/crti.o
LOAD c:/st/stm32cubeide_1.3.0/stm32cubeide/plugins/com.st.stm32cube.ide.mcu.externaltools.gnu-tools-for-stm32.7-2018-q2-update.win32_1.5.0.202011040924/tools/bin/../lib/gcc/arm-none-eabi/7.3.1/thumb/v7e-m/fpv5/hard/crtbegin.o
LOAD c:/st/stm32cubeide_1.3.0/stm32cubeide/plugins/com.st.stm32cube.ide.mcu.externaltools.gnu-tools-for-stm32.7-2018-q2-update.win32_1.5.0.202011040924/tools/bin/../lib/gcc/arm-none-eabi/7.3.1/../../../../arm-none-eabi/lib/thumb/v7e-m/fpv5/hard/crt0.o
LOAD Core/Src/SDR_func.o
LOAD Core/Src/SDR_math.o
LOAD Core/Src/main.o
LOAD Core/Src/stm32h7xx_hal_msp.o
LOAD Core/Src/stm32h7xx_it.o
LOAD Core/Src/syscalls.o
LOAD Core/Src/sysmem.o
LOAD Core/Src/system_stm32h7xx.o
LOAD Core/Startup/startup_stm32h750vbtx.o
LOAD Drivers/STM32H7xx_HAL_Driver/Src/stm32h7xx_hal.o
LOAD Drivers/STM32H7xx_HAL_Driver/Src/stm32h7xx_hal_adc.o
LOAD Drivers/STM32H7xx_HAL_Driver/Src/stm32h7xx_hal_adc_ex.o
LOAD Drivers/STM32H7xx_HAL_Driver/Src/stm32h7xx_hal_cortex.o
LOAD Drivers/STM32H7xx_HAL_Driver/Src/stm32h7xx_hal_dac.o
LOAD Drivers/STM32H7xx_HAL_Driver/Src/stm32h7xx_hal_dac_ex.o
LOAD Drivers/STM32H7xx_HAL_Driver/Src/stm32h7xx_hal_dma.o
LOAD Drivers/STM32H7xx_HAL_Driver/Src/stm32h7xx_hal_dma_ex.o
LOAD Drivers/STM32H7xx_HAL_Driver/Src/stm32h7xx_hal_exti.o
LOAD Drivers/STM32H7xx_HAL_Driver/Src/stm32h7xx_hal_flash.o
LOAD Drivers/STM32H7xx_HAL_Driver/Src/stm32h7xx_hal_flash_ex.o
LOAD Drivers/STM32H7xx_HAL_Driver/Src/stm32h7xx_hal_gpio.o
LOAD Drivers/STM32H7xx_HAL_Driver/Src/stm32h7xx_hal_hsem.o
LOAD Drivers/STM32H7xx_HAL_Driver/Src/stm32h7xx_hal_i2c.o
LOAD Drivers/STM32H7xx_HAL_Driver/Src/stm32h7xx_hal_i2c_ex.o
LOAD Drivers/STM32H7xx_HAL_Driver/Src/stm32h7xx_hal_lptim.o
LOAD Drivers/STM32H7xx_HAL_Driver/Src/stm32h7xx_hal_mdma.o
LOAD Drivers/STM32H7xx_HAL_Driver/Src/stm32h7xx_hal_pwr.o
LOAD Drivers/STM32H7xx_HAL_Driver/Src/stm32h7xx_hal_pwr_ex.o
LOAD Drivers/STM32H7xx_HAL_Driver/Src/stm32h7xx_hal_rcc.o
LOAD Drivers/STM32H7xx_HAL_Driver/Src/stm32h7xx_hal_rcc_ex.o
LOAD Drivers/STM32H7xx_HAL_Driver/Src/stm32h7xx_hal_tim.o
LOAD Drivers/STM32H7xx_HAL_Driver/Src/stm32h7xx_hal_tim_ex.o
LOAD Drivers/STM32H7xx_HAL_Driver/Src/stm32h7xx_hal_uart.o
LOAD Drivers/STM32H7xx_HAL_Driver/Src/stm32h7xx_hal_uart_ex.o
LOAD C:\Users\alberto\STM32Cube\Repository\STM32Cube_FW_H7_V1.7.0\Drivers\CMSIS/Lib/GCC\libarm_cortexM7lfsp_math.a
START GROUP
LOAD c:/st/stm32cubeide_1.3.0/stm32cubeide/plugins/com.st.stm32cube.ide.mcu.externaltools.gnu-tools-for-stm32.7-2018-q2-update.win32_1.5.0.202011040924/tools/bin/../lib/gcc/arm-none-eabi/7.3.1/../../../../arm-none-eabi/lib/thumb/v7e-m/fpv5/hard\libc_nano.a
LOAD c:/st/stm32cubeide_1.3.0/stm32cubeide/plugins/com.st.stm32cube.ide.mcu.externaltools.gnu-tools-for-stm32.7-2018-q2-update.win32_1.5.0.202011040924/tools/bin/../lib/gcc/arm-none-eabi/7.3.1/../../../../arm-none-eabi/lib/thumb/v7e-m/fpv5/hard\libm.a
END GROUP
START GROUP
LOAD c:/st/stm32cubeide_1.3.0/stm32cubeide/plugins/com.st.stm32cube.ide.mcu.externaltools.gnu-tools-for-stm32.7-2018-q2-update.win32_1.5.0.202011040924/tools/bin/../lib/gcc/arm-none-eabi/7.3.1/thumb/v7e-m/fpv5/hard\libgcc.a
LOAD c:/st/stm32cubeide_1.3.0/stm32cubeide/plugins/com.st.stm32cube.ide.mcu.externaltools.gnu-tools-for-stm32.7-2018-q2-update.win32_1.5.0.202011040924/tools/bin/../lib/gcc/arm-none-eabi/7.3.1/../../../../arm-none-eabi/lib/thumb/v7e-m/fpv5/hard\libc_nano.a
END GROUP
START GROUP
LOAD c:/st/stm32cubeide_1.3.0/stm32cubeide/plugins/com.st.stm32cube.ide.mcu.externaltools.gnu-tools-for-stm32.7-2018-q2-update.win32_1.5.0.202011040924/tools/bin/../lib/gcc/arm-none-eabi/7.3.1/thumb/v7e-m/fpv5/hard\libgcc.a
LOAD c:/st/stm32cubeide_1.3.0/stm32cubeide/plugins/com.st.stm32cube.ide.mcu.externaltools.gnu-tools-for-stm32.7-2018-q2-update.win32_1.5.0.202011040924/tools/bin/../lib/gcc/arm-none-eabi/7.3.1/../../../../arm-none-eabi/lib/thumb/v7e-m/fpv5/hard\libc_nano.a
LOAD c:/st/stm32cubeide_1.3.0/stm32cubeide/plugins/com.st.stm32cube.ide.mcu.externaltools.gnu-tools-for-stm32.7-2018-q2-update.win32_1.5.0.202011040924/tools/bin/../lib/gcc/arm-none-eabi/7.3.1/../../../../arm-none-eabi/lib/thumb/v7e-m/fpv5/hard\libnosys.a
END GROUP
START GROUP
LOAD c:/st/stm32cubeide_1.3.0/stm32cubeide/plugins/com.st.stm32cube.ide.mcu.externaltools.gnu-tools-for-stm32.7-2018-q2-update.win32_1.5.0.202011040924/tools/bin/../lib/gcc/arm-none-eabi/7.3.1/thumb/v7e-m/fpv5/hard\libgcc.a
LOAD c:/st/stm32cubeide_1.3.0/stm32cubeide/plugins/com.st.stm32cube.ide.mcu.externaltools.gnu-tools-for-stm32.7-2018-q2-update.win32_1.5.0.202011040924/tools/bin/../lib/gcc/arm-none-eabi/7.3.1/../../../../arm-none-eabi/lib/thumb/v7e-m/fpv5/hard\libc_nano.a
LOAD c:/st/stm32cubeide_1.3.0/stm32cubeide/plugins/com.st.stm32cube.ide.mcu.externaltools.gnu-tools-for-stm32.7-2018-q2-update.win32_1.5.0.202011040924/tools/bin/../lib/gcc/arm-none-eabi/7.3.1/../../../../arm-none-eabi/lib/thumb/v7e-m/fpv5/hard\libnosys.a
END GROUP
LOAD c:/st/stm32cubeide_1.3.0/stm32cubeide/plugins/com.st.stm32cube.ide.mcu.externaltools.gnu-tools-for-stm32.7-2018-q2-update.win32_1.5.0.202011040924/tools/bin/../lib/gcc/arm-none-eabi/7.3.1/thumb/v7e-m/fpv5/hard/crtend.o
LOAD c:/st/stm32cubeide_1.3.0/stm32cubeide/plugins/com.st.stm32cube.ide.mcu.externaltools.gnu-tools-for-stm32.7-2018-q2-update.win32_1.5.0.202011040924/tools/bin/../lib/gcc/arm-none-eabi/7.3.1/thumb/v7e-m/fpv5/hard/crtn.o
                0x0000000024080000                _estack = (ORIGIN (RAM_D1) + LENGTH (RAM_D1))
                0x0000000000000200                _Min_Heap_Size = 0x200
                0x0000000000000400                _Min_Stack_Size = 0x400

.isr_vector     0x0000000008000000      0x298
                0x0000000008000000                . = ALIGN (0x4)
 *(.isr_vector)
 .isr_vector    0x0000000008000000      0x298 Core/Startup/startup_stm32h750vbtx.o
                0x0000000008000000                g_pfnVectors
                0x0000000008000298                . = ALIGN (0x4)

.text           0x00000000080002a0     0xd92c
                0x00000000080002a0                . = ALIGN (0x4)
 *(.text)
 .text          0x00000000080002a0       0x40 c:/st/stm32cubeide_1.3.0/stm32cubeide/plugins/com.st.stm32cube.ide.mcu.externaltools.gnu-tools-for-stm32.7-2018-q2-update.win32_1.5.0.202011040924/tools/bin/../lib/gcc/arm-none-eabi/7.3.1/thumb/v7e-m/fpv5/hard/crtbegin.o
 .text          0x00000000080002e0       0xc0 C:\Users\alberto\STM32Cube\Repository\STM32Cube_FW_H7_V1.7.0\Drivers\CMSIS/Lib/GCC\libarm_cortexM7lfsp_math.a(arm_bitreversal2.o)
                0x00000000080002e0                arm_bitreversal_32
                0x000000000800034a                arm_bitreversal_16
 .text          0x00000000080003a0       0x10 c:/st/stm32cubeide_1.3.0/stm32cubeide/plugins/com.st.stm32cube.ide.mcu.externaltools.gnu-tools-for-stm32.7-2018-q2-update.win32_1.5.0.202011040924/tools/bin/../lib/gcc/arm-none-eabi/7.3.1/../../../../arm-none-eabi/lib/thumb/v7e-m/fpv5/hard\libc_nano.a(lib_a-strlen.o)
                0x00000000080003a0                strlen
 .text          0x00000000080003b0       0xa0 c:/st/stm32cubeide_1.3.0/stm32cubeide/plugins/com.st.stm32cube.ide.mcu.externaltools.gnu-tools-for-stm32.7-2018-q2-update.win32_1.5.0.202011040924/tools/bin/../lib/gcc/arm-none-eabi/7.3.1/../../../../arm-none-eabi/lib/thumb/v7e-m/fpv5/hard\libc_nano.a(lib_a-memchr.o)
                0x00000000080003b0                memchr
 .text          0x0000000008000450       0x30 c:/st/stm32cubeide_1.3.0/stm32cubeide/plugins/com.st.stm32cube.ide.mcu.externaltools.gnu-tools-for-stm32.7-2018-q2-update.win32_1.5.0.202011040924/tools/bin/../lib/gcc/arm-none-eabi/7.3.1/thumb/v7e-m/fpv5/hard\libgcc.a(_aeabi_uldivmod.o)
                0x0000000008000450                __aeabi_uldivmod
 .text          0x0000000008000480      0x2cc c:/st/stm32cubeide_1.3.0/stm32cubeide/plugins/com.st.stm32cube.ide.mcu.externaltools.gnu-tools-for-stm32.7-2018-q2-update.win32_1.5.0.202011040924/tools/bin/../lib/gcc/arm-none-eabi/7.3.1/thumb/v7e-m/fpv5/hard\libgcc.a(_udivmoddi4.o)
                0x0000000008000480                __udivmoddi4
 .text          0x000000000800074c        0x4 c:/st/stm32cubeide_1.3.0/stm32cubeide/plugins/com.st.stm32cube.ide.mcu.externaltools.gnu-tools-for-stm32.7-2018-q2-update.win32_1.5.0.202011040924/tools/bin/../lib/gcc/arm-none-eabi/7.3.1/thumb/v7e-m/fpv5/hard\libgcc.a(_dvmd_tls.o)
                0x000000000800074c                __aeabi_idiv0
                0x000000000800074c                __aeabi_ldiv0
 *(.text*)
 .text.Load_Presets
                0x0000000008000750       0x54 Core/Src/SDR_func.o
                0x0000000008000750                Load_Presets
 .text.Tune_Preset
                0x00000000080007a4      0x1c0 Core/Src/SDR_func.o
                0x00000000080007a4                Tune_Preset
 .text.SetBW    0x0000000008000964       0x44 Core/Src/SDR_func.o
                0x0000000008000964                SetBW
 .text.SetAGC   0x00000000080009a8       0xac Core/Src/SDR_func.o
                0x00000000080009a8                SetAGC
 .text.SetMode  0x0000000008000a54      0x158 Core/Src/SDR_func.o
                0x0000000008000a54                SetMode
 .text.SetFstep
                0x0000000008000bac       0x28 Core/Src/SDR_func.o
                0x0000000008000bac                SetFstep
 .text.FplusClicked
                0x0000000008000bd4      0x1c8 Core/Src/SDR_func.o
                0x0000000008000bd4                FplusClicked
 .text.FminusClicked
                0x0000000008000d9c      0x1c8 Core/Src/SDR_func.o
                0x0000000008000d9c                FminusClicked
 .text.LED_switch
                0x0000000008000f64        0x4 Core/Src/SDR_func.o
                0x0000000008000f64                LED_switch
 .text.HAL_GPIO_EXTI_Callback
                0x0000000008000f68      0x144 Core/Src/SDR_func.o
                0x0000000008000f68                HAL_GPIO_EXTI_Callback
 .text.ADC_Stream0_Handler
                0x00000000080010ac      0x830 Core/Src/SDR_func.o
                0x00000000080010ac                ADC_Stream0_Handler
 .text.SDR_ComputeLO
                0x00000000080018dc      0x178 Core/Src/SDR_math.o
                0x00000000080018dc                SDR_ComputeLO
 .text.SDR_2R_toC_f32
                0x0000000008001a54       0x64 Core/Src/SDR_math.o
                0x0000000008001a54                SDR_2R_toC_f32
 .text.SDR_downconvert_f32
                0x0000000008001ab8       0xe4 Core/Src/SDR_math.o
                0x0000000008001ab8                SDR_downconvert_f32
 .text.SDR_float_to_DAC_audio
                0x0000000008001b9c       0xd4 Core/Src/SDR_math.o
                0x0000000008001b9c                SDR_float_to_DAC_audio
 .text.SDR_memcpy_f32
                0x0000000008001c70       0x38 Core/Src/SDR_math.o
                0x0000000008001c70                SDR_memcpy_f32
 .text.SDR_mirror_LSB
                0x0000000008001ca8       0x80 Core/Src/SDR_math.o
                0x0000000008001ca8                SDR_mirror_LSB
 .text.SDR_compute_IIR_parms
                0x0000000008001d28       0xd4 Core/Src/SDR_math.o
                0x0000000008001d28                SDR_compute_IIR_parms
 .text.SDR_CWPeak
                0x0000000008001dfc      0x114 Core/Src/SDR_math.o
                0x0000000008001dfc                SDR_CWPeak
 .text.SDR_demodAM_AGC
                0x0000000008001f10       0xf8 Core/Src/SDR_math.o
                0x0000000008001f10                SDR_demodAM_AGC
 .text.SDR_demodSSB_CW_AGC
                0x0000000008002008      0x14c Core/Src/SDR_math.o
                0x0000000008002008                SDR_demodSSB_CW_AGC
 .text.HAL_ADC_ConvCpltCallback
                0x0000000008002154       0x3c Core/Src/main.o
                0x0000000008002154                HAL_ADC_ConvCpltCallback
 .text.HAL_ADC_ConvHalfCpltCallback
                0x0000000008002190       0x3c Core/Src/main.o
                0x0000000008002190                HAL_ADC_ConvHalfCpltCallback
 .text.HAL_DAC_ConvCpltCallbackCh1
                0x00000000080021cc       0x24 Core/Src/main.o
                0x00000000080021cc                HAL_DAC_ConvCpltCallbackCh1
 .text.HAL_DAC_ConvHalfCpltCallbackCh1
                0x00000000080021f0       0x24 Core/Src/main.o
                0x00000000080021f0                HAL_DAC_ConvHalfCpltCallbackCh1
 .text.DisplayStatus
                0x0000000008002214      0x1d0 Core/Src/main.o
                0x0000000008002214                DisplayStatus
 .text.HAL_UART_RxCpltCallback
                0x00000000080023e4       0x10 Core/Src/main.o
                0x00000000080023e4                HAL_UART_RxCpltCallback
 .text.SetFOutVHF
                0x00000000080023f4       0x44 Core/Src/main.o
                0x00000000080023f4                SetFOutVHF
 .text.Error_Handler
                0x0000000008002438       0x28 Core/Src/main.o
                0x0000000008002438                Error_Handler
 .text.SystemClock_Config_For_OC
                0x0000000008002460      0x13c Core/Src/main.o
                0x0000000008002460                SystemClock_Config_For_OC
 .text.MX_TIM6_Init_Custom_Rate
                0x000000000800259c       0x4c Core/Src/main.o
                0x000000000800259c                MX_TIM6_Init_Custom_Rate
 .text.startup.main
                0x00000000080025e8      0x7b8 Core/Src/main.o
                0x00000000080025e8                main
 .text.HAL_MspInit
                0x0000000008002da0       0x58 Core/Src/stm32h7xx_hal_msp.o
                0x0000000008002da0                HAL_MspInit
 .text.HAL_ADC_MspInit
                0x0000000008002df8      0x12c Core/Src/stm32h7xx_hal_msp.o
                0x0000000008002df8                HAL_ADC_MspInit
 .text.HAL_DAC_MspInit
                0x0000000008002f24       0xcc Core/Src/stm32h7xx_hal_msp.o
                0x0000000008002f24                HAL_DAC_MspInit
 .text.HAL_LPTIM_MspInit
                0x0000000008002ff0       0x70 Core/Src/stm32h7xx_hal_msp.o
                0x0000000008002ff0                HAL_LPTIM_MspInit
 .text.HAL_TIM_Base_MspInit
                0x0000000008003060       0x48 Core/Src/stm32h7xx_hal_msp.o
                0x0000000008003060                HAL_TIM_Base_MspInit
 .text.HAL_UART_MspInit
                0x00000000080030a8       0xb4 Core/Src/stm32h7xx_hal_msp.o
                0x00000000080030a8                HAL_UART_MspInit
 .text.NMI_Handler
                0x000000000800315c        0x4 Core/Src/stm32h7xx_it.o
                0x000000000800315c                NMI_Handler
 .text.HardFault_Handler
                0x0000000008003160        0x4 Core/Src/stm32h7xx_it.o
                0x0000000008003160                HardFault_Handler
 .text.MemManage_Handler
                0x0000000008003164        0x4 Core/Src/stm32h7xx_it.o
                0x0000000008003164                MemManage_Handler
 .text.BusFault_Handler
                0x0000000008003168        0x4 Core/Src/stm32h7xx_it.o
                0x0000000008003168                BusFault_Handler
 .text.UsageFault_Handler
                0x000000000800316c        0x4 Core/Src/stm32h7xx_it.o
                0x000000000800316c                UsageFault_Handler
 .text.SVC_Handler
                0x0000000008003170        0x4 Core/Src/stm32h7xx_it.o
                0x0000000008003170                SVC_Handler
 .text.DebugMon_Handler
                0x0000000008003174        0x4 Core/Src/stm32h7xx_it.o
                0x0000000008003174                DebugMon_Handler
 .text.PendSV_Handler
                0x0000000008003178        0x4 Core/Src/stm32h7xx_it.o
                0x0000000008003178                PendSV_Handler
 .text.SysTick_Handler
                0x000000000800317c        0x4 Core/Src/stm32h7xx_it.o
                0x000000000800317c                SysTick_Handler
 .text.DMA1_Stream0_IRQHandler
                0x0000000008003180        0xc Core/Src/stm32h7xx_it.o
                0x0000000008003180                DMA1_Stream0_IRQHandler
 .text.DMA1_Stream1_IRQHandler
                0x000000000800318c        0xc Core/Src/stm32h7xx_it.o
                0x000000000800318c                DMA1_Stream1_IRQHandler
 .text.USART3_IRQHandler
                0x0000000008003198        0xc Core/Src/stm32h7xx_it.o
                0x0000000008003198                USART3_IRQHandler
 .text.EXTI15_10_IRQHandler
                0x00000000080031a4        0x8 Core/Src/stm32h7xx_it.o
                0x00000000080031a4                EXTI15_10_IRQHandler
 .text.TIM6_DAC_IRQHandler
                0x00000000080031ac       0x1c Core/Src/stm32h7xx_it.o
                0x00000000080031ac                TIM6_DAC_IRQHandler
 .text._sbrk    0x00000000080031c8       0x48 Core/Src/sysmem.o
                0x00000000080031c8                _sbrk
 .text.SystemInit
                0x0000000008003210       0xd8 Core/Src/system_stm32h7xx.o
                0x0000000008003210                SystemInit
 .text.Reset_Handler
                0x00000000080032e8       0x50 Core/Startup/startup_stm32h750vbtx.o
                0x00000000080032e8                Reset_Handler
 .text.Default_Handler
                0x0000000008003338        0x2 Core/Startup/startup_stm32h750vbtx.o
                0x0000000008003338                RTC_Alarm_IRQHandler
                0x0000000008003338                HASH_RNG_IRQHandler
                0x0000000008003338                EXTI2_IRQHandler
                0x0000000008003338                TIM8_CC_IRQHandler
                0x0000000008003338                HRTIM1_Master_IRQHandler
                0x0000000008003338                UART8_IRQHandler
                0x0000000008003338                SPI4_IRQHandler
                0x0000000008003338                TIM1_CC_IRQHandler
                0x0000000008003338                BDMA_Channel6_IRQHandler
                0x0000000008003338                DMA2_Stream5_IRQHandler
                0x0000000008003338                HRTIM1_FLT_IRQHandler
                0x0000000008003338                JPEG_IRQHandler
                0x0000000008003338                DMA1_Stream5_IRQHandler
                0x0000000008003338                BDMA_Channel1_IRQHandler
                0x0000000008003338                HRTIM1_TIMD_IRQHandler
                0x0000000008003338                TAMP_STAMP_IRQHandler
                0x0000000008003338                EXTI3_IRQHandler
                0x0000000008003338                LPTIM4_IRQHandler
                0x0000000008003338                TIM8_TRG_COM_TIM14_IRQHandler
                0x0000000008003338                LPTIM2_IRQHandler
                0x0000000008003338                DFSDM1_FLT1_IRQHandler
                0x0000000008003338                DMAMUX2_OVR_IRQHandler
                0x0000000008003338                TIM8_UP_TIM13_IRQHandler
                0x0000000008003338                I2C3_ER_IRQHandler
                0x0000000008003338                DFSDM1_FLT2_IRQHandler
                0x0000000008003338                MDMA_IRQHandler
                0x0000000008003338                LPTIM3_IRQHandler
                0x0000000008003338                HSEM1_IRQHandler
                0x0000000008003338                EXTI0_IRQHandler
                0x0000000008003338                I2C2_EV_IRQHandler
                0x0000000008003338                DMA1_Stream2_IRQHandler
                0x0000000008003338                FPU_IRQHandler
                0x0000000008003338                OTG_HS_WKUP_IRQHandler
                0x0000000008003338                FDCAN1_IT1_IRQHandler
                0x0000000008003338                LTDC_ER_IRQHandler
                0x0000000008003338                DMA2_Stream2_IRQHandler
                0x0000000008003338                HRTIM1_TIME_IRQHandler
                0x0000000008003338                SPI1_IRQHandler
                0x0000000008003338                DCMI_IRQHandler
                0x0000000008003338                HRTIM1_TIMC_IRQHandler
                0x0000000008003338                DMA2_Stream3_IRQHandler
                0x0000000008003338                SAI2_IRQHandler
                0x0000000008003338                DFSDM1_FLT3_IRQHandler
                0x0000000008003338                USART6_IRQHandler
                0x0000000008003338                TIM17_IRQHandler
                0x0000000008003338                BDMA_Channel7_IRQHandler
                0x0000000008003338                CRYP_IRQHandler
                0x0000000008003338                LPTIM5_IRQHandler
                0x0000000008003338                UART5_IRQHandler
                0x0000000008003338                ADC3_IRQHandler
                0x0000000008003338                DMA2_Stream0_IRQHandler
                0x0000000008003338                TIM4_IRQHandler
                0x0000000008003338                BDMA_Channel2_IRQHandler
                0x0000000008003338                QUADSPI_IRQHandler
                0x0000000008003338                I2C1_EV_IRQHandler
                0x0000000008003338                DMA1_Stream6_IRQHandler
                0x0000000008003338                DMAMUX1_OVR_IRQHandler
                0x0000000008003338                TIM16_IRQHandler
                0x0000000008003338                UART4_IRQHandler
                0x0000000008003338                BDMA_Channel5_IRQHandler
                0x0000000008003338                TIM3_IRQHandler
                0x0000000008003338                RCC_IRQHandler
                0x0000000008003338                TIM8_BRK_TIM12_IRQHandler
                0x0000000008003338                TIM1_TRG_COM_IRQHandler
                0x0000000008003338                Default_Handler
                0x0000000008003338                ECC_IRQHandler
                0x0000000008003338                CEC_IRQHandler
                0x0000000008003338                BDMA_Channel0_IRQHandler
                0x0000000008003338                ADC_IRQHandler
                0x0000000008003338                DMA1_Stream7_IRQHandler
                0x0000000008003338                HRTIM1_TIMA_IRQHandler
                0x0000000008003338                SPI5_IRQHandler
                0x0000000008003338                TIM7_IRQHandler
                0x0000000008003338                SDMMC1_IRQHandler
                0x0000000008003338                TIM5_IRQHandler
                0x0000000008003338                DMA2_Stream7_IRQHandler
                0x0000000008003338                TIM15_IRQHandler
                0x0000000008003338                PVD_AVD_IRQHandler
                0x0000000008003338                I2C3_EV_IRQHandler
                0x0000000008003338                EXTI9_5_IRQHandler
                0x0000000008003338                RTC_WKUP_IRQHandler
                0x0000000008003338                LTDC_IRQHandler
                0x0000000008003338                SAI3_IRQHandler
                0x0000000008003338                ETH_WKUP_IRQHandler
                0x0000000008003338                SPDIF_RX_IRQHandler
                0x0000000008003338                SPI2_IRQHandler
                0x0000000008003338                OTG_HS_EP1_IN_IRQHandler
                0x0000000008003338                CRS_IRQHandler
                0x0000000008003338                EXTI4_IRQHandler
                0x0000000008003338                HRTIM1_TIMB_IRQHandler
                0x0000000008003338                FDCAN2_IT1_IRQHandler
                0x0000000008003338                ETH_IRQHandler
                0x0000000008003338                TIM1_UP_IRQHandler
                0x0000000008003338                BDMA_Channel4_IRQHandler
                0x0000000008003338                OTG_HS_EP1_OUT_IRQHandler
                0x0000000008003338                WWDG_IRQHandler
                0x0000000008003338                SPI6_IRQHandler
                0x0000000008003338                MDIOS_IRQHandler
                0x0000000008003338                I2C4_EV_IRQHandler
                0x0000000008003338                FDCAN2_IT0_IRQHandler
                0x0000000008003338                LPUART1_IRQHandler
                0x0000000008003338                FDCAN1_IT0_IRQHandler
                0x0000000008003338                TIM2_IRQHandler
                0x0000000008003338                OTG_FS_WKUP_IRQHandler
                0x0000000008003338                OTG_HS_IRQHandler
                0x0000000008003338                DMA2D_IRQHandler
                0x0000000008003338                TIM1_BRK_IRQHandler
                0x0000000008003338                EXTI1_IRQHandler
                0x0000000008003338                SDMMC2_IRQHandler
                0x0000000008003338                OTG_FS_EP1_OUT_IRQHandler
                0x0000000008003338                BDMA_Channel3_IRQHandler
                0x0000000008003338                UART7_IRQHandler
                0x0000000008003338                MDIOS_WKUP_IRQHandler
                0x0000000008003338                USART2_IRQHandler
                0x0000000008003338                DFSDM1_FLT0_IRQHandler
                0x0000000008003338                SAI4_IRQHandler
                0x0000000008003338                I2C2_ER_IRQHandler
                0x0000000008003338                DMA2_Stream1_IRQHandler
                0x0000000008003338                FLASH_IRQHandler
                0x0000000008003338                DMA2_Stream4_IRQHandler
                0x0000000008003338                USART1_IRQHandler
                0x0000000008003338                OTG_FS_IRQHandler
                0x0000000008003338                SPI3_IRQHandler
                0x0000000008003338                WAKEUP_PIN_IRQHandler
                0x0000000008003338                DMA1_Stream4_IRQHandler
                0x0000000008003338                OTG_FS_EP1_IN_IRQHandler
                0x0000000008003338                I2C1_ER_IRQHandler
                0x0000000008003338                FMC_IRQHandler
                0x0000000008003338                FDCAN_CAL_IRQHandler
                0x0000000008003338                SWPMI1_IRQHandler
                0x0000000008003338                COMP1_IRQHandler
                0x0000000008003338                LPTIM1_IRQHandler
                0x0000000008003338                I2C4_ER_IRQHandler
                0x0000000008003338                DMA2_Stream6_IRQHandler
                0x0000000008003338                SAI1_IRQHandler
                0x0000000008003338                DMA1_Stream3_IRQHandler
 *fill*         0x000000000800333a        0x2 
 .text.HAL_InitTick
                0x000000000800333c       0x4c Drivers/STM32H7xx_HAL_Driver/Src/stm32h7xx_hal.o
                0x000000000800333c                HAL_InitTick
 .text.HAL_Init
                0x0000000008003388       0x64 Drivers/STM32H7xx_HAL_Driver/Src/stm32h7xx_hal.o
                0x0000000008003388                HAL_Init
 .text.HAL_IncTick
                0x00000000080033ec       0x18 Drivers/STM32H7xx_HAL_Driver/Src/stm32h7xx_hal.o
                0x00000000080033ec                HAL_IncTick
 .text.HAL_GetTick
                0x0000000008003404        0xc Drivers/STM32H7xx_HAL_Driver/Src/stm32h7xx_hal.o
                0x0000000008003404                HAL_GetTick
 .text.HAL_Delay
                0x0000000008003410       0x24 Drivers/STM32H7xx_HAL_Driver/Src/stm32h7xx_hal.o
                0x0000000008003410                HAL_Delay
 .text.HAL_GetREVID
                0x0000000008003434        0xc Drivers/STM32H7xx_HAL_Driver/Src/stm32h7xx_hal.o
                0x0000000008003434                HAL_GetREVID
 .text.HAL_SYSCFG_VREFBUF_VoltageScalingConfig
                0x0000000008003440       0x14 Drivers/STM32H7xx_HAL_Driver/Src/stm32h7xx_hal.o
                0x0000000008003440                HAL_SYSCFG_VREFBUF_VoltageScalingConfig
 .text.HAL_SYSCFG_VREFBUF_HighImpedanceConfig
                0x0000000008003454       0x14 Drivers/STM32H7xx_HAL_Driver/Src/stm32h7xx_hal.o
                0x0000000008003454                HAL_SYSCFG_VREFBUF_HighImpedanceConfig
 .text.HAL_SYSCFG_EnableVREFBUF
                0x0000000008003468       0x34 Drivers/STM32H7xx_HAL_Driver/Src/stm32h7xx_hal.o
                0x0000000008003468                HAL_SYSCFG_EnableVREFBUF
 .text.ADC_DMAHalfConvCplt
                0x000000000800349c        0xc Drivers/STM32H7xx_HAL_Driver/Src/stm32h7xx_hal_adc.o
                0x000000000800349c                ADC_DMAHalfConvCplt
 .text.HAL_ADC_ErrorCallback
                0x00000000080034a8        0x4 Drivers/STM32H7xx_HAL_Driver/Src/stm32h7xx_hal_adc.o
                0x00000000080034a8                HAL_ADC_ErrorCallback
 .text.ADC_DMAConvCplt
                0x00000000080034ac       0x68 Drivers/STM32H7xx_HAL_Driver/Src/stm32h7xx_hal_adc.o
                0x00000000080034ac                ADC_DMAConvCplt
 .text.ADC_DMAError
                0x0000000008003514       0x1c Drivers/STM32H7xx_HAL_Driver/Src/stm32h7xx_hal_adc.o
                0x0000000008003514                ADC_DMAError
 .text.HAL_ADC_ConfigChannel
                0x0000000008003530      0x410 Drivers/STM32H7xx_HAL_Driver/Src/stm32h7xx_hal_adc.o
                0x0000000008003530                HAL_ADC_ConfigChannel
 .text.ADC_Enable
                0x0000000008003940       0xbc Drivers/STM32H7xx_HAL_Driver/Src/stm32h7xx_hal_adc.o
                0x0000000008003940                ADC_Enable
 .text.ADC_Disable
                0x00000000080039fc       0x68 Drivers/STM32H7xx_HAL_Driver/Src/stm32h7xx_hal_adc.o
                0x00000000080039fc                ADC_Disable
 .text.ADC_ConfigureBoostMode
                0x0000000008003a64      0x168 Drivers/STM32H7xx_HAL_Driver/Src/stm32h7xx_hal_adc.o
                0x0000000008003a64                ADC_ConfigureBoostMode
 .text.HAL_ADC_Init
                0x0000000008003bcc      0x230 Drivers/STM32H7xx_HAL_Driver/Src/stm32h7xx_hal_adc.o
                0x0000000008003bcc                HAL_ADC_Init
 .text.HAL_ADCEx_Calibration_Start
                0x0000000008003dfc       0xa8 Drivers/STM32H7xx_HAL_Driver/Src/stm32h7xx_hal_adc_ex.o
                0x0000000008003dfc                HAL_ADCEx_Calibration_Start
 .text.HAL_ADCEx_MultiModeStart_DMA
                0x0000000008003ea4      0x100 Drivers/STM32H7xx_HAL_Driver/Src/stm32h7xx_hal_adc_ex.o
                0x0000000008003ea4                HAL_ADCEx_MultiModeStart_DMA
 .text.HAL_ADCEx_MultiModeConfigChannel
                0x0000000008003fa4       0xc0 Drivers/STM32H7xx_HAL_Driver/Src/stm32h7xx_hal_adc_ex.o
                0x0000000008003fa4                HAL_ADCEx_MultiModeConfigChannel
 .text.HAL_NVIC_SetPriorityGrouping
                0x0000000008004064       0x28 Drivers/STM32H7xx_HAL_Driver/Src/stm32h7xx_hal_cortex.o
                0x0000000008004064                HAL_NVIC_SetPriorityGrouping
 .text.HAL_NVIC_SetPriority
                0x000000000800408c       0x6c Drivers/STM32H7xx_HAL_Driver/Src/stm32h7xx_hal_cortex.o
                0x000000000800408c                HAL_NVIC_SetPriority
 .text.HAL_NVIC_EnableIRQ
                0x00000000080040f8       0x1c Drivers/STM32H7xx_HAL_Driver/Src/stm32h7xx_hal_cortex.o
                0x00000000080040f8                HAL_NVIC_EnableIRQ
 .text.HAL_SYSTICK_Config
                0x0000000008004114       0x30 Drivers/STM32H7xx_HAL_Driver/Src/stm32h7xx_hal_cortex.o
                0x0000000008004114                HAL_SYSTICK_Config
 .text.HAL_DAC_Init
                0x0000000008004144       0x2c Drivers/STM32H7xx_HAL_Driver/Src/stm32h7xx_hal_dac.o
                0x0000000008004144                HAL_DAC_Init
 .text.HAL_DAC_Start
                0x0000000008004170       0x5c Drivers/STM32H7xx_HAL_Driver/Src/stm32h7xx_hal_dac.o
                0x0000000008004170                HAL_DAC_Start
 .text.HAL_DAC_Start_DMA
                0x00000000080041cc       0xfc Drivers/STM32H7xx_HAL_Driver/Src/stm32h7xx_hal_dac.o
                0x00000000080041cc                HAL_DAC_Start_DMA
 .text.DAC_DMAConvCpltCh1
                0x00000000080042c8       0x10 Drivers/STM32H7xx_HAL_Driver/Src/stm32h7xx_hal_dac.o
                0x00000000080042c8                DAC_DMAConvCpltCh1
 .text.DAC_DMAHalfConvCpltCh1
                0x00000000080042d8        0xc Drivers/STM32H7xx_HAL_Driver/Src/stm32h7xx_hal_dac.o
                0x00000000080042d8                DAC_DMAHalfConvCpltCh1
 .text.HAL_DAC_ErrorCallbackCh1
                0x00000000080042e4        0x4 Drivers/STM32H7xx_HAL_Driver/Src/stm32h7xx_hal_dac.o
                0x00000000080042e4                HAL_DAC_ErrorCallbackCh1
 .text.DAC_DMAErrorCh1
                0x00000000080042e8       0x18 Drivers/STM32H7xx_HAL_Driver/Src/stm32h7xx_hal_dac.o
                0x00000000080042e8                DAC_DMAErrorCh1
 .text.HAL_DAC_DMAUnderrunCallbackCh1
                0x0000000008004300        0x4 Drivers/STM32H7xx_HAL_Driver/Src/stm32h7xx_hal_dac.o
                0x0000000008004300                HAL_DAC_DMAUnderrunCallbackCh1
 .text.HAL_DAC_IRQHandler
                0x0000000008004304       0x68 Drivers/STM32H7xx_HAL_Driver/Src/stm32h7xx_hal_dac.o
                0x0000000008004304                HAL_DAC_IRQHandler
 .text.HAL_DAC_ConfigChannel
                0x000000000800436c      0x154 Drivers/STM32H7xx_HAL_Driver/Src/stm32h7xx_hal_dac.o
                0x000000000800436c                HAL_DAC_ConfigChannel
 .text.HAL_DACEx_ConvCpltCallbackCh2
                0x00000000080044c0        0x4 Drivers/STM32H7xx_HAL_Driver/Src/stm32h7xx_hal_dac_ex.o
                0x00000000080044c0                HAL_DACEx_ConvCpltCallbackCh2
 .text.DAC_DMAConvCpltCh2
                0x00000000080044c4       0x10 Drivers/STM32H7xx_HAL_Driver/Src/stm32h7xx_hal_dac_ex.o
                0x00000000080044c4                DAC_DMAConvCpltCh2
 .text.HAL_DACEx_ConvHalfCpltCallbackCh2
                0x00000000080044d4        0x4 Drivers/STM32H7xx_HAL_Driver/Src/stm32h7xx_hal_dac_ex.o
                0x00000000080044d4                HAL_DACEx_ConvHalfCpltCallbackCh2
 .text.DAC_DMAHalfConvCpltCh2
                0x00000000080044d8        0xc Drivers/STM32H7xx_HAL_Driver/Src/stm32h7xx_hal_dac_ex.o
                0x00000000080044d8                DAC_DMAHalfConvCpltCh2
 .text.HAL_DACEx_ErrorCallbackCh2
                0x00000000080044e4        0x4 Drivers/STM32H7xx_HAL_Driver/Src/stm32h7xx_hal_dac_ex.o
                0x00000000080044e4                HAL_DACEx_ErrorCallbackCh2
 .text.DAC_DMAErrorCh2
                0x00000000080044e8       0x18 Drivers/STM32H7xx_HAL_Driver/Src/stm32h7xx_hal_dac_ex.o
                0x00000000080044e8                DAC_DMAErrorCh2
 .text.HAL_DACEx_DMAUnderrunCallbackCh2
                0x0000000008004500        0x4 Drivers/STM32H7xx_HAL_Driver/Src/stm32h7xx_hal_dac_ex.o
                0x0000000008004500                HAL_DACEx_DMAUnderrunCallbackCh2
 .text.DMA_CalcBaseAndBitshift
                0x0000000008004504       0xf8 Drivers/STM32H7xx_HAL_Driver/Src/stm32h7xx_hal_dma.o
 .text.HAL_DMA_Init
                0x00000000080045fc      0x598 Drivers/STM32H7xx_HAL_Driver/Src/stm32h7xx_hal_dma.o
                0x00000000080045fc                HAL_DMA_Init
 .text.HAL_DMA_Start_IT
                0x0000000008004b94      0x37c Drivers/STM32H7xx_HAL_Driver/Src/stm32h7xx_hal_dma.o
                0x0000000008004b94                HAL_DMA_Start_IT
 .text.HAL_DMA_Abort_IT
                0x0000000008004f10      0x19c Drivers/STM32H7xx_HAL_Driver/Src/stm32h7xx_hal_dma.o
                0x0000000008004f10                HAL_DMA_Abort_IT
 .text.HAL_DMA_IRQHandler
                0x00000000080050ac      0x678 Drivers/STM32H7xx_HAL_Driver/Src/stm32h7xx_hal_dma.o
                0x00000000080050ac                HAL_DMA_IRQHandler
 .text.HAL_GPIO_Init
                0x0000000008005724      0x23c Drivers/STM32H7xx_HAL_Driver/Src/stm32h7xx_hal_gpio.o
                0x0000000008005724                HAL_GPIO_Init
 .text.HAL_GPIO_WritePin
                0x0000000008005960        0x8 Drivers/STM32H7xx_HAL_Driver/Src/stm32h7xx_hal_gpio.o
                0x0000000008005960                HAL_GPIO_WritePin
 .text.HAL_GPIO_EXTI_IRQHandler
                0x0000000008005968       0x1c Drivers/STM32H7xx_HAL_Driver/Src/stm32h7xx_hal_gpio.o
                0x0000000008005968                HAL_GPIO_EXTI_IRQHandler
 .text.HAL_LPTIM_Init
                0x0000000008005984      0x118 Drivers/STM32H7xx_HAL_Driver/Src/stm32h7xx_hal_lptim.o
                0x0000000008005984                HAL_LPTIM_Init
 .text.HAL_PWREx_ConfigSupply
                0x0000000008005a9c       0x4c Drivers/STM32H7xx_HAL_Driver/Src/stm32h7xx_hal_pwr_ex.o
                0x0000000008005a9c                HAL_PWREx_ConfigSupply
 .text.HAL_RCC_OscConfig
                0x0000000008005ae8      0x5f0 Drivers/STM32H7xx_HAL_Driver/Src/stm32h7xx_hal_rcc.o
                0x0000000008005ae8                HAL_RCC_OscConfig
 .text.HAL_RCC_MCOConfig
                0x00000000080060d8       0xa0 Drivers/STM32H7xx_HAL_Driver/Src/stm32h7xx_hal_rcc.o
                0x00000000080060d8                HAL_RCC_MCOConfig
 .text.HAL_RCC_GetSysClockFreq
                0x0000000008006178      0x118 Drivers/STM32H7xx_HAL_Driver/Src/stm32h7xx_hal_rcc.o
                0x0000000008006178                HAL_RCC_GetSysClockFreq
 .text.HAL_RCC_ClockConfig
                0x0000000008006290      0x254 Drivers/STM32H7xx_HAL_Driver/Src/stm32h7xx_hal_rcc.o
                0x0000000008006290                HAL_RCC_ClockConfig
 .text.HAL_RCC_GetHCLKFreq
                0x00000000080064e4      0x150 Drivers/STM32H7xx_HAL_Driver/Src/stm32h7xx_hal_rcc.o
                0x00000000080064e4                HAL_RCC_GetHCLKFreq
 .text.HAL_RCC_GetPCLK1Freq
                0x0000000008006634      0x160 Drivers/STM32H7xx_HAL_Driver/Src/stm32h7xx_hal_rcc.o
                0x0000000008006634                HAL_RCC_GetPCLK1Freq
 .text.HAL_RCC_GetPCLK2Freq
                0x0000000008006794      0x160 Drivers/STM32H7xx_HAL_Driver/Src/stm32h7xx_hal_rcc.o
                0x0000000008006794                HAL_RCC_GetPCLK2Freq
 .text.RCCEx_PLL2_Config
                0x00000000080068f4       0xf8 Drivers/STM32H7xx_HAL_Driver/Src/stm32h7xx_hal_rcc_ex.o
 .text.RCCEx_PLL3_Config
                0x00000000080069ec       0xf8 Drivers/STM32H7xx_HAL_Driver/Src/stm32h7xx_hal_rcc_ex.o
 .text.HAL_RCCEx_PeriphCLKConfig
                0x0000000008006ae4      0xab8 Drivers/STM32H7xx_HAL_Driver/Src/stm32h7xx_hal_rcc_ex.o
                0x0000000008006ae4                HAL_RCCEx_PeriphCLKConfig
 .text.HAL_RCCEx_GetD3PCLK1Freq
                0x000000000800759c       0x24 Drivers/STM32H7xx_HAL_Driver/Src/stm32h7xx_hal_rcc_ex.o
                0x000000000800759c                HAL_RCCEx_GetD3PCLK1Freq
 .text.HAL_RCCEx_GetPLL2ClockFreq
                0x00000000080075c0      0x130 Drivers/STM32H7xx_HAL_Driver/Src/stm32h7xx_hal_rcc_ex.o
                0x00000000080075c0                HAL_RCCEx_GetPLL2ClockFreq
 .text.HAL_RCCEx_GetPLL3ClockFreq
                0x00000000080076f0      0x130 Drivers/STM32H7xx_HAL_Driver/Src/stm32h7xx_hal_rcc_ex.o
                0x00000000080076f0                HAL_RCCEx_GetPLL3ClockFreq
 .text.HAL_RCCEx_GetPLL1ClockFreq
                0x0000000008007820      0x130 Drivers/STM32H7xx_HAL_Driver/Src/stm32h7xx_hal_rcc_ex.o
                0x0000000008007820                HAL_RCCEx_GetPLL1ClockFreq
 .text.HAL_RCCEx_GetPeriphCLKFreq
                0x0000000008007950      0x21c Drivers/STM32H7xx_HAL_Driver/Src/stm32h7xx_hal_rcc_ex.o
                0x0000000008007950                HAL_RCCEx_GetPeriphCLKFreq
 .text.HAL_TIM_Base_Init
                0x0000000008007b6c      0x124 Drivers/STM32H7xx_HAL_Driver/Src/stm32h7xx_hal_tim.o
                0x0000000008007b6c                HAL_TIM_Base_Init
 .text.HAL_TIM_Base_Start
                0x0000000008007c90       0x38 Drivers/STM32H7xx_HAL_Driver/Src/stm32h7xx_hal_tim.o
                0x0000000008007c90                HAL_TIM_Base_Start
 .text.HAL_TIM_PeriodElapsedCallback
                0x0000000008007cc8        0x4 Drivers/STM32H7xx_HAL_Driver/Src/stm32h7xx_hal_tim.o
                0x0000000008007cc8                HAL_TIM_PeriodElapsedCallback
 .text.HAL_TIM_OC_DelayElapsedCallback
                0x0000000008007ccc        0x4 Drivers/STM32H7xx_HAL_Driver/Src/stm32h7xx_hal_tim.o
                0x0000000008007ccc                HAL_TIM_OC_DelayElapsedCallback
 .text.HAL_TIM_IC_CaptureCallback
                0x0000000008007cd0        0x4 Drivers/STM32H7xx_HAL_Driver/Src/stm32h7xx_hal_tim.o
                0x0000000008007cd0                HAL_TIM_IC_CaptureCallback
 .text.HAL_TIM_PWM_PulseFinishedCallback
                0x0000000008007cd4        0x4 Drivers/STM32H7xx_HAL_Driver/Src/stm32h7xx_hal_tim.o
                0x0000000008007cd4                HAL_TIM_PWM_PulseFinishedCallback
 .text.HAL_TIM_TriggerCallback
                0x0000000008007cd8        0x4 Drivers/STM32H7xx_HAL_Driver/Src/stm32h7xx_hal_tim.o
                0x0000000008007cd8                HAL_TIM_TriggerCallback
 .text.HAL_TIM_IRQHandler
                0x0000000008007cdc      0x170 Drivers/STM32H7xx_HAL_Driver/Src/stm32h7xx_hal_tim.o
                0x0000000008007cdc                HAL_TIM_IRQHandler
 .text.HAL_TIMEx_MasterConfigSynchronization
                0x0000000008007e4c       0xb4 Drivers/STM32H7xx_HAL_Driver/Src/stm32h7xx_hal_tim_ex.o
                0x0000000008007e4c                HAL_TIMEx_MasterConfigSynchronization
 .text.HAL_TIMEx_CommutCallback
                0x0000000008007f00        0x4 Drivers/STM32H7xx_HAL_Driver/Src/stm32h7xx_hal_tim_ex.o
                0x0000000008007f00                HAL_TIMEx_CommutCallback
 .text.HAL_TIMEx_BreakCallback
                0x0000000008007f04        0x4 Drivers/STM32H7xx_HAL_Driver/Src/stm32h7xx_hal_tim_ex.o
                0x0000000008007f04                HAL_TIMEx_BreakCallback
 .text.HAL_TIMEx_Break2Callback
                0x0000000008007f08        0x4 Drivers/STM32H7xx_HAL_Driver/Src/stm32h7xx_hal_tim_ex.o
                0x0000000008007f08                HAL_TIMEx_Break2Callback
 .text.HAL_UART_Transmit
                0x0000000008007f0c      0x178 Drivers/STM32H7xx_HAL_Driver/Src/stm32h7xx_hal_uart.o
                0x0000000008007f0c                HAL_UART_Transmit
 .text.HAL_UART_Receive_IT
                0x0000000008008084      0x140 Drivers/STM32H7xx_HAL_Driver/Src/stm32h7xx_hal_uart.o
                0x0000000008008084                HAL_UART_Receive_IT
 .text.HAL_UART_TxCpltCallback
                0x00000000080081c4        0x4 Drivers/STM32H7xx_HAL_Driver/Src/stm32h7xx_hal_uart.o
                0x00000000080081c4                HAL_UART_TxCpltCallback
 .text.UART_RxISR_8BIT
                0x00000000080081c8       0x60 Drivers/STM32H7xx_HAL_Driver/Src/stm32h7xx_hal_uart.o
 .text.UART_RxISR_16BIT
                0x0000000008008228       0x5c Drivers/STM32H7xx_HAL_Driver/Src/stm32h7xx_hal_uart.o
 .text.UART_RxISR_8BIT_FIFOEN
                0x0000000008008284       0xb8 Drivers/STM32H7xx_HAL_Driver/Src/stm32h7xx_hal_uart.o
 .text.UART_RxISR_16BIT_FIFOEN
                0x000000000800833c       0xb4 Drivers/STM32H7xx_HAL_Driver/Src/stm32h7xx_hal_uart.o
 .text.HAL_UART_ErrorCallback
                0x00000000080083f0        0x4 Drivers/STM32H7xx_HAL_Driver/Src/stm32h7xx_hal_uart.o
                0x00000000080083f0                HAL_UART_ErrorCallback
 .text.HAL_UART_IRQHandler
                0x00000000080083f4      0x1f4 Drivers/STM32H7xx_HAL_Driver/Src/stm32h7xx_hal_uart.o
                0x00000000080083f4                HAL_UART_IRQHandler
 .text.UART_DMAAbortOnError
                0x00000000080085e8       0x18 Drivers/STM32H7xx_HAL_Driver/Src/stm32h7xx_hal_uart.o
 .text.UART_AdvFeatureConfig
                0x0000000008008600       0xb0 Drivers/STM32H7xx_HAL_Driver/Src/stm32h7xx_hal_uart.o
                0x0000000008008600                UART_AdvFeatureConfig
 .text.HAL_UART_Init
                0x00000000080086b0      0x680 Drivers/STM32H7xx_HAL_Driver/Src/stm32h7xx_hal_uart.o
                0x00000000080086b0                HAL_UART_Init
 .text.HAL_UARTEx_WakeupCallback
                0x0000000008008d30        0x4 Drivers/STM32H7xx_HAL_Driver/Src/stm32h7xx_hal_uart_ex.o
                0x0000000008008d30                HAL_UARTEx_WakeupCallback
 .text.HAL_UARTEx_RxFifoFullCallback
                0x0000000008008d34        0x4 Drivers/STM32H7xx_HAL_Driver/Src/stm32h7xx_hal_uart_ex.o
                0x0000000008008d34                HAL_UARTEx_RxFifoFullCallback
 .text.HAL_UARTEx_TxFifoEmptyCallback
                0x0000000008008d38        0x4 Drivers/STM32H7xx_HAL_Driver/Src/stm32h7xx_hal_uart_ex.o
                0x0000000008008d38                HAL_UARTEx_TxFifoEmptyCallback
 .text.HAL_UARTEx_DisableFifoMode
                0x0000000008008d3c       0x3c Drivers/STM32H7xx_HAL_Driver/Src/stm32h7xx_hal_uart_ex.o
                0x0000000008008d3c                HAL_UARTEx_DisableFifoMode
 .text.HAL_UARTEx_SetTxFifoThreshold
                0x0000000008008d78       0xa4 Drivers/STM32H7xx_HAL_Driver/Src/stm32h7xx_hal_uart_ex.o
                0x0000000008008d78                HAL_UARTEx_SetTxFifoThreshold
 .text.HAL_UARTEx_SetRxFifoThreshold
                0x0000000008008e1c       0xa4 Drivers/STM32H7xx_HAL_Driver/Src/stm32h7xx_hal_uart_ex.o
                0x0000000008008e1c                HAL_UARTEx_SetRxFifoThreshold
 .text.arm_cfft_radix8by2_f32
                0x0000000008008ec0      0x1a0 C:\Users\alberto\STM32Cube\Repository\STM32Cube_FW_H7_V1.7.0\Drivers\CMSIS/Lib/GCC\libarm_cortexM7lfsp_math.a(arm_cfft_f32.o)
                0x0000000008008ec0                arm_cfft_radix8by2_f32
 .text.arm_cfft_radix8by4_f32
                0x0000000008009060      0x4b0 C:\Users\alberto\STM32Cube\Repository\STM32Cube_FW_H7_V1.7.0\Drivers\CMSIS/Lib/GCC\libarm_cortexM7lfsp_math.a(arm_cfft_f32.o)
                0x0000000008009060                arm_cfft_radix8by4_f32
 .text.arm_cfft_f32
                0x0000000008009510       0xf0 C:\Users\alberto\STM32Cube\Repository\STM32Cube_FW_H7_V1.7.0\Drivers\CMSIS/Lib/GCC\libarm_cortexM7lfsp_math.a(arm_cfft_f32.o)
                0x0000000008009510                arm_cfft_f32
 .text.arm_fir_decimate_init_f32
                0x0000000008009600       0x3c C:\Users\alberto\STM32Cube\Repository\STM32Cube_FW_H7_V1.7.0\Drivers\CMSIS/Lib/GCC\libarm_cortexM7lfsp_math.a(arm_fir_decimate_init_f32.o)
                0x0000000008009600                arm_fir_decimate_init_f32
 .text.arm_fir_decimate_f32
                0x000000000800963c      0x378 C:\Users\alberto\STM32Cube\Repository\STM32Cube_FW_H7_V1.7.0\Drivers\CMSIS/Lib/GCC\libarm_cortexM7lfsp_math.a(arm_fir_decimate_f32.o)
                0x000000000800963c                arm_fir_decimate_f32
 .text.arm_cmplx_mult_cmplx_f32
                0x00000000080099b4      0x140 C:\Users\alberto\STM32Cube\Repository\STM32Cube_FW_H7_V1.7.0\Drivers\CMSIS/Lib/GCC\libarm_cortexM7lfsp_math.a(arm_cmplx_mult_cmplx_f32.o)
                0x00000000080099b4                arm_cmplx_mult_cmplx_f32
 .text.arm_radix8_butterfly_f32
                0x0000000008009af4      0x5e4 C:\Users\alberto\STM32Cube\Repository\STM32Cube_FW_H7_V1.7.0\Drivers\CMSIS/Lib/GCC\libarm_cortexM7lfsp_math.a(arm_cfft_radix8_f32.o)
                0x0000000008009af4                arm_radix8_butterfly_f32
 .text.__errno  0x000000000800a0d8        0xc c:/st/stm32cubeide_1.3.0/stm32cubeide/plugins/com.st.stm32cube.ide.mcu.externaltools.gnu-tools-for-stm32.7-2018-q2-update.win32_1.5.0.202011040924/tools/bin/../lib/gcc/arm-none-eabi/7.3.1/../../../../arm-none-eabi/lib/thumb/v7e-m/fpv5/hard\libc_nano.a(lib_a-errno.o)
                0x000000000800a0d8                __errno
 .text.__libc_init_array
                0x000000000800a0e4       0x48 c:/st/stm32cubeide_1.3.0/stm32cubeide/plugins/com.st.stm32cube.ide.mcu.externaltools.gnu-tools-for-stm32.7-2018-q2-update.win32_1.5.0.202011040924/tools/bin/../lib/gcc/arm-none-eabi/7.3.1/../../../../arm-none-eabi/lib/thumb/v7e-m/fpv5/hard\libc_nano.a(lib_a-init.o)
                0x000000000800a0e4                __libc_init_array
 .text.memset   0x000000000800a12c       0x10 c:/st/stm32cubeide_1.3.0/stm32cubeide/plugins/com.st.stm32cube.ide.mcu.externaltools.gnu-tools-for-stm32.7-2018-q2-update.win32_1.5.0.202011040924/tools/bin/../lib/gcc/arm-none-eabi/7.3.1/../../../../arm-none-eabi/lib/thumb/v7e-m/fpv5/hard\libc_nano.a(lib_a-memset.o)
                0x000000000800a12c                memset
 .text.__cvt    0x000000000800a13c       0xa4 c:/st/stm32cubeide_1.3.0/stm32cubeide/plugins/com.st.stm32cube.ide.mcu.externaltools.gnu-tools-for-stm32.7-2018-q2-update.win32_1.5.0.202011040924/tools/bin/../lib/gcc/arm-none-eabi/7.3.1/../../../../arm-none-eabi/lib/thumb/v7e-m/fpv5/hard\libc_nano.a(lib_a-nano-vfprintf_float.o)
                0x000000000800a13c                __cvt
 .text.__exponent
                0x000000000800a1e0       0x66 c:/st/stm32cubeide_1.3.0/stm32cubeide/plugins/com.st.stm32cube.ide.mcu.externaltools.gnu-tools-for-stm32.7-2018-q2-update.win32_1.5.0.202011040924/tools/bin/../lib/gcc/arm-none-eabi/7.3.1/../../../../arm-none-eabi/lib/thumb/v7e-m/fpv5/hard\libc_nano.a(lib_a-nano-vfprintf_float.o)
                0x000000000800a1e0                __exponent
 *fill*         0x000000000800a246        0x2 
 .text._printf_float
                0x000000000800a248      0x458 c:/st/stm32cubeide_1.3.0/stm32cubeide/plugins/com.st.stm32cube.ide.mcu.externaltools.gnu-tools-for-stm32.7-2018-q2-update.win32_1.5.0.202011040924/tools/bin/../lib/gcc/arm-none-eabi/7.3.1/../../../../arm-none-eabi/lib/thumb/v7e-m/fpv5/hard\libc_nano.a(lib_a-nano-vfprintf_float.o)
                0x000000000800a248                _printf_float
 .text._printf_common
                0x000000000800a6a0       0xea c:/st/stm32cubeide_1.3.0/stm32cubeide/plugins/com.st.stm32cube.ide.mcu.externaltools.gnu-tools-for-stm32.7-2018-q2-update.win32_1.5.0.202011040924/tools/bin/../lib/gcc/arm-none-eabi/7.3.1/../../../../arm-none-eabi/lib/thumb/v7e-m/fpv5/hard\libc_nano.a(lib_a-nano-vfprintf_i.o)
                0x000000000800a6a0                _printf_common
 *fill*         0x000000000800a78a        0x2 
 .text._printf_i
                0x000000000800a78c      0x224 c:/st/stm32cubeide_1.3.0/stm32cubeide/plugins/com.st.stm32cube.ide.mcu.externaltools.gnu-tools-for-stm32.7-2018-q2-update.win32_1.5.0.202011040924/tools/bin/../lib/gcc/arm-none-eabi/7.3.1/../../../../arm-none-eabi/lib/thumb/v7e-m/fpv5/hard\libc_nano.a(lib_a-nano-vfprintf_i.o)
                0x000000000800a78c                _printf_i
 .text.sprintf  0x000000000800a9b0       0x40 c:/st/stm32cubeide_1.3.0/stm32cubeide/plugins/com.st.stm32cube.ide.mcu.externaltools.gnu-tools-for-stm32.7-2018-q2-update.win32_1.5.0.202011040924/tools/bin/../lib/gcc/arm-none-eabi/7.3.1/../../../../arm-none-eabi/lib/thumb/v7e-m/fpv5/hard\libc_nano.a(lib_a-sprintf.o)
                0x000000000800a9b0                siprintf
                0x000000000800a9b0                sprintf
 .text.strcpy   0x000000000800a9f0       0x10 c:/st/stm32cubeide_1.3.0/stm32cubeide/plugins/com.st.stm32cube.ide.mcu.externaltools.gnu-tools-for-stm32.7-2018-q2-update.win32_1.5.0.202011040924/tools/bin/../lib/gcc/arm-none-eabi/7.3.1/../../../../arm-none-eabi/lib/thumb/v7e-m/fpv5/hard\libc_nano.a(lib_a-strcpy.o)
                0x000000000800a9f0                strcpy
 .text.quorem   0x000000000800aa00      0x118 c:/st/stm32cubeide_1.3.0/stm32cubeide/plugins/com.st.stm32cube.ide.mcu.externaltools.gnu-tools-for-stm32.7-2018-q2-update.win32_1.5.0.202011040924/tools/bin/../lib/gcc/arm-none-eabi/7.3.1/../../../../arm-none-eabi/lib/thumb/v7e-m/fpv5/hard\libc_nano.a(lib_a-dtoa.o)
 .text._dtoa_r  0x000000000800ab18      0xa98 c:/st/stm32cubeide_1.3.0/stm32cubeide/plugins/com.st.stm32cube.ide.mcu.externaltools.gnu-tools-for-stm32.7-2018-q2-update.win32_1.5.0.202011040924/tools/bin/../lib/gcc/arm-none-eabi/7.3.1/../../../../arm-none-eabi/lib/thumb/v7e-m/fpv5/hard\libc_nano.a(lib_a-dtoa.o)
                0x000000000800ab18                _dtoa_r
 .text._localeconv_r
                0x000000000800b5b0       0x1c c:/st/stm32cubeide_1.3.0/stm32cubeide/plugins/com.st.stm32cube.ide.mcu.externaltools.gnu-tools-for-stm32.7-2018-q2-update.win32_1.5.0.202011040924/tools/bin/../lib/gcc/arm-none-eabi/7.3.1/../../../../arm-none-eabi/lib/thumb/v7e-m/fpv5/hard\libc_nano.a(lib_a-localeconv.o)
                0x000000000800b5b0                _localeconv_r
 .text.malloc   0x000000000800b5cc       0x10 c:/st/stm32cubeide_1.3.0/stm32cubeide/plugins/com.st.stm32cube.ide.mcu.externaltools.gnu-tools-for-stm32.7-2018-q2-update.win32_1.5.0.202011040924/tools/bin/../lib/gcc/arm-none-eabi/7.3.1/../../../../arm-none-eabi/lib/thumb/v7e-m/fpv5/hard\libc_nano.a(lib_a-malloc.o)
                0x000000000800b5cc                malloc
 .text.memcpy   0x000000000800b5dc       0x16 c:/st/stm32cubeide_1.3.0/stm32cubeide/plugins/com.st.stm32cube.ide.mcu.externaltools.gnu-tools-for-stm32.7-2018-q2-update.win32_1.5.0.202011040924/tools/bin/../lib/gcc/arm-none-eabi/7.3.1/../../../../arm-none-eabi/lib/thumb/v7e-m/fpv5/hard\libc_nano.a(lib_a-memcpy-stub.o)
                0x000000000800b5dc                memcpy
 .text._Balloc  0x000000000800b5f2       0x68 c:/st/stm32cubeide_1.3.0/stm32cubeide/plugins/com.st.stm32cube.ide.mcu.externaltools.gnu-tools-for-stm32.7-2018-q2-update.win32_1.5.0.202011040924/tools/bin/../lib/gcc/arm-none-eabi/7.3.1/../../../../arm-none-eabi/lib/thumb/v7e-m/fpv5/hard\libc_nano.a(lib_a-mprec.o)
                0x000000000800b5f2                _Balloc
 .text._Bfree   0x000000000800b65a       0x2e c:/st/stm32cubeide_1.3.0/stm32cubeide/plugins/com.st.stm32cube.ide.mcu.externaltools.gnu-tools-for-stm32.7-2018-q2-update.win32_1.5.0.202011040924/tools/bin/../lib/gcc/arm-none-eabi/7.3.1/../../../../arm-none-eabi/lib/thumb/v7e-m/fpv5/hard\libc_nano.a(lib_a-mprec.o)
                0x000000000800b65a                _Bfree
 .text.__multadd
                0x000000000800b688       0x76 c:/st/stm32cubeide_1.3.0/stm32cubeide/plugins/com.st.stm32cube.ide.mcu.externaltools.gnu-tools-for-stm32.7-2018-q2-update.win32_1.5.0.202011040924/tools/bin/../lib/gcc/arm-none-eabi/7.3.1/../../../../arm-none-eabi/lib/thumb/v7e-m/fpv5/hard\libc_nano.a(lib_a-mprec.o)
                0x000000000800b688                __multadd
 .text.__hi0bits
                0x000000000800b6fe       0x3e c:/st/stm32cubeide_1.3.0/stm32cubeide/plugins/com.st.stm32cube.ide.mcu.externaltools.gnu-tools-for-stm32.7-2018-q2-update.win32_1.5.0.202011040924/tools/bin/../lib/gcc/arm-none-eabi/7.3.1/../../../../arm-none-eabi/lib/thumb/v7e-m/fpv5/hard\libc_nano.a(lib_a-mprec.o)
                0x000000000800b6fe                __hi0bits
 .text.__lo0bits
                0x000000000800b73c       0x5e c:/st/stm32cubeide_1.3.0/stm32cubeide/plugins/com.st.stm32cube.ide.mcu.externaltools.gnu-tools-for-stm32.7-2018-q2-update.win32_1.5.0.202011040924/tools/bin/../lib/gcc/arm-none-eabi/7.3.1/../../../../arm-none-eabi/lib/thumb/v7e-m/fpv5/hard\libc_nano.a(lib_a-mprec.o)
                0x000000000800b73c                __lo0bits
 .text.__i2b    0x000000000800b79a       0x12 c:/st/stm32cubeide_1.3.0/stm32cubeide/plugins/com.st.stm32cube.ide.mcu.externaltools.gnu-tools-for-stm32.7-2018-q2-update.win32_1.5.0.202011040924/tools/bin/../lib/gcc/arm-none-eabi/7.3.1/../../../../arm-none-eabi/lib/thumb/v7e-m/fpv5/hard\libc_nano.a(lib_a-mprec.o)
                0x000000000800b79a                __i2b
 .text.__multiply
                0x000000000800b7ac      0x12c c:/st/stm32cubeide_1.3.0/stm32cubeide/plugins/com.st.stm32cube.ide.mcu.externaltools.gnu-tools-for-stm32.7-2018-q2-update.win32_1.5.0.202011040924/tools/bin/../lib/gcc/arm-none-eabi/7.3.1/../../../../arm-none-eabi/lib/thumb/v7e-m/fpv5/hard\libc_nano.a(lib_a-mprec.o)
                0x000000000800b7ac                __multiply
 .text.__pow5mult
                0x000000000800b8d8       0x9c c:/st/stm32cubeide_1.3.0/stm32cubeide/plugins/com.st.stm32cube.ide.mcu.externaltools.gnu-tools-for-stm32.7-2018-q2-update.win32_1.5.0.202011040924/tools/bin/../lib/gcc/arm-none-eabi/7.3.1/../../../../arm-none-eabi/lib/thumb/v7e-m/fpv5/hard\libc_nano.a(lib_a-mprec.o)
                0x000000000800b8d8                __pow5mult
 .text.__lshift
                0x000000000800b974       0xa8 c:/st/stm32cubeide_1.3.0/stm32cubeide/plugins/com.st.stm32cube.ide.mcu.externaltools.gnu-tools-for-stm32.7-2018-q2-update.win32_1.5.0.202011040924/tools/bin/../lib/gcc/arm-none-eabi/7.3.1/../../../../arm-none-eabi/lib/thumb/v7e-m/fpv5/hard\libc_nano.a(lib_a-mprec.o)
                0x000000000800b974                __lshift
 .text.__mcmp   0x000000000800ba1c       0x34 c:/st/stm32cubeide_1.3.0/stm32cubeide/plugins/com.st.stm32cube.ide.mcu.externaltools.gnu-tools-for-stm32.7-2018-q2-update.win32_1.5.0.202011040924/tools/bin/../lib/gcc/arm-none-eabi/7.3.1/../../../../arm-none-eabi/lib/thumb/v7e-m/fpv5/hard\libc_nano.a(lib_a-mprec.o)
                0x000000000800ba1c                __mcmp
 .text.__mdiff  0x000000000800ba50       0xba c:/st/stm32cubeide_1.3.0/stm32cubeide/plugins/com.st.stm32cube.ide.mcu.externaltools.gnu-tools-for-stm32.7-2018-q2-update.win32_1.5.0.202011040924/tools/bin/../lib/gcc/arm-none-eabi/7.3.1/../../../../arm-none-eabi/lib/thumb/v7e-m/fpv5/hard\libc_nano.a(lib_a-mprec.o)
                0x000000000800ba50                __mdiff
 .text.__d2b    0x000000000800bb0a       0x9e c:/st/stm32cubeide_1.3.0/stm32cubeide/plugins/com.st.stm32cube.ide.mcu.externaltools.gnu-tools-for-stm32.7-2018-q2-update.win32_1.5.0.202011040924/tools/bin/../lib/gcc/arm-none-eabi/7.3.1/../../../../arm-none-eabi/lib/thumb/v7e-m/fpv5/hard\libc_nano.a(lib_a-mprec.o)
                0x000000000800bb0a                __d2b
 .text._calloc_r
                0x000000000800bba8       0x1c c:/st/stm32cubeide_1.3.0/stm32cubeide/plugins/com.st.stm32cube.ide.mcu.externaltools.gnu-tools-for-stm32.7-2018-q2-update.win32_1.5.0.202011040924/tools/bin/../lib/gcc/arm-none-eabi/7.3.1/../../../../arm-none-eabi/lib/thumb/v7e-m/fpv5/hard\libc_nano.a(lib_a-nano-callocr.o)
                0x000000000800bba8                _calloc_r
 .text._free_r  0x000000000800bbc4       0x9c c:/st/stm32cubeide_1.3.0/stm32cubeide/plugins/com.st.stm32cube.ide.mcu.externaltools.gnu-tools-for-stm32.7-2018-q2-update.win32_1.5.0.202011040924/tools/bin/../lib/gcc/arm-none-eabi/7.3.1/../../../../arm-none-eabi/lib/thumb/v7e-m/fpv5/hard\libc_nano.a(lib_a-nano-freer.o)
                0x000000000800bbc4                _free_r
 .text._malloc_r
                0x000000000800bc60       0xb4 c:/st/stm32cubeide_1.3.0/stm32cubeide/plugins/com.st.stm32cube.ide.mcu.externaltools.gnu-tools-for-stm32.7-2018-q2-update.win32_1.5.0.202011040924/tools/bin/../lib/gcc/arm-none-eabi/7.3.1/../../../../arm-none-eabi/lib/thumb/v7e-m/fpv5/hard\libc_nano.a(lib_a-nano-mallocr.o)
                0x000000000800bc60                _malloc_r
 .text.__ssputs_r
                0x000000000800bd14       0xb4 c:/st/stm32cubeide_1.3.0/stm32cubeide/plugins/com.st.stm32cube.ide.mcu.externaltools.gnu-tools-for-stm32.7-2018-q2-update.win32_1.5.0.202011040924/tools/bin/../lib/gcc/arm-none-eabi/7.3.1/../../../../arm-none-eabi/lib/thumb/v7e-m/fpv5/hard\libc_nano.a(lib_a-nano-svfprintf.o)
                0x000000000800bd14                __ssputs_r
 .text._svfprintf_r
                0x000000000800bdc8      0x1f0 c:/st/stm32cubeide_1.3.0/stm32cubeide/plugins/com.st.stm32cube.ide.mcu.externaltools.gnu-tools-for-stm32.7-2018-q2-update.win32_1.5.0.202011040924/tools/bin/../lib/gcc/arm-none-eabi/7.3.1/../../../../arm-none-eabi/lib/thumb/v7e-m/fpv5/hard\libc_nano.a(lib_a-nano-svfprintf.o)
                0x000000000800bdc8                _svfiprintf_r
                0x000000000800bdc8                _svfprintf_r
 .text._sbrk_r  0x000000000800bfb8       0x20 c:/st/stm32cubeide_1.3.0/stm32cubeide/plugins/com.st.stm32cube.ide.mcu.externaltools.gnu-tools-for-stm32.7-2018-q2-update.win32_1.5.0.202011040924/tools/bin/../lib/gcc/arm-none-eabi/7.3.1/../../../../arm-none-eabi/lib/thumb/v7e-m/fpv5/hard\libc_nano.a(lib_a-sbrkr.o)
                0x000000000800bfb8                _sbrk_r
 .text.__ascii_mbtowc
                0x000000000800bfd8       0x24 c:/st/stm32cubeide_1.3.0/stm32cubeide/plugins/com.st.stm32cube.ide.mcu.externaltools.gnu-tools-for-stm32.7-2018-q2-update.win32_1.5.0.202011040924/tools/bin/../lib/gcc/arm-none-eabi/7.3.1/../../../../arm-none-eabi/lib/thumb/v7e-m/fpv5/hard\libc_nano.a(lib_a-mbtowc_r.o)
                0x000000000800bfd8                __ascii_mbtowc
 .text.memmove  0x000000000800bffc       0x32 c:/st/stm32cubeide_1.3.0/stm32cubeide/plugins/com.st.stm32cube.ide.mcu.externaltools.gnu-tools-for-stm32.7-2018-q2-update.win32_1.5.0.202011040924/tools/bin/../lib/gcc/arm-none-eabi/7.3.1/../../../../arm-none-eabi/lib/thumb/v7e-m/fpv5/hard\libc_nano.a(lib_a-memmove.o)
                0x000000000800bffc                memmove
 .text.__malloc_lock
                0x000000000800c02e        0x2 c:/st/stm32cubeide_1.3.0/stm32cubeide/plugins/com.st.stm32cube.ide.mcu.externaltools.gnu-tools-for-stm32.7-2018-q2-update.win32_1.5.0.202011040924/tools/bin/../lib/gcc/arm-none-eabi/7.3.1/../../../../arm-none-eabi/lib/thumb/v7e-m/fpv5/hard\libc_nano.a(lib_a-mlock.o)
                0x000000000800c02e                __malloc_lock
 .text.__malloc_unlock
                0x000000000800c030        0x2 c:/st/stm32cubeide_1.3.0/stm32cubeide/plugins/com.st.stm32cube.ide.mcu.externaltools.gnu-tools-for-stm32.7-2018-q2-update.win32_1.5.0.202011040924/tools/bin/../lib/gcc/arm-none-eabi/7.3.1/../../../../arm-none-eabi/lib/thumb/v7e-m/fpv5/hard\libc_nano.a(lib_a-mlock.o)
                0x000000000800c030                __malloc_unlock
 .text._realloc_r
                0x000000000800c032       0x4c c:/st/stm32cubeide_1.3.0/stm32cubeide/plugins/com.st.stm32cube.ide.mcu.externaltools.gnu-tools-for-stm32.7-2018-q2-update.win32_1.5.0.202011040924/tools/bin/../lib/gcc/arm-none-eabi/7.3.1/../../../../arm-none-eabi/lib/thumb/v7e-m/fpv5/hard\libc_nano.a(lib_a-nano-reallocr.o)
                0x000000000800c032                _realloc_r
 .text.__ascii_wctomb
                0x000000000800c07e       0x1a c:/st/stm32cubeide_1.3.0/stm32cubeide/plugins/com.st.stm32cube.ide.mcu.externaltools.gnu-tools-for-stm32.7-2018-q2-update.win32_1.5.0.202011040924/tools/bin/../lib/gcc/arm-none-eabi/7.3.1/../../../../arm-none-eabi/lib/thumb/v7e-m/fpv5/hard\libc_nano.a(lib_a-wctomb_r.o)
                0x000000000800c07e                __ascii_wctomb
 .text._malloc_usable_size_r
                0x000000000800c098       0x10 c:/st/stm32cubeide_1.3.0/stm32cubeide/plugins/com.st.stm32cube.ide.mcu.externaltools.gnu-tools-for-stm32.7-2018-q2-update.win32_1.5.0.202011040924/tools/bin/../lib/gcc/arm-none-eabi/7.3.1/../../../../arm-none-eabi/lib/thumb/v7e-m/fpv5/hard\libc_nano.a(lib_a-nano-msizer.o)
                0x000000000800c098                _malloc_usable_size_r
 .text.cos      0x000000000800c0a8       0x78 c:/st/stm32cubeide_1.3.0/stm32cubeide/plugins/com.st.stm32cube.ide.mcu.externaltools.gnu-tools-for-stm32.7-2018-q2-update.win32_1.5.0.202011040924/tools/bin/../lib/gcc/arm-none-eabi/7.3.1/../../../../arm-none-eabi/lib/thumb/v7e-m/fpv5/hard\libm.a(lib_a-s_cos.o)
                0x000000000800c0a8                cos
 .text.sin      0x000000000800c120       0x78 c:/st/stm32cubeide_1.3.0/stm32cubeide/plugins/com.st.stm32cube.ide.mcu.externaltools.gnu-tools-for-stm32.7-2018-q2-update.win32_1.5.0.202011040924/tools/bin/../lib/gcc/arm-none-eabi/7.3.1/../../../../arm-none-eabi/lib/thumb/v7e-m/fpv5/hard\libm.a(lib_a-s_sin.o)
                0x000000000800c120                sin
 .text.log10    0x000000000800c198       0xdc c:/st/stm32cubeide_1.3.0/stm32cubeide/plugins/com.st.stm32cube.ide.mcu.externaltools.gnu-tools-for-stm32.7-2018-q2-update.win32_1.5.0.202011040924/tools/bin/../lib/gcc/arm-none-eabi/7.3.1/../../../../arm-none-eabi/lib/thumb/v7e-m/fpv5/hard\libm.a(lib_a-w_log10.o)
                0x000000000800c198                log10
 *fill*         0x000000000800c274        0x4 
 .text.pow      0x000000000800c278      0x25c c:/st/stm32cubeide_1.3.0/stm32cubeide/plugins/com.st.stm32cube.ide.mcu.externaltools.gnu-tools-for-stm32.7-2018-q2-update.win32_1.5.0.202011040924/tools/bin/../lib/gcc/arm-none-eabi/7.3.1/../../../../arm-none-eabi/lib/thumb/v7e-m/fpv5/hard\libm.a(lib_a-w_pow.o)
                0x000000000800c278                pow
 *fill*         0x000000000800c4d4        0x4 
 .text.__ieee754_log10
                0x000000000800c4d8       0xec c:/st/stm32cubeide_1.3.0/stm32cubeide/plugins/com.st.stm32cube.ide.mcu.externaltools.gnu-tools-for-stm32.7-2018-q2-update.win32_1.5.0.202011040924/tools/bin/../lib/gcc/arm-none-eabi/7.3.1/../../../../arm-none-eabi/lib/thumb/v7e-m/fpv5/hard\libm.a(lib_a-e_log10.o)
                0x000000000800c4d8                __ieee754_log10
 *fill*         0x000000000800c5c4        0x4 
 .text.__ieee754_pow
                0x000000000800c5c8      0x70c c:/st/stm32cubeide_1.3.0/stm32cubeide/plugins/com.st.stm32cube.ide.mcu.externaltools.gnu-tools-for-stm32.7-2018-q2-update.win32_1.5.0.202011040924/tools/bin/../lib/gcc/arm-none-eabi/7.3.1/../../../../arm-none-eabi/lib/thumb/v7e-m/fpv5/hard\libm.a(lib_a-e_pow.o)
                0x000000000800c5c8                __ieee754_pow
 *fill*         0x000000000800ccd4        0x4 
 .text.__ieee754_rem_pio2
                0x000000000800ccd8      0x278 c:/st/stm32cubeide_1.3.0/stm32cubeide/plugins/com.st.stm32cube.ide.mcu.externaltools.gnu-tools-for-stm32.7-2018-q2-update.win32_1.5.0.202011040924/tools/bin/../lib/gcc/arm-none-eabi/7.3.1/../../../../arm-none-eabi/lib/thumb/v7e-m/fpv5/hard\libm.a(lib_a-e_rem_pio2.o)
                0x000000000800ccd8                __ieee754_rem_pio2
 .text.__ieee754_sqrt
                0x000000000800cf50        0x6 c:/st/stm32cubeide_1.3.0/stm32cubeide/plugins/com.st.stm32cube.ide.mcu.externaltools.gnu-tools-for-stm32.7-2018-q2-update.win32_1.5.0.202011040924/tools/bin/../lib/gcc/arm-none-eabi/7.3.1/../../../../arm-none-eabi/lib/thumb/v7e-m/fpv5/hard\libm.a(lib_a-e_sqrt.o)
                0x000000000800cf50                __ieee754_sqrt
 *fill*         0x000000000800cf56        0x2 
 .text.__kernel_cos
                0x000000000800cf58       0xd8 c:/st/stm32cubeide_1.3.0/stm32cubeide/plugins/com.st.stm32cube.ide.mcu.externaltools.gnu-tools-for-stm32.7-2018-q2-update.win32_1.5.0.202011040924/tools/bin/../lib/gcc/arm-none-eabi/7.3.1/../../../../arm-none-eabi/lib/thumb/v7e-m/fpv5/hard\libm.a(lib_a-k_cos.o)
                0x000000000800cf58                __kernel_cos
 .text.__kernel_rem_pio2
                0x000000000800d030      0x538 c:/st/stm32cubeide_1.3.0/stm32cubeide/plugins/com.st.stm32cube.ide.mcu.externaltools.gnu-tools-for-stm32.7-2018-q2-update.win32_1.5.0.202011040924/tools/bin/../lib/gcc/arm-none-eabi/7.3.1/../../../../arm-none-eabi/lib/thumb/v7e-m/fpv5/hard\libm.a(lib_a-k_rem_pio2.o)
                0x000000000800d030                __kernel_rem_pio2
 .text.__kernel_sin
                0x000000000800d568       0xb0 c:/st/stm32cubeide_1.3.0/stm32cubeide/plugins/com.st.stm32cube.ide.mcu.externaltools.gnu-tools-for-stm32.7-2018-q2-update.win32_1.5.0.202011040924/tools/bin/../lib/gcc/arm-none-eabi/7.3.1/../../../../arm-none-eabi/lib/thumb/v7e-m/fpv5/hard\libm.a(lib_a-k_sin.o)
                0x000000000800d568                __kernel_sin
 .text.fabs     0x000000000800d618       0x12 c:/st/stm32cubeide_1.3.0/stm32cubeide/plugins/com.st.stm32cube.ide.mcu.externaltools.gnu-tools-for-stm32.7-2018-q2-update.win32_1.5.0.202011040924/tools/bin/../lib/gcc/arm-none-eabi/7.3.1/../../../../arm-none-eabi/lib/thumb/v7e-m/fpv5/hard\libm.a(lib_a-s_fabs.o)
                0x000000000800d618                fabs
 .text.finite   0x000000000800d62a       0x10 c:/st/stm32cubeide_1.3.0/stm32cubeide/plugins/com.st.stm32cube.ide.mcu.externaltools.gnu-tools-for-stm32.7-2018-q2-update.win32_1.5.0.202011040924/tools/bin/../lib/gcc/arm-none-eabi/7.3.1/../../../../arm-none-eabi/lib/thumb/v7e-m/fpv5/hard\libm.a(lib_a-s_finite.o)
                0x000000000800d62a                finite
 *fill*         0x000000000800d63a        0x6 
 .text.floor    0x000000000800d640       0xf0 c:/st/stm32cubeide_1.3.0/stm32cubeide/plugins/com.st.stm32cube.ide.mcu.externaltools.gnu-tools-for-stm32.7-2018-q2-update.win32_1.5.0.202011040924/tools/bin/../lib/gcc/arm-none-eabi/7.3.1/../../../../arm-none-eabi/lib/thumb/v7e-m/fpv5/hard\libm.a(lib_a-s_floor.o)
                0x000000000800d640                floor
 .text.matherr  0x000000000800d730        0x4 c:/st/stm32cubeide_1.3.0/stm32cubeide/plugins/com.st.stm32cube.ide.mcu.externaltools.gnu-tools-for-stm32.7-2018-q2-update.win32_1.5.0.202011040924/tools/bin/../lib/gcc/arm-none-eabi/7.3.1/../../../../arm-none-eabi/lib/thumb/v7e-m/fpv5/hard\libm.a(lib_a-s_matherr.o)
                0x000000000800d730                matherr
 *fill*         0x000000000800d734        0x4 
 .text.nan      0x000000000800d738       0x10 c:/st/stm32cubeide_1.3.0/stm32cubeide/plugins/com.st.stm32cube.ide.mcu.externaltools.gnu-tools-for-stm32.7-2018-q2-update.win32_1.5.0.202011040924/tools/bin/../lib/gcc/arm-none-eabi/7.3.1/../../../../arm-none-eabi/lib/thumb/v7e-m/fpv5/hard\libm.a(lib_a-s_nan.o)
                0x000000000800d738                nan
 .text.rint     0x000000000800d748      0x114 c:/st/stm32cubeide_1.3.0/stm32cubeide/plugins/com.st.stm32cube.ide.mcu.externaltools.gnu-tools-for-stm32.7-2018-q2-update.win32_1.5.0.202011040924/tools/bin/../lib/gcc/arm-none-eabi/7.3.1/../../../../arm-none-eabi/lib/thumb/v7e-m/fpv5/hard\libm.a(lib_a-s_rint.o)
                0x000000000800d748                rint
 *fill*         0x000000000800d85c        0x4 
 .text.scalbn   0x000000000800d860       0xfc c:/st/stm32cubeide_1.3.0/stm32cubeide/plugins/com.st.stm32cube.ide.mcu.externaltools.gnu-tools-for-stm32.7-2018-q2-update.win32_1.5.0.202011040924/tools/bin/../lib/gcc/arm-none-eabi/7.3.1/../../../../arm-none-eabi/lib/thumb/v7e-m/fpv5/hard\libm.a(lib_a-s_scalbn.o)
                0x000000000800d860                scalbn
 *fill*         0x000000000800d95c        0x4 
 .text.__ieee754_log
                0x000000000800d960      0x234 c:/st/stm32cubeide_1.3.0/stm32cubeide/plugins/com.st.stm32cube.ide.mcu.externaltools.gnu-tools-for-stm32.7-2018-q2-update.win32_1.5.0.202011040924/tools/bin/../lib/gcc/arm-none-eabi/7.3.1/../../../../arm-none-eabi/lib/thumb/v7e-m/fpv5/hard\libm.a(lib_a-e_log.o)
                0x000000000800d960                __ieee754_log
 .text.copysign
                0x000000000800db94       0x1e c:/st/stm32cubeide_1.3.0/stm32cubeide/plugins/com.st.stm32cube.ide.mcu.externaltools.gnu-tools-for-stm32.7-2018-q2-update.win32_1.5.0.202011040924/tools/bin/../lib/gcc/arm-none-eabi/7.3.1/../../../../arm-none-eabi/lib/thumb/v7e-m/fpv5/hard\libm.a(lib_a-s_copysign.o)
                0x000000000800db94                copysign
 *(.glue_7)
 .glue_7        0x000000000800dbb2        0x0 linker stubs
 *(.glue_7t)
 .glue_7t       0x000000000800dbb2        0x0 linker stubs
 *(.eh_frame)
 *fill*         0x000000000800dbb2        0x2 
 .eh_frame      0x000000000800dbb4        0x0 c:/st/stm32cubeide_1.3.0/stm32cubeide/plugins/com.st.stm32cube.ide.mcu.externaltools.gnu-tools-for-stm32.7-2018-q2-update.win32_1.5.0.202011040924/tools/bin/../lib/gcc/arm-none-eabi/7.3.1/thumb/v7e-m/fpv5/hard/crtbegin.o
 *(.init)
 .init          0x000000000800dbb4        0x4 c:/st/stm32cubeide_1.3.0/stm32cubeide/plugins/com.st.stm32cube.ide.mcu.externaltools.gnu-tools-for-stm32.7-2018-q2-update.win32_1.5.0.202011040924/tools/bin/../lib/gcc/arm-none-eabi/7.3.1/thumb/v7e-m/fpv5/hard/crti.o
                0x000000000800dbb4                _init
 .init          0x000000000800dbb8        0x8 c:/st/stm32cubeide_1.3.0/stm32cubeide/plugins/com.st.stm32cube.ide.mcu.externaltools.gnu-tools-for-stm32.7-2018-q2-update.win32_1.5.0.202011040924/tools/bin/../lib/gcc/arm-none-eabi/7.3.1/thumb/v7e-m/fpv5/hard/crtn.o
 *(.fini)
 .fini          0x000000000800dbc0        0x4 c:/st/stm32cubeide_1.3.0/stm32cubeide/plugins/com.st.stm32cube.ide.mcu.externaltools.gnu-tools-for-stm32.7-2018-q2-update.win32_1.5.0.202011040924/tools/bin/../lib/gcc/arm-none-eabi/7.3.1/thumb/v7e-m/fpv5/hard/crti.o
                0x000000000800dbc0                _fini
 .fini          0x000000000800dbc4        0x8 c:/st/stm32cubeide_1.3.0/stm32cubeide/plugins/com.st.stm32cube.ide.mcu.externaltools.gnu-tools-for-stm32.7-2018-q2-update.win32_1.5.0.202011040924/tools/bin/../lib/gcc/arm-none-eabi/7.3.1/thumb/v7e-m/fpv5/hard/crtn.o
                0x000000000800dbcc                . = ALIGN (0x4)
                0x000000000800dbcc                _etext = .

.vfp11_veneer   0x000000000800dbcc        0x0
 .vfp11_veneer  0x000000000800dbcc        0x0 linker stubs

.v4_bx          0x000000000800dbcc        0x0
 .v4_bx         0x000000000800dbcc        0x0 linker stubs

.iplt           0x000000000800dbcc        0x0
 .iplt          0x000000000800dbcc        0x0 c:/st/stm32cubeide_1.3.0/stm32cubeide/plugins/com.st.stm32cube.ide.mcu.externaltools.gnu-tools-for-stm32.7-2018-q2-update.win32_1.5.0.202011040924/tools/bin/../lib/gcc/arm-none-eabi/7.3.1/thumb/v7e-m/fpv5/hard/crtbegin.o

.rodata         0x000000000800dbd0     0x5410
                0x000000000800dbd0                . = ALIGN (0x4)
 *(.rodata)
 *(.rodata*)
 .rodata.FFTmaskAM_I
                0x000000000800dbd0     0x1000 Core/Src/SDR_func.o
                0x000000000800dbd0                FFTmaskAM_I
 .rodata.FFTmaskAM_R
                0x000000000800ebd0     0x1000 Core/Src/SDR_func.o
                0x000000000800ebd0                FFTmaskAM_R
 .rodata.pBws   0x000000000800fbd0        0xe Core/Src/SDR_func.o
 *fill*         0x000000000800fbde        0x2 
 .rodata.pFreqs
                0x000000000800fbe0       0x38 Core/Src/SDR_func.o
 .rodata.pModes
                0x000000000800fc18        0xe Core/Src/SDR_func.o
 *fill*         0x000000000800fc26        0x2 
 .rodata.DisplayStatus.str1.4
                0x000000000800fc28       0x9a Core/Src/main.o
 *fill*         0x000000000800fcc2        0x2 
 .rodata.UserInput.str1.4
                0x000000000800fcc4        0xc Core/Src/main.o
                                          0xa (size before relaxing)
 .rodata.D1CorePrescTable
                0x000000000800fcd0       0x10 Core/Src/system_stm32h7xx.o
                0x000000000800fcd0                D1CorePrescTable
 .rodata.flagBitshiftOffset.11951
                0x000000000800fce0        0x8 Drivers/STM32H7xx_HAL_Driver/Src/stm32h7xx_hal_dma.o
 .rodata.CSWTCH.61
                0x000000000800fce8       0x29 Drivers/STM32H7xx_HAL_Driver/Src/stm32h7xx_hal_uart.o
 *fill*         0x000000000800fd11        0x3 
 .rodata.CSWTCH.62
                0x000000000800fd14        0x6 Drivers/STM32H7xx_HAL_Driver/Src/stm32h7xx_hal_uart.o
 *fill*         0x000000000800fd1a        0x2 
 .rodata.CSWTCH.69
                0x000000000800fd1c        0x6 Drivers/STM32H7xx_HAL_Driver/Src/stm32h7xx_hal_uart.o
 *fill*         0x000000000800fd22        0x2 
 .rodata.UARTPrescTable
                0x000000000800fd24       0x18 Drivers/STM32H7xx_HAL_Driver/Src/stm32h7xx_hal_uart.o
                0x000000000800fd24                UARTPrescTable
 .rodata.arm_cfft_sR_f32_len1024
                0x000000000800fd3c       0x10 C:\Users\alberto\STM32Cube\Repository\STM32Cube_FW_H7_V1.7.0\Drivers\CMSIS/Lib/GCC\libarm_cortexM7lfsp_math.a(arm_const_structs.o)
                0x000000000800fd3c                arm_cfft_sR_f32_len1024
 .rodata.twiddleCoef_1024
                0x000000000800fd4c     0x2000 C:\Users\alberto\STM32Cube\Repository\STM32Cube_FW_H7_V1.7.0\Drivers\CMSIS/Lib/GCC\libarm_cortexM7lfsp_math.a(arm_common_tables.o)
                0x000000000800fd4c                twiddleCoef_1024
 .rodata.armBitRevIndexTable1024
                0x0000000008011d4c      0xe10 C:\Users\alberto\STM32Cube\Repository\STM32Cube_FW_H7_V1.7.0\Drivers\CMSIS/Lib/GCC\libarm_cortexM7lfsp_math.a(arm_common_tables.o)
                0x0000000008011d4c                armBitRevIndexTable1024
 .rodata._printf_float.str1.1
                0x0000000008012b5c       0x10 c:/st/stm32cubeide_1.3.0/stm32cubeide/plugins/com.st.stm32cube.ide.mcu.externaltools.gnu-tools-for-stm32.7-2018-q2-update.win32_1.5.0.202011040924/tools/bin/../lib/gcc/arm-none-eabi/7.3.1/../../../../arm-none-eabi/lib/thumb/v7e-m/fpv5/hard\libc_nano.a(lib_a-nano-vfprintf_float.o)
                                         0x12 (size before relaxing)
 .rodata._printf_i.str1.1
                0x0000000008012b6c       0x22 c:/st/stm32cubeide_1.3.0/stm32cubeide/plugins/com.st.stm32cube.ide.mcu.externaltools.gnu-tools-for-stm32.7-2018-q2-update.win32_1.5.0.202011040924/tools/bin/../lib/gcc/arm-none-eabi/7.3.1/../../../../arm-none-eabi/lib/thumb/v7e-m/fpv5/hard\libc_nano.a(lib_a-nano-vfprintf_i.o)
 .rodata._dtoa_r.str1.1
                0x0000000008012b8e        0xd c:/st/stm32cubeide_1.3.0/stm32cubeide/plugins/com.st.stm32cube.ide.mcu.externaltools.gnu-tools-for-stm32.7-2018-q2-update.win32_1.5.0.202011040924/tools/bin/../lib/gcc/arm-none-eabi/7.3.1/../../../../arm-none-eabi/lib/thumb/v7e-m/fpv5/hard\libc_nano.a(lib_a-dtoa.o)
                                          0xf (size before relaxing)
 *fill*         0x0000000008012b9b        0x5 
 .rodata.__mprec_bigtens
                0x0000000008012ba0       0x28 c:/st/stm32cubeide_1.3.0/stm32cubeide/plugins/com.st.stm32cube.ide.mcu.externaltools.gnu-tools-for-stm32.7-2018-q2-update.win32_1.5.0.202011040924/tools/bin/../lib/gcc/arm-none-eabi/7.3.1/../../../../arm-none-eabi/lib/thumb/v7e-m/fpv5/hard\libc_nano.a(lib_a-mprec.o)
                0x0000000008012ba0                __mprec_bigtens
 .rodata.__mprec_tens
                0x0000000008012bc8       0xc8 c:/st/stm32cubeide_1.3.0/stm32cubeide/plugins/com.st.stm32cube.ide.mcu.externaltools.gnu-tools-for-stm32.7-2018-q2-update.win32_1.5.0.202011040924/tools/bin/../lib/gcc/arm-none-eabi/7.3.1/../../../../arm-none-eabi/lib/thumb/v7e-m/fpv5/hard\libc_nano.a(lib_a-mprec.o)
                0x0000000008012bc8                __mprec_tens
 .rodata.p05.7359
                0x0000000008012c90        0xc c:/st/stm32cubeide_1.3.0/stm32cubeide/plugins/com.st.stm32cube.ide.mcu.externaltools.gnu-tools-for-stm32.7-2018-q2-update.win32_1.5.0.202011040924/tools/bin/../lib/gcc/arm-none-eabi/7.3.1/../../../../arm-none-eabi/lib/thumb/v7e-m/fpv5/hard\libc_nano.a(lib_a-mprec.o)
 .rodata._svfprintf_r.str1.1
                0x0000000008012c9c       0x11 c:/st/stm32cubeide_1.3.0/stm32cubeide/plugins/com.st.stm32cube.ide.mcu.externaltools.gnu-tools-for-stm32.7-2018-q2-update.win32_1.5.0.202011040924/tools/bin/../lib/gcc/arm-none-eabi/7.3.1/../../../../arm-none-eabi/lib/thumb/v7e-m/fpv5/hard\libc_nano.a(lib_a-nano-svfprintf.o)
 .rodata._setlocale_r.str1.1
                0x0000000008012cad        0x8 c:/st/stm32cubeide_1.3.0/stm32cubeide/plugins/com.st.stm32cube.ide.mcu.externaltools.gnu-tools-for-stm32.7-2018-q2-update.win32_1.5.0.202011040924/tools/bin/../lib/gcc/arm-none-eabi/7.3.1/../../../../arm-none-eabi/lib/thumb/v7e-m/fpv5/hard\libc_nano.a(lib_a-locale.o)
                                          0x9 (size before relaxing)
 .rodata.str1.1
                0x0000000008012cb5        0x2 c:/st/stm32cubeide_1.3.0/stm32cubeide/plugins/com.st.stm32cube.ide.mcu.externaltools.gnu-tools-for-stm32.7-2018-q2-update.win32_1.5.0.202011040924/tools/bin/../lib/gcc/arm-none-eabi/7.3.1/../../../../arm-none-eabi/lib/thumb/v7e-m/fpv5/hard\libc_nano.a(lib_a-locale.o)
 .rodata._ctype_
                0x0000000008012cb7      0x101 c:/st/stm32cubeide_1.3.0/stm32cubeide/plugins/com.st.stm32cube.ide.mcu.externaltools.gnu-tools-for-stm32.7-2018-q2-update.win32_1.5.0.202011040924/tools/bin/../lib/gcc/arm-none-eabi/7.3.1/../../../../arm-none-eabi/lib/thumb/v7e-m/fpv5/hard\libc_nano.a(lib_a-ctype_.o)
                0x0000000008012cb7                _ctype_
 .rodata.log10.str1.1
                0x0000000008012db8        0x6 c:/st/stm32cubeide_1.3.0/stm32cubeide/plugins/com.st.stm32cube.ide.mcu.externaltools.gnu-tools-for-stm32.7-2018-q2-update.win32_1.5.0.202011040924/tools/bin/../lib/gcc/arm-none-eabi/7.3.1/../../../../arm-none-eabi/lib/thumb/v7e-m/fpv5/hard\libm.a(lib_a-w_log10.o)
                                          0x7 (size before relaxing)
 .rodata.pow.str1.1
                0x0000000008012dbe        0x4 c:/st/stm32cubeide_1.3.0/stm32cubeide/plugins/com.st.stm32cube.ide.mcu.externaltools.gnu-tools-for-stm32.7-2018-q2-update.win32_1.5.0.202011040924/tools/bin/../lib/gcc/arm-none-eabi/7.3.1/../../../../arm-none-eabi/lib/thumb/v7e-m/fpv5/hard\libm.a(lib_a-w_pow.o)
 .rodata.__ieee754_pow.str1.1
                0x0000000008012dc2        0x1 c:/st/stm32cubeide_1.3.0/stm32cubeide/plugins/com.st.stm32cube.ide.mcu.externaltools.gnu-tools-for-stm32.7-2018-q2-update.win32_1.5.0.202011040924/tools/bin/../lib/gcc/arm-none-eabi/7.3.1/../../../../arm-none-eabi/lib/thumb/v7e-m/fpv5/hard\libm.a(lib_a-e_pow.o)
 *fill*         0x0000000008012dc2        0x6 
 .rodata.bp     0x0000000008012dc8       0x10 c:/st/stm32cubeide_1.3.0/stm32cubeide/plugins/com.st.stm32cube.ide.mcu.externaltools.gnu-tools-for-stm32.7-2018-q2-update.win32_1.5.0.202011040924/tools/bin/../lib/gcc/arm-none-eabi/7.3.1/../../../../arm-none-eabi/lib/thumb/v7e-m/fpv5/hard\libm.a(lib_a-e_pow.o)
 .rodata.dp_h   0x0000000008012dd8       0x10 c:/st/stm32cubeide_1.3.0/stm32cubeide/plugins/com.st.stm32cube.ide.mcu.externaltools.gnu-tools-for-stm32.7-2018-q2-update.win32_1.5.0.202011040924/tools/bin/../lib/gcc/arm-none-eabi/7.3.1/../../../../arm-none-eabi/lib/thumb/v7e-m/fpv5/hard\libm.a(lib_a-e_pow.o)
 .rodata.dp_l   0x0000000008012de8       0x10 c:/st/stm32cubeide_1.3.0/stm32cubeide/plugins/com.st.stm32cube.ide.mcu.externaltools.gnu-tools-for-stm32.7-2018-q2-update.win32_1.5.0.202011040924/tools/bin/../lib/gcc/arm-none-eabi/7.3.1/../../../../arm-none-eabi/lib/thumb/v7e-m/fpv5/hard\libm.a(lib_a-e_pow.o)
 .rodata.npio2_hw
                0x0000000008012df8       0x80 c:/st/stm32cubeide_1.3.0/stm32cubeide/plugins/com.st.stm32cube.ide.mcu.externaltools.gnu-tools-for-stm32.7-2018-q2-update.win32_1.5.0.202011040924/tools/bin/../lib/gcc/arm-none-eabi/7.3.1/../../../../arm-none-eabi/lib/thumb/v7e-m/fpv5/hard\libm.a(lib_a-e_rem_pio2.o)
 .rodata.two_over_pi
                0x0000000008012e78      0x108 c:/st/stm32cubeide_1.3.0/stm32cubeide/plugins/com.st.stm32cube.ide.mcu.externaltools.gnu-tools-for-stm32.7-2018-q2-update.win32_1.5.0.202011040924/tools/bin/../lib/gcc/arm-none-eabi/7.3.1/../../../../arm-none-eabi/lib/thumb/v7e-m/fpv5/hard\libm.a(lib_a-e_rem_pio2.o)
 .rodata.PIo2   0x0000000008012f80       0x40 c:/st/stm32cubeide_1.3.0/stm32cubeide/plugins/com.st.stm32cube.ide.mcu.externaltools.gnu-tools-for-stm32.7-2018-q2-update.win32_1.5.0.202011040924/tools/bin/../lib/gcc/arm-none-eabi/7.3.1/../../../../arm-none-eabi/lib/thumb/v7e-m/fpv5/hard\libm.a(lib_a-k_rem_pio2.o)
 .rodata.init_jk
                0x0000000008012fc0       0x10 c:/st/stm32cubeide_1.3.0/stm32cubeide/plugins/com.st.stm32cube.ide.mcu.externaltools.gnu-tools-for-stm32.7-2018-q2-update.win32_1.5.0.202011040924/tools/bin/../lib/gcc/arm-none-eabi/7.3.1/../../../../arm-none-eabi/lib/thumb/v7e-m/fpv5/hard\libm.a(lib_a-k_rem_pio2.o)
 .rodata.TWO52  0x0000000008012fd0       0x10 c:/st/stm32cubeide_1.3.0/stm32cubeide/plugins/com.st.stm32cube.ide.mcu.externaltools.gnu-tools-for-stm32.7-2018-q2-update.win32_1.5.0.202011040924/tools/bin/../lib/gcc/arm-none-eabi/7.3.1/../../../../arm-none-eabi/lib/thumb/v7e-m/fpv5/hard\libm.a(lib_a-s_rint.o)
                0x0000000008012fe0                . = ALIGN (0x4)

.ARM.extab      0x0000000008012fe0        0x0
                0x0000000008012fe0                . = ALIGN (0x4)
 *(.ARM.extab* .gnu.linkonce.armextab.*)
                0x0000000008012fe0                . = ALIGN (0x4)

.ARM            0x0000000008012fe0        0x8
                0x0000000008012fe0                . = ALIGN (0x4)
                0x0000000008012fe0                __exidx_start = .
 *(.ARM.exidx*)
 .ARM.exidx     0x0000000008012fe0        0x8 c:/st/stm32cubeide_1.3.0/stm32cubeide/plugins/com.st.stm32cube.ide.mcu.externaltools.gnu-tools-for-stm32.7-2018-q2-update.win32_1.5.0.202011040924/tools/bin/../lib/gcc/arm-none-eabi/7.3.1/thumb/v7e-m/fpv5/hard\libgcc.a(_udivmoddi4.o)
                0x0000000008012fe8                __exidx_end = .
                0x0000000008012fe8                . = ALIGN (0x4)

.rel.dyn        0x0000000008012fe8        0x0
 .rel.iplt      0x0000000008012fe8        0x0 c:/st/stm32cubeide_1.3.0/stm32cubeide/plugins/com.st.stm32cube.ide.mcu.externaltools.gnu-tools-for-stm32.7-2018-q2-update.win32_1.5.0.202011040924/tools/bin/../lib/gcc/arm-none-eabi/7.3.1/thumb/v7e-m/fpv5/hard/crtbegin.o

.preinit_array  0x0000000008012fe8        0x0
                0x0000000008012fe8                . = ALIGN (0x4)
                0x0000000008012fe8                PROVIDE (__preinit_array_start = .)
 *(.preinit_array*)
                0x0000000008012fe8                PROVIDE (__preinit_array_end = .)
                0x0000000008012fe8                . = ALIGN (0x4)

.init_array     0x0000000008012fe8        0x4
                0x0000000008012fe8                . = ALIGN (0x4)
                0x0000000008012fe8                PROVIDE (__init_array_start = .)
 *(SORT_BY_NAME(.init_array.*))
 *(.init_array*)
 .init_array    0x0000000008012fe8        0x4 c:/st/stm32cubeide_1.3.0/stm32cubeide/plugins/com.st.stm32cube.ide.mcu.externaltools.gnu-tools-for-stm32.7-2018-q2-update.win32_1.5.0.202011040924/tools/bin/../lib/gcc/arm-none-eabi/7.3.1/thumb/v7e-m/fpv5/hard/crtbegin.o
                0x0000000008012fec                PROVIDE (__init_array_end = .)
                0x0000000008012fec                . = ALIGN (0x4)

.fini_array     0x0000000008012fec        0x4
                0x0000000008012fec                . = ALIGN (0x4)
                [!provide]                        PROVIDE (__fini_array_start = .)
 *(SORT_BY_NAME(.fini_array.*))
 *(.fini_array*)
 .fini_array    0x0000000008012fec        0x4 c:/st/stm32cubeide_1.3.0/stm32cubeide/plugins/com.st.stm32cube.ide.mcu.externaltools.gnu-tools-for-stm32.7-2018-q2-update.win32_1.5.0.202011040924/tools/bin/../lib/gcc/arm-none-eabi/7.3.1/thumb/v7e-m/fpv5/hard/crtbegin.o
                [!provide]                        PROVIDE (__fini_array_end = .)
                0x0000000008012ff0                . = ALIGN (0x4)
                0x0000000008012ff0                _sidata = LOADADDR (.data)

.data           0x0000000024000000      0x3d8 load address 0x0000000008012ff0
                0x0000000024000000                . = ALIGN (0x4)
                0x0000000024000000                _sdata = .
 *(.data)
 *(.data*)
 .data.pNames   0x0000000024000000       0xe0 Core/Src/SDR_func.o
 .data.gain.14301
                0x00000000240000e0        0x4 Core/Src/SDR_math.o
 .data.oldfreq.14295
                0x00000000240000e4        0x4 Core/Src/SDR_math.o
 .data.pk.14394
                0x00000000240000e8        0x4 Core/Src/SDR_math.o
 .data.pk.14407
                0x00000000240000ec        0x4 Core/Src/SDR_math.o
 .data.ym1i.14296
                0x00000000240000f0        0x4 Core/Src/SDR_math.o
 .data.FIRcoefs
                0x00000000240000f4      0x100 Core/Src/main.o
                0x00000000240000f4                FIRcoefs
 .data.SystemCoreClock
                0x00000000240001f4        0x4 Core/Src/system_stm32h7xx.o
                0x00000000240001f4                SystemCoreClock
 .data.SystemD2Clock
                0x00000000240001f8        0x4 Core/Src/system_stm32h7xx.o
                0x00000000240001f8                SystemD2Clock
 .data.uwTickFreq
                0x00000000240001fc        0x1 Drivers/STM32H7xx_HAL_Driver/Src/stm32h7xx_hal.o
                0x00000000240001fc                uwTickFreq
 *fill*         0x00000000240001fd        0x3 
 .data.uwTickPrio
                0x0000000024000200        0x4 Drivers/STM32H7xx_HAL_Driver/Src/stm32h7xx_hal.o
                0x0000000024000200                uwTickPrio
 .data._impure_ptr
                0x0000000024000204        0x4 c:/st/stm32cubeide_1.3.0/stm32cubeide/plugins/com.st.stm32cube.ide.mcu.externaltools.gnu-tools-for-stm32.7-2018-q2-update.win32_1.5.0.202011040924/tools/bin/../lib/gcc/arm-none-eabi/7.3.1/../../../../arm-none-eabi/lib/thumb/v7e-m/fpv5/hard\libc_nano.a(lib_a-impure.o)
                0x0000000024000204                _impure_ptr
 .data.impure_data
                0x0000000024000208       0x60 c:/st/stm32cubeide_1.3.0/stm32cubeide/plugins/com.st.stm32cube.ide.mcu.externaltools.gnu-tools-for-stm32.7-2018-q2-update.win32_1.5.0.202011040924/tools/bin/../lib/gcc/arm-none-eabi/7.3.1/../../../../arm-none-eabi/lib/thumb/v7e-m/fpv5/hard\libc_nano.a(lib_a-impure.o)
 .data.__global_locale
                0x0000000024000268      0x16c c:/st/stm32cubeide_1.3.0/stm32cubeide/plugins/com.st.stm32cube.ide.mcu.externaltools.gnu-tools-for-stm32.7-2018-q2-update.win32_1.5.0.202011040924/tools/bin/../lib/gcc/arm-none-eabi/7.3.1/../../../../arm-none-eabi/lib/thumb/v7e-m/fpv5/hard\libc_nano.a(lib_a-locale.o)
                0x0000000024000268                __global_locale
 .data.__fdlib_version
                0x00000000240003d4        0x1 c:/st/stm32cubeide_1.3.0/stm32cubeide/plugins/com.st.stm32cube.ide.mcu.externaltools.gnu-tools-for-stm32.7-2018-q2-update.win32_1.5.0.202011040924/tools/bin/../lib/gcc/arm-none-eabi/7.3.1/../../../../arm-none-eabi/lib/thumb/v7e-m/fpv5/hard\libm.a(lib_a-s_lib_ver.o)
                0x00000000240003d4                __fdlib_version
 *(.RamFunc)
 *(.RamFunc*)
                0x00000000240003d8                . = ALIGN (0x4)
 *fill*         0x00000000240003d5        0x3 
                0x00000000240003d8                _edata = .

.igot.plt       0x00000000240003d8        0x0 load address 0x00000000080133c8
 .igot.plt      0x00000000240003d8        0x0 c:/st/stm32cubeide_1.3.0/stm32cubeide/plugins/com.st.stm32cube.ide.mcu.externaltools.gnu-tools-for-stm32.7-2018-q2-update.win32_1.5.0.202011040924/tools/bin/../lib/gcc/arm-none-eabi/7.3.1/thumb/v7e-m/fpv5/hard/crtbegin.o
                0x00000000240003d8                . = ALIGN (0x4)

.bss            0x00000000240003e0     0xd288 load address 0x00000000080133c8
                0x00000000240003e0                _sbss = .
                0x00000000240003e0                __bss_start__ = _sbss
 *(.bss)
 .bss           0x00000000240003e0       0x1c c:/st/stm32cubeide_1.3.0/stm32cubeide/plugins/com.st.stm32cube.ide.mcu.externaltools.gnu-tools-for-stm32.7-2018-q2-update.win32_1.5.0.202011040924/tools/bin/../lib/gcc/arm-none-eabi/7.3.1/thumb/v7e-m/fpv5/hard/crtbegin.o
 *(.bss*)
 .bss.idx.14447
                0x00000000240003fc        0x2 Core/Src/SDR_func.o
 *fill*         0x00000000240003fe        0x2 
 .bss.inE1Iold.14469
                0x0000000024000400        0x4 Core/Src/SDR_func.o
 .bss.inE1Rold.14467
                0x0000000024000404        0x4 Core/Src/SDR_func.o
 .bss.inE2Iold.14470
                0x0000000024000408        0x4 Core/Src/SDR_func.o
 .bss.inE2Rold.14468
                0x000000002400040c        0x4 Core/Src/SDR_func.o
 .bss.inE3Iold.14480
                0x0000000024000410        0x4 Core/Src/SDR_func.o
 .bss.inE3Rold.14479
                0x0000000024000414        0x4 Core/Src/SDR_func.o
 .bss.inE4Iold.14486
                0x0000000024000418        0x4 Core/Src/SDR_func.o
 .bss.inE4Rold.14485
                0x000000002400041c        0x4 Core/Src/SDR_func.o
 .bss.inE5Iold.14492
                0x0000000024000420        0x4 Core/Src/SDR_func.o
 .bss.inE5Rold.14491
                0x0000000024000424        0x4 Core/Src/SDR_func.o
 .bss.inE6Iold.14498
                0x0000000024000428        0x4 Core/Src/SDR_func.o
 .bss.inE6Rold.14497
                0x000000002400042c        0x4 Core/Src/SDR_func.o
 .bss.inO1Iold.14473
                0x0000000024000430        0x4 Core/Src/SDR_func.o
 .bss.inO1Iold2.14476
                0x0000000024000434        0x4 Core/Src/SDR_func.o
 .bss.inO1Rold.14471
                0x0000000024000438        0x4 Core/Src/SDR_func.o
 .bss.inO1Rold2.14475
                0x000000002400043c        0x4 Core/Src/SDR_func.o
 .bss.inO2Iold.14474
                0x0000000024000440        0x4 Core/Src/SDR_func.o
 .bss.inO2Iold2.14478
                0x0000000024000444        0x4 Core/Src/SDR_func.o
 .bss.inO2Rold.14472
                0x0000000024000448        0x4 Core/Src/SDR_func.o
 .bss.inO2Rold2.14477
                0x000000002400044c        0x4 Core/Src/SDR_func.o
 .bss.inO3Iold.14482
                0x0000000024000450        0x4 Core/Src/SDR_func.o
 .bss.inO3Iold2.14484
                0x0000000024000454        0x4 Core/Src/SDR_func.o
 .bss.inO3Rold.14481
                0x0000000024000458        0x4 Core/Src/SDR_func.o
 .bss.inO3Rold2.14483
                0x000000002400045c        0x4 Core/Src/SDR_func.o
 .bss.inO4Iold.14490
                0x0000000024000460        0x4 Core/Src/SDR_func.o
 .bss.inO4Iold2.14488
                0x0000000024000464        0x4 Core/Src/SDR_func.o
 .bss.inO4Rold.14489
                0x0000000024000468        0x4 Core/Src/SDR_func.o
 .bss.inO4Rold2.14487
                0x000000002400046c        0x4 Core/Src/SDR_func.o
 .bss.inO5Iold.14496
                0x0000000024000470        0x4 Core/Src/SDR_func.o
 .bss.inO5Iold2.14494
                0x0000000024000474        0x4 Core/Src/SDR_func.o
 .bss.inO5Rold.14495
                0x0000000024000478        0x4 Core/Src/SDR_func.o
 .bss.inO5Rold2.14493
                0x000000002400047c        0x4 Core/Src/SDR_func.o
 .bss.inO6Iold.14502
                0x0000000024000480        0x4 Core/Src/SDR_func.o
 .bss.inO6Iold2.14500